============================= test session starts =============================
platform win32 -- Python 3.11.6, pytest-8.3.3, pluggy-1.6.0 -- C:\gmao - copia\.venv\Scripts\python.exe
cachedir: .pytest_cache
rootdir: C:\gmao - copia
configfile: pytest.ini
testpaths: tests
plugins: anyio-4.11.0, langsmith-0.4.31, cov-5.0.0, flask-1.3.0, mock-3.14.0
collecting ... collected 243 items

tests/test_controllers/test_estadisticas_success_light.py::test_dashboard_estadisticas_controller_success PASSED [  0%]
tests/test_controllers/test_estadisticas_success_light.py::test_planes_controller_obtener_estadisticas_keys PASSED [  0%]
tests/test_controllers/test_estadisticas_success_light.py::test_ordenes_controller_obtener_estadisticas_keys PASSED [  1%]
tests/test_controllers/test_estadisticas_success_light.py::test_inventario_controller_obtener_estadisticas_keys PASSED [  1%]
tests/test_controllers/test_inventario_controller.py::test_get_inventario_api_authenticated PASSED [  2%]
tests/test_controllers/test_inventario_controller.py::test_get_inventario_api_unauthenticated PASSED [  2%]
tests/test_controllers/test_inventario_controller.py::test_inventario_page_authenticated PASSED [  2%]
tests/test_controllers/test_inventario_controller.py::test_crear_item_inventario_authenticated PASSED [  3%]
tests/test_controllers/test_inventario_controller.py::test_crear_item_inventario_invalid_data PASSED [  3%]
tests/test_controllers/test_inventario_controller.py::test_buscar_inventario_authenticated PASSED [  4%]
tests/test_controllers/test_inventario_controller.py::test_buscar_inventario_malicious_input PASSED [  4%]
tests/test_controllers/test_inventario_controller.py::test_actualizar_item_inventario_authenticated PASSED [  4%]
tests/test_controllers/test_inventario_controller.py::test_eliminar_item_inventario_authenticated PASSED [  5%]
tests/test_controllers/test_ordenes_controller.py::test_get_ordenes_api_authenticated PASSED [  5%]
tests/test_controllers/test_ordenes_controller.py::test_get_ordenes_api_unauthenticated PASSED [  6%]
tests/test_controllers/test_ordenes_controller.py::test_ordenes_page_authenticated PASSED [  6%]
tests/test_controllers/test_ordenes_controller.py::test_crear_orden_authenticated ERROR [  6%]
tests/test_controllers/test_ordenes_controller.py::test_crear_orden_invalid_data ERROR [  7%]
tests/test_controllers/test_ordenes_controller.py::test_buscar_ordenes_authenticated ERROR [  7%]
tests/test_controllers/test_ordenes_controller.py::test_buscar_ordenes_malicious_input ERROR [  8%]
tests/test_controllers/test_ordenes_controller.py::test_actualizar_orden_authenticated ERROR [  8%]
tests/test_controllers/test_ordenes_controller.py::test_eliminar_orden_authenticated ERROR [  9%]
tests/test_controllers/test_ordenes_controller.py::test_get_orden_by_id_authenticated ERROR [  9%]
tests/test_controllers/test_ordenes_controller.py::test_cambiar_estado_orden_authenticated ERROR [  9%]
tests/test_controllers/test_ordenes_controller.py::test_asignar_orden_authenticated ERROR [ 10%]
tests/test_controllers/test_usuarios_controller.py::test_get_usuarios_api_authenticated ERROR [ 10%]
tests/test_controllers/test_usuarios_controller.py::test_get_usuarios_api_unauthenticated PASSED [ 11%]
tests/test_controllers/test_usuarios_controller.py::test_login_json_invalid_credentials FAILED [ 11%]
tests/test_controllers/test_usuarios_controller.py::test_login_form_invalid_credentials FAILED [ 11%]
tests/test_controllers/test_usuarios_controller.py::test_login_missing_fields FAILED [ 12%]
tests/test_controllers/test_usuarios_controller.py::test_login_empty_fields FAILED [ 12%]
tests/test_controllers/test_usuarios_controller.py::test_usuarios_page_authenticated ERROR [ 13%]
tests/test_controllers/test_usuarios_controller.py::test_crear_usuario_authenticated ERROR [ 13%]
tests/test_controllers/test_usuarios_controller.py::test_crear_usuario_invalid_data ERROR [ 13%]
tests/test_factory.py::TestFactory::test_create_app_default PASSED       [ 14%]
tests/test_factory.py::TestFactory::test_create_app_testing_config PASSED [ 14%]
tests/test_factory.py::TestFactory::test_database_extension_initialized PASSED [ 15%]
tests/test_factory.py::TestFactory::test_blueprints_registered PASSED    [ 15%]
tests/test_factory.py::TestFactory::test_template_filters_registered PASSED [ 16%]
tests/test_factory.py::TestFactory::test_error_handlers_registered PASSED [ 16%]
tests/test_factory.py::TestFactory::test_static_folder_configured PASSED [ 16%]
tests/test_factory.py::TestFactory::test_template_folder_configured PASSED [ 17%]
tests/test_factory.py::TestFactory::test_csrf_disabled_in_testing PASSED [ 17%]
tests/test_factory.py::TestFactory::test_sqlalchemy_track_modifications_disabled PASSED [ 18%]
tests/test_factory.py::TestFactory::test_app_context_works PASSED        [ 18%]
tests/test_factory.py::TestFactory::test_request_context_works PASSED    [ 18%]
tests/test_models/test_activo.py::TestActivoModel::test_crear_activo_basico PASSED [ 19%]
tests/test_models/test_activo.py::TestActivoModel::test_activo_con_todos_los_campos PASSED [ 19%]
tests/test_models/test_activo.py::TestActivoModel::test_activo_activo_vs_inactivo PASSED [ 20%]
tests/test_models/test_activo.py::TestActivoModel::test_relacion_con_ordenes_trabajo PASSED [ 20%]
tests/test_models/test_activo.py::TestActivoModel::test_codigo_unico PASSED [ 20%]
tests/test_models/test_activo.py::TestActivoModel::test_estados_validos PASSED [ 21%]
tests/test_models/test_activo.py::TestActivoModel::test_prioridades_validas PASSED [ 21%]
tests/test_models/test_activo_model.py::test_activo_get_departamentos PASSED [ 22%]
tests/test_models/test_activo_model.py::test_activo_validar_codigo_valid PASSED [ 22%]
tests/test_models/test_activo_model.py::test_activo_validar_codigo_invalid PASSED [ 23%]
tests/test_models/test_activo_model.py::test_activo_creation PASSED      [ 23%]
tests/test_models/test_activo_model.py::test_activo_str_representation PASSED [ 23%]
tests/test_models/test_activo_model.py::test_activo_departamentos_contains_expected_values PASSED [ 24%]
tests/test_models/test_inventario.py::TestInventarioModel::test_crear_item_inventario PASSED [ 24%]
tests/test_models/test_inventario.py::TestInventarioModel::test_alerta_stock_minimo PASSED [ 25%]
tests/test_models/test_inventario.py::TestInventarioModel::test_actualizar_cantidad PASSED [ 25%]
tests/test_models/test_inventario.py::TestInventarioModel::test_categorias_inventario PASSED [ 25%]
tests/test_models/test_inventario.py::TestInventarioModel::test_unidades_medida PASSED [ 26%]
tests/test_models/test_inventario.py::TestInventarioModel::test_codigo_unico PASSED [ 26%]
tests/test_models/test_inventario.py::TestInventarioModel::test_precio_opcional PASSED [ 27%]
tests/test_models/test_orden_trabajo.py::TestOrdenTrabajoModel::test_crear_orden_basica PASSED [ 27%]
tests/test_models/test_orden_trabajo.py::TestOrdenTrabajoModel::test_orden_con_plan_mantenimiento PASSED [ 27%]
tests/test_models/test_orden_trabajo.py::TestOrdenTrabajoModel::test_relacion_backref_ordenes_generadas PASSED [ 28%]
tests/test_models/test_orden_trabajo.py::TestOrdenTrabajoModel::test_orden_sin_plan PASSED [ 28%]
tests/test_models/test_orden_trabajo.py::TestOrdenTrabajoModel::test_cambiar_estado_orden PASSED [ 29%]
tests/test_models/test_orden_trabajo.py::TestOrdenTrabajoModel::test_relacion_con_activo PASSED [ 29%]
tests/test_models/test_orden_trabajo.py::TestOrdenTrabajoModel::test_relacion_con_tecnico PASSED [ 30%]
tests/test_models/test_usuario_model.py::test_usuario_creation PASSED    [ 30%]
tests/test_models/test_usuario_model.py::test_usuario_str_representation PASSED [ 30%]
tests/test_models/test_usuario_model.py::test_usuario_password_hashing PASSED [ 31%]
tests/test_models/test_usuario_model.py::test_usuario_roles PASSED       [ 31%]
tests/test_models/test_usuario_model.py::test_usuario_email_validation PASSED [ 32%]
tests/test_models/test_usuario_model.py::test_usuario_is_authenticated PASSED [ 32%]
tests/test_routes/test_activos_security.py::test_get_activos_q_valido PASSED [ 32%]
tests/test_routes/test_activos_security.py::test_get_activos_busqueda_valida PASSED [ 33%]
tests/test_routes/test_activos_security.py::test_get_activos_malicioso_retorna_400[q-<script>alert('x')</script>] PASSED [ 33%]
tests/test_routes/test_activos_security.py::test_get_activos_malicioso_retorna_400[busqueda-union select * from usuarios] PASSED [ 34%]
tests/test_routes/test_activos_security.py::test_get_activos_malicioso_retorna_400[departamento-Producci\xf3n; DROP TABLE activos; --] PASSED [ 34%]
tests/test_routes/test_activos_security.py::test_get_activos_malicioso_retorna_400[tipo-Compresor/*x*/] PASSED [ 34%]
tests/test_routes/test_activos_security.py::test_post_activos_payload_seguro PASSED [ 35%]
tests/test_routes/test_activos_security.py::test_post_activos_payload_malicioso_400[nombre-<script>alert('XSS')</script>] PASSED [ 35%]
tests/test_routes/test_activos_security.py::test_post_activos_payload_malicioso_400[descripcion-onerror=alert('x')] PASSED [ 36%]
tests/test_routes/test_activos_security.py::test_post_activos_payload_malicioso_400[ubicacion-javascript:alert(1)] PASSED [ 36%]
tests/test_routes/test_activos_security.py::test_post_activos_payload_malicioso_400[fabricante-UNION SELECT] ERROR [ 37%]
tests/test_routes/test_activos_security.py::test_sanitizer_unit PASSED   [ 37%]
tests/test_routes/test_activos_smoke.py::test_get_departamentos_authenticated ERROR [ 37%]
tests/test_routes/test_activos_smoke.py::test_get_siguiente_codigo_authenticated ERROR [ 38%]
tests/test_routes/test_activos_smoke.py::test_descargar_manual_public PASSED [ 38%]
tests/test_routes/test_auth_protected_endpoints.py::test_protected_endpoints_require_auth[/ordenes/estadisticas] PASSED [ 39%]
tests/test_routes/test_auth_protected_endpoints.py::test_protected_endpoints_require_auth[/ordenes/activos] PASSED [ 39%]
tests/test_routes/test_auth_protected_endpoints.py::test_protected_endpoints_require_auth[/ordenes/tecnicos] PASSED [ 39%]
tests/test_routes/test_auth_protected_endpoints.py::test_protected_endpoints_require_auth[/activos/api/estadisticas] PASSED [ 40%]
tests/test_routes/test_auth_protected_endpoints.py::test_protected_endpoints_require_auth[/inventario/api/estadisticas] PASSED [ 40%]
tests/test_routes/test_auth_protected_endpoints.py::test_protected_endpoints_require_auth[/planes/api/estadisticas] PASSED [ 41%]
tests/test_routes/test_auth_protected_endpoints.py::test_protected_endpoints_require_auth[/proveedores/api/estadisticas] PASSED [ 41%]
tests/test_routes/test_auth_protected_endpoints.py::test_categorias_estadisticas_public_ok_or_missing PASSED [ 41%]
tests/test_routes/test_calendario_estadisticas_mes.py::test_calendario_estadisticas_mes_success ERROR [ 42%]
tests/test_routes/test_core_endpoints_smoke.py::test_activos_api_authenticated ERROR [ 42%]
tests/test_routes/test_core_endpoints_smoke.py::test_inventario_api_authenticated ERROR [ 43%]
tests/test_routes/test_core_endpoints_smoke.py::test_proveedores_api_authenticated ERROR [ 43%]
tests/test_routes/test_cron_routes.py::TestCronRoutes::test_generar_ordenes_preventivas_desarrollo PASSED [ 44%]
tests/test_routes/test_cron_routes.py::TestCronRoutes::test_generar_ordenes_seguridad_produccion PASSED [ 44%]
tests/test_routes/test_cron_routes.py::TestCronRoutes::test_verificar_alertas PASSED [ 44%]
tests/test_routes/test_cron_routes.py::TestCronRoutes::test_endpoint_test_cron PASSED [ 45%]
tests/test_routes/test_cron_routes.py::TestCronRoutes::test_crear_orden_actualiza_plan PASSED [ 45%]
tests/test_routes/test_cron_routes.py::TestCronRoutes::test_generar_multiples_ordenes PASSED [ 46%]
tests/test_routes/test_cron_routes.py::TestCronRoutes::test_verificar_alertas_seguridad PASSED [ 46%]
tests/test_routes/test_cron_routes.py::TestCronRoutes::test_test_cron_solo_desarrollo PASSED [ 46%]
tests/test_routes/test_estadisticas_controllers.py::test_dashboard_estadisticas_error_fallback_authenticated ERROR [ 47%]
tests/test_routes/test_estadisticas_controllers.py::test_ordenes_estadisticas_error_returns_500 ERROR [ 47%]
tests/test_routes/test_estadisticas_controllers.py::test_planes_estadisticas_success_structure ERROR [ 48%]
tests/test_routes/test_estadisticas_controllers.py::test_planes_estadisticas_error_returns_500 ERROR [ 48%]
tests/test_routes/test_estadisticas_controllers.py::test_inventario_estadisticas_error_returns_500 ERROR [ 48%]
tests/test_routes/test_estadisticas_controllers.py::test_activos_estadisticas_error_returns_500 ERROR [ 49%]
tests/test_routes/test_estadisticas_controllers.py::test_proveedores_estadisticas_error_returns_500 ERROR [ 49%]
tests/test_routes/test_estadisticas_dashboard_routes_fallback.py::test_dashboard_estadisticas_fallback_on_error ERROR [ 50%]
tests/test_routes/test_estadisticas_dashboard_routes_fallback.py::test_dashboard_estadisticas_success_min_structure ERROR [ 50%]
tests/test_routes/test_estadisticas_routes.py::test_dashboard_estadisticas_requires_auth PASSED [ 51%]
tests/test_routes/test_estadisticas_routes.py::test_dashboard_estadisticas_authenticated ERROR [ 51%]
tests/test_routes/test_estadisticas_routes.py::test_planes_estadisticas_requires_auth PASSED [ 51%]
tests/test_routes/test_estadisticas_smoke.py::test_activos_estadisticas_authenticated ERROR [ 52%]
tests/test_routes/test_estadisticas_smoke.py::test_inventario_estadisticas_authenticated ERROR [ 52%]
tests/test_routes/test_estadisticas_smoke.py::test_planes_estadisticas_authenticated ERROR [ 53%]
tests/test_routes/test_estadisticas_smoke.py::test_proveedores_estadisticas_authenticated ERROR [ 53%]
tests/test_routes/test_estadisticas_success_routes.py::test_activos_estadisticas_success_structure ERROR [ 53%]
tests/test_routes/test_estadisticas_success_routes.py::test_proveedores_estadisticas_success_structure ERROR [ 54%]
tests/test_routes/test_inventario_smoke.py::test_inventario_list_alias_authenticated ERROR [ 54%]
tests/test_routes/test_inventario_smoke.py::test_inventario_articulos_authenticated ERROR [ 55%]
tests/test_routes/test_inventario_smoke.py::test_inventario_conteos_authenticated ERROR [ 55%]
tests/test_routes/test_inventario_smoke.py::test_inventario_conteos_resumen_authenticated ERROR [ 55%]
tests/test_routes/test_inventario_smoke.py::test_inventario_periodos_authenticated ERROR [ 56%]
tests/test_routes/test_login_logout_flow_light.py::test_login_get_authenticated_redirects ERROR [ 56%]
tests/test_routes/test_login_logout_flow_light.py::test_logout_requires_auth PASSED [ 57%]
tests/test_routes/test_login_logout_flow_light.py::test_logout_authenticated_redirects_to_login ERROR [ 57%]
tests/test_routes/test_ordenes_basic.py::test_ordenes_page_requires_auth PASSED [ 58%]
tests/test_routes/test_ordenes_basic.py::test_ordenes_page_authenticated_ok ERROR [ 58%]
tests/test_routes/test_ordenes_basic.py::test_listar_ordenes_api_basic ERROR [ 58%]
tests/test_routes/test_ordenes_basic.py::test_listar_ordenes_api_paginado ERROR [ 59%]
tests/test_routes/test_ordenes_basic.py::test_crear_actualizar_eliminar_orden_flow ERROR [ 59%]
tests/test_routes/test_ordenes_basic.py::test_actualizar_estado_invalido ERROR [ 60%]
tests/test_routes/test_ordenes_endpoints_smoke.py::test_get_activos_authenticated ERROR [ 60%]
tests/test_routes/test_ordenes_endpoints_smoke.py::test_get_tecnicos_authenticated ERROR [ 60%]
tests/test_routes/test_ordenes_endpoints_smoke.py::test_get_estadisticas_authenticated ERROR [ 61%]
tests/test_routes/test_ordenes_endpoints_smoke.py::test_exportar_csv_authenticated ERROR [ 61%]
tests/test_routes/test_ordenes_exports_files.py::test_exportar_csv ERROR [ 62%]
tests/test_routes/test_ordenes_exports_files.py::test_estadisticas_ordenes ERROR [ 62%]
tests/test_routes/test_ordenes_exports_files.py::test_listar_archivos_orden_vacio ERROR [ 62%]
tests/test_routes/test_ordenes_exports_files.py::test_agregar_enlace_sin_url ERROR [ 63%]
tests/test_routes/test_ordenes_extra_smoke.py::test_get_activos_authenticated ERROR [ 63%]
tests/test_routes/test_ordenes_extra_smoke.py::test_get_tecnicos_authenticated ERROR [ 64%]
tests/test_routes/test_ordenes_extra_smoke.py::test_listar_ordenes_paginado_authenticated ERROR [ 64%]
tests/test_routes/test_ordenes_list_filters.py::test_listar_ordenes_paginado_authenticated ERROR [ 65%]
tests/test_routes/test_ordenes_list_filters.py::test_listar_ordenes_limit_authenticated ERROR [ 65%]
tests/test_routes/test_ordenes_more.py::test_listar_ordenes_con_filtros ERROR [ 65%]
tests/test_routes/test_ordenes_more.py::test_obtener_orden_404 ERROR     [ 66%]
tests/test_routes/test_ordenes_more.py::test_actualizar_orden_campos_requeridos ERROR [ 66%]
tests/test_routes/test_ordenes_more.py::test_actualizar_orden_fecha_programada_invalida ERROR [ 67%]
tests/test_routes/test_ordenes_validations.py::test_crear_orden_missing_tipo_returns_400 ERROR [ 67%]
tests/test_routes/test_ordenes_validations.py::test_crear_orden_missing_prioridad_returns_400 ERROR [ 67%]
tests/test_routes/test_ordenes_validations.py::test_crear_orden_missing_descripcion_returns_400 ERROR [ 68%]
tests/test_routes/test_ordenes_validations.py::test_actualizar_estado_missing_returns_400 ERROR [ 68%]
tests/test_routes/test_ordenes_validations.py::test_eliminar_orden_completada_returns_400 ERROR [ 69%]
tests/test_routes/test_pages_smoke.py::test_ordenes_page ERROR           [ 69%]
tests/test_routes/test_pages_smoke.py::test_usuarios_page ERROR          [ 69%]
tests/test_routes/test_pages_smoke.py::test_proveedores_page ERROR       [ 70%]
tests/test_routes/test_pages_smoke.py::test_recambios_page ERROR         [ 70%]
tests/test_routes/test_pages_smoke.py::test_planes_page ERROR            [ 71%]
tests/test_routes/test_planes_smoke.py::test_planes_api_list_authenticated ERROR [ 71%]
tests/test_routes/test_planes_smoke.py::test_plan_individual_not_found_or_ok ERROR [ 72%]
tests/test_routes/test_planes_smoke.py::test_generar_ordenes_post_authenticated ERROR [ 72%]
tests/test_routes/test_planes_smoke.py::test_generar_ordenes_manual_authenticated ERROR [ 72%]
tests/test_routes/test_proveedores_smoke.py::test_validar_nif_public PASSED [ 73%]
tests/test_routes/test_proveedores_smoke.py::test_toggle_proveedor_authenticated ERROR [ 73%]
tests/test_routes/test_solicitudes_admin_estadisticas.py::test_solicitudes_admin_estadisticas_forbidden_non_admin FAILED [ 74%]
tests/test_routes/test_solicitudes_admin_estadisticas.py::test_solicitudes_admin_estadisticas_admin_ok ERROR [ 74%]
tests/test_routes/test_stats_error_paths.py::test_activos_estadisticas_error_returns_500 ERROR [ 74%]
tests/test_routes/test_stats_error_paths.py::test_inventario_estadisticas_error_returns_500 ERROR [ 75%]
tests/test_routes/test_usuarios_filters.py::test_usuarios_api_filters_authenticated ERROR [ 75%]
tests/test_routes/test_usuarios_login.py::test_login_page_accessible FAILED [ 76%]
tests/test_routes/test_usuarios_login.py::test_login_invalid_payload_returns_400 FAILED [ 76%]
tests/test_routes/test_usuarios_login.py::test_login_valid_returns_success ERROR [ 76%]
tests/test_routes/test_usuarios_login.py::test_usuarios_protected_requires_auth PASSED [ 77%]
tests/test_routes/test_usuarios_login.py::test_usuarios_page_after_login ERROR [ 77%]
tests/test_routes/test_usuarios_login.py::test_usuarios_api_authenticated ERROR [ 78%]
tests/test_routes/test_usuarios_smoke.py::test_usuarios_list_authenticated ERROR [ 78%]
tests/test_routes/test_usuarios_smoke.py::test_usuarios_list_query_authenticated ERROR [ 79%]
tests/test_routes/test_usuarios_smoke.py::test_usuarios_roles_authenticated ERROR [ 79%]
tests/test_routes/test_usuarios_smoke.py::test_usuario_detalle_authenticated ERROR [ 79%]
tests/test_routes/test_web_basic.py::test_index_redirects_unauthenticated PASSED [ 80%]
tests/test_routes/test_web_basic.py::test_index_redirects_to_dashboard_authenticated ERROR [ 80%]
tests/test_routes/test_web_basic.py::test_get_notificaciones_authenticated ERROR [ 81%]
tests/test_routes/test_web_basic.py::test_health_check PASSED            [ 81%]
tests/test_routes/test_web_basic.py::test_dashboard_requires_auth PASSED [ 81%]
tests/test_routes/test_web_basic.py::test_dashboard_with_auth ERROR      [ 82%]
tests/test_routes/test_web_basic.py::test_login_page_get FAILED          [ 82%]
tests/test_routes/test_web_basic.py::test_logout_endpoint ERROR          [ 83%]
tests/test_routes/test_web_basic.py::test_activos_page_requires_auth PASSED [ 83%]
tests/test_routes/test_web_basic.py::test_ordenes_page_requires_auth PASSED [ 83%]
tests/test_routes/test_web_basic.py::test_usuarios_page_requires_auth PASSED [ 84%]
tests/test_routes/test_web_basic.py::test_inventario_page_requires_auth PASSED [ 84%]
tests/test_routes/test_web_basic.py::test_estadisticas_page_requires_auth PASSED [ 85%]
tests/test_routes/test_web_health_errors.py::test_health_unhealthy_on_db_error PASSED [ 85%]
tests/test_routes/test_web_smoke.py::test_health_public PASSED           [ 86%]
tests/test_routes/test_web_smoke.py::test_index_redirect_authenticated ERROR [ 86%]
tests/test_routes/test_web_smoke.py::test_dashboard_authenticated ERROR  [ 86%]
tests/test_routes/test_web_smoke.py::test_user_info_authenticated ERROR  [ 87%]
tests/test_routes/test_web_views_smoke.py::test_web_views_smoke[/test-notificaciones] PASSED [ 87%]
tests/test_routes/test_web_views_smoke.py::test_web_views_smoke[/alertas-test] PASSED [ 88%]
tests/test_routes/test_web_views_smoke.py::test_web_views_smoke[/test-modales] PASSED [ 88%]
tests/test_security.py::test_csrf_protection_enabled PASSED              [ 88%]
tests/test_security.py::test_session_cookie_secure_in_production PASSED  [ 89%]
tests/test_security.py::test_session_cookie_insecure_in_development PASSED [ 89%]
tests/test_security.py::test_secret_key_not_default PASSED               [ 90%]
tests/test_security.py::test_rate_limiting_configured PASSED             [ 90%]
tests/test_security.py::test_login_rate_limiting PASSED                  [ 90%]
tests/test_security.py::test_sql_injection_protection PASSED             [ 91%]
tests/test_security.py::test_xss_protection PASSED                       [ 91%]
tests/test_security.py::test_unauthorized_access_blocked PASSED          [ 92%]
tests/test_security.py::test_password_hashing PASSED                     [ 92%]
tests/test_security.py::test_no_sensitive_data_in_logs PASSED            [ 93%]
tests/test_security.py::test_headers_security PASSED                     [ 93%]
tests/test_utils/test_email_utils.py::test_enviar_email_missing_config_raises PASSED [ 93%]
tests/test_utils/test_email_utils.py::test_enviar_email_success_with_fake_smtp PASSED [ 94%]
tests/test_utils/test_email_utils.py::test_contenido_texto_fallback PASSED [ 94%]
tests/test_utils/test_secrets.py::test_secrets_module_import PASSED      [ 95%]
tests/test_utils/test_secrets.py::test_generate_secret_key SKIPPED (...) [ 95%]
tests/test_utils/test_secrets.py::test_hash_password SKIPPED (hash_p...) [ 95%]
tests/test_utils/test_secrets.py::test_verify_password SKIPPED (veri...) [ 96%]
tests/test_utils/test_secrets.py::test_generate_token SKIPPED (gener...) [ 96%]
tests/test_utils/test_secrets.py::test_validate_token SKIPPED (valid...) [ 97%]
tests/test_utils/test_secrets.py::test_environment_variables PASSED      [ 97%]
tests/test_utils/test_storage.py::test_upload_and_list_local PASSED      [ 97%]
tests/test_utils/test_storage.py::test_upload_too_large_is_rejected PASSED [ 98%]
tests/test_utils/test_storage.py::test_list_files_with_prefix_and_uploads_paths PASSED [ 98%]
tests/test_utils/test_storage.py::test_gcs_branches_with_doubles FAILED  [ 99%]
tests/test_utils/test_storage.py::test_gcs_client_failure PASSED         [ 99%]
tests/test_utils/test_storage.py::test_gcs_blob_missing PASSED           [100%]

=================================== ERRORS ====================================
______________ ERROR at setup of test_crear_orden_authenticated _______________

app = <Flask 'app.factory'>, client = <FlaskClient <Flask 'app.factory'>>

    @pytest.fixture(scope="function")
    def authenticated_client(app, client):
        """Cliente con sesi¾n autenticada para pruebas de seguridad."""
        # Crear usuario admin si no existe
        with app.app_context():
            admin = Usuario.query.filter_by(username="admin").first()
            if not admin:
                admin = Usuario(
                    username="admin",
                    email="admin@example.com",
                    nombre="Administrador",
                    rol="Administrador",
                    activo=True,
                )
                admin.set_password("admin123")
                db.session.add(admin)
                db.session.commit()
    
        # Iniciar sesi¾n usando el endpoint de login JSON sin mantener
        # el contexto del cliente abierto durante toda la prueba.
        resp = client.post(
            "/login",
            json={"username": "admin", "password": "admin123"},
            headers={"Content-Type": "application/json"},
        )
>       assert resp.status_code in [200, 302]
E       assert 500 in [200, 302]
E        +  where 500 = <WrapperTestResponse streamed [500 INTERNAL SERVER ERROR]>.status_code

tests\conftest.py:96: AssertionError
----------------------------- Captured log setup ------------------------------
ERROR    app.factory:factory.py:363 Error inesperado: 429 Too Many Requests: 10 per 1 minute
Traceback (most recent call last):
  File "C:\gmao - copia\.venv\Lib\site-packages\flask\app.py", line 880, in full_dispatch_request
    rv = self.dispatch_request()
         ^^^^^^^^^^^^^^^^^^^^^^^
  File "C:\gmao - copia\.venv\Lib\site-packages\flask\app.py", line 865, in dispatch_request
    return self.ensure_sync(self.view_functions[rule.endpoint])(**view_args)  # type: ignore[no-any-return]
           ^^^^^^^^^^^^^^^^^^^^^^^^^^^^^^^^^^^^^^^^^^^^^^^^^^^^^^^^^^^^^^^^^
  File "C:\gmao - copia\.venv\Lib\site-packages\flask_limiter\extension.py", line 1294, in __inner
    self.limiter._check_request_limit(
  File "C:\gmao - copia\.venv\Lib\site-packages\flask_limiter\extension.py", line 1152, in _check_request_limit
    raise e
  File "C:\gmao - copia\.venv\Lib\site-packages\flask_limiter\extension.py", line 1149, in _check_request_limit
    self.__evaluate_limits(endpoint, all_limits)
  File "C:\gmao - copia\.venv\Lib\site-packages\flask_limiter\extension.py", line 1133, in __evaluate_limits
    raise RateLimitExceeded(
flask_limiter.errors.RateLimitExceeded: 429 Too Many Requests: 10 per 1 minute
_______________ ERROR at setup of test_crear_orden_invalid_data _______________

app = <Flask 'app.factory'>, client = <FlaskClient <Flask 'app.factory'>>

    @pytest.fixture(scope="function")
    def authenticated_client(app, client):
        """Cliente con sesi¾n autenticada para pruebas de seguridad."""
        # Crear usuario admin si no existe
        with app.app_context():
            admin = Usuario.query.filter_by(username="admin").first()
            if not admin:
                admin = Usuario(
                    username="admin",
                    email="admin@example.com",
                    nombre="Administrador",
                    rol="Administrador",
                    activo=True,
                )
                admin.set_password("admin123")
                db.session.add(admin)
                db.session.commit()
    
        # Iniciar sesi¾n usando el endpoint de login JSON sin mantener
        # el contexto del cliente abierto durante toda la prueba.
        resp = client.post(
            "/login",
            json={"username": "admin", "password": "admin123"},
            headers={"Content-Type": "application/json"},
        )
>       assert resp.status_code in [200, 302]
E       assert 500 in [200, 302]
E        +  where 500 = <WrapperTestResponse streamed [500 INTERNAL SERVER ERROR]>.status_code

tests\conftest.py:96: AssertionError
----------------------------- Captured log setup ------------------------------
ERROR    app.factory:factory.py:363 Error inesperado: 429 Too Many Requests: 10 per 1 minute
Traceback (most recent call last):
  File "C:\gmao - copia\.venv\Lib\site-packages\flask\app.py", line 880, in full_dispatch_request
    rv = self.dispatch_request()
         ^^^^^^^^^^^^^^^^^^^^^^^
  File "C:\gmao - copia\.venv\Lib\site-packages\flask\app.py", line 865, in dispatch_request
    return self.ensure_sync(self.view_functions[rule.endpoint])(**view_args)  # type: ignore[no-any-return]
           ^^^^^^^^^^^^^^^^^^^^^^^^^^^^^^^^^^^^^^^^^^^^^^^^^^^^^^^^^^^^^^^^^
  File "C:\gmao - copia\.venv\Lib\site-packages\flask_limiter\extension.py", line 1294, in __inner
    self.limiter._check_request_limit(
  File "C:\gmao - copia\.venv\Lib\site-packages\flask_limiter\extension.py", line 1152, in _check_request_limit
    raise e
  File "C:\gmao - copia\.venv\Lib\site-packages\flask_limiter\extension.py", line 1149, in _check_request_limit
    self.__evaluate_limits(endpoint, all_limits)
  File "C:\gmao - copia\.venv\Lib\site-packages\flask_limiter\extension.py", line 1133, in __evaluate_limits
    raise RateLimitExceeded(
flask_limiter.errors.RateLimitExceeded: 429 Too Many Requests: 10 per 1 minute
_____________ ERROR at setup of test_buscar_ordenes_authenticated _____________

app = <Flask 'app.factory'>, client = <FlaskClient <Flask 'app.factory'>>

    @pytest.fixture(scope="function")
    def authenticated_client(app, client):
        """Cliente con sesi¾n autenticada para pruebas de seguridad."""
        # Crear usuario admin si no existe
        with app.app_context():
            admin = Usuario.query.filter_by(username="admin").first()
            if not admin:
                admin = Usuario(
                    username="admin",
                    email="admin@example.com",
                    nombre="Administrador",
                    rol="Administrador",
                    activo=True,
                )
                admin.set_password("admin123")
                db.session.add(admin)
                db.session.commit()
    
        # Iniciar sesi¾n usando el endpoint de login JSON sin mantener
        # el contexto del cliente abierto durante toda la prueba.
        resp = client.post(
            "/login",
            json={"username": "admin", "password": "admin123"},
            headers={"Content-Type": "application/json"},
        )
>       assert resp.status_code in [200, 302]
E       assert 500 in [200, 302]
E        +  where 500 = <WrapperTestResponse streamed [500 INTERNAL SERVER ERROR]>.status_code

tests\conftest.py:96: AssertionError
----------------------------- Captured log setup ------------------------------
ERROR    app.factory:factory.py:363 Error inesperado: 429 Too Many Requests: 10 per 1 minute
Traceback (most recent call last):
  File "C:\gmao - copia\.venv\Lib\site-packages\flask\app.py", line 880, in full_dispatch_request
    rv = self.dispatch_request()
         ^^^^^^^^^^^^^^^^^^^^^^^
  File "C:\gmao - copia\.venv\Lib\site-packages\flask\app.py", line 865, in dispatch_request
    return self.ensure_sync(self.view_functions[rule.endpoint])(**view_args)  # type: ignore[no-any-return]
           ^^^^^^^^^^^^^^^^^^^^^^^^^^^^^^^^^^^^^^^^^^^^^^^^^^^^^^^^^^^^^^^^^
  File "C:\gmao - copia\.venv\Lib\site-packages\flask_limiter\extension.py", line 1294, in __inner
    self.limiter._check_request_limit(
  File "C:\gmao - copia\.venv\Lib\site-packages\flask_limiter\extension.py", line 1152, in _check_request_limit
    raise e
  File "C:\gmao - copia\.venv\Lib\site-packages\flask_limiter\extension.py", line 1149, in _check_request_limit
    self.__evaluate_limits(endpoint, all_limits)
  File "C:\gmao - copia\.venv\Lib\site-packages\flask_limiter\extension.py", line 1133, in __evaluate_limits
    raise RateLimitExceeded(
flask_limiter.errors.RateLimitExceeded: 429 Too Many Requests: 10 per 1 minute
____________ ERROR at setup of test_buscar_ordenes_malicious_input ____________

app = <Flask 'app.factory'>, client = <FlaskClient <Flask 'app.factory'>>

    @pytest.fixture(scope="function")
    def authenticated_client(app, client):
        """Cliente con sesi¾n autenticada para pruebas de seguridad."""
        # Crear usuario admin si no existe
        with app.app_context():
            admin = Usuario.query.filter_by(username="admin").first()
            if not admin:
                admin = Usuario(
                    username="admin",
                    email="admin@example.com",
                    nombre="Administrador",
                    rol="Administrador",
                    activo=True,
                )
                admin.set_password("admin123")
                db.session.add(admin)
                db.session.commit()
    
        # Iniciar sesi¾n usando el endpoint de login JSON sin mantener
        # el contexto del cliente abierto durante toda la prueba.
        resp = client.post(
            "/login",
            json={"username": "admin", "password": "admin123"},
            headers={"Content-Type": "application/json"},
        )
>       assert resp.status_code in [200, 302]
E       assert 500 in [200, 302]
E        +  where 500 = <WrapperTestResponse streamed [500 INTERNAL SERVER ERROR]>.status_code

tests\conftest.py:96: AssertionError
----------------------------- Captured log setup ------------------------------
ERROR    app.factory:factory.py:363 Error inesperado: 429 Too Many Requests: 10 per 1 minute
Traceback (most recent call last):
  File "C:\gmao - copia\.venv\Lib\site-packages\flask\app.py", line 880, in full_dispatch_request
    rv = self.dispatch_request()
         ^^^^^^^^^^^^^^^^^^^^^^^
  File "C:\gmao - copia\.venv\Lib\site-packages\flask\app.py", line 865, in dispatch_request
    return self.ensure_sync(self.view_functions[rule.endpoint])(**view_args)  # type: ignore[no-any-return]
           ^^^^^^^^^^^^^^^^^^^^^^^^^^^^^^^^^^^^^^^^^^^^^^^^^^^^^^^^^^^^^^^^^
  File "C:\gmao - copia\.venv\Lib\site-packages\flask_limiter\extension.py", line 1294, in __inner
    self.limiter._check_request_limit(
  File "C:\gmao - copia\.venv\Lib\site-packages\flask_limiter\extension.py", line 1152, in _check_request_limit
    raise e
  File "C:\gmao - copia\.venv\Lib\site-packages\flask_limiter\extension.py", line 1149, in _check_request_limit
    self.__evaluate_limits(endpoint, all_limits)
  File "C:\gmao - copia\.venv\Lib\site-packages\flask_limiter\extension.py", line 1133, in __evaluate_limits
    raise RateLimitExceeded(
flask_limiter.errors.RateLimitExceeded: 429 Too Many Requests: 10 per 1 minute
____________ ERROR at setup of test_actualizar_orden_authenticated ____________

app = <Flask 'app.factory'>, client = <FlaskClient <Flask 'app.factory'>>

    @pytest.fixture(scope="function")
    def authenticated_client(app, client):
        """Cliente con sesi¾n autenticada para pruebas de seguridad."""
        # Crear usuario admin si no existe
        with app.app_context():
            admin = Usuario.query.filter_by(username="admin").first()
            if not admin:
                admin = Usuario(
                    username="admin",
                    email="admin@example.com",
                    nombre="Administrador",
                    rol="Administrador",
                    activo=True,
                )
                admin.set_password("admin123")
                db.session.add(admin)
                db.session.commit()
    
        # Iniciar sesi¾n usando el endpoint de login JSON sin mantener
        # el contexto del cliente abierto durante toda la prueba.
        resp = client.post(
            "/login",
            json={"username": "admin", "password": "admin123"},
            headers={"Content-Type": "application/json"},
        )
>       assert resp.status_code in [200, 302]
E       assert 500 in [200, 302]
E        +  where 500 = <WrapperTestResponse streamed [500 INTERNAL SERVER ERROR]>.status_code

tests\conftest.py:96: AssertionError
----------------------------- Captured log setup ------------------------------
ERROR    app.factory:factory.py:363 Error inesperado: 429 Too Many Requests: 10 per 1 minute
Traceback (most recent call last):
  File "C:\gmao - copia\.venv\Lib\site-packages\flask\app.py", line 880, in full_dispatch_request
    rv = self.dispatch_request()
         ^^^^^^^^^^^^^^^^^^^^^^^
  File "C:\gmao - copia\.venv\Lib\site-packages\flask\app.py", line 865, in dispatch_request
    return self.ensure_sync(self.view_functions[rule.endpoint])(**view_args)  # type: ignore[no-any-return]
           ^^^^^^^^^^^^^^^^^^^^^^^^^^^^^^^^^^^^^^^^^^^^^^^^^^^^^^^^^^^^^^^^^
  File "C:\gmao - copia\.venv\Lib\site-packages\flask_limiter\extension.py", line 1294, in __inner
    self.limiter._check_request_limit(
  File "C:\gmao - copia\.venv\Lib\site-packages\flask_limiter\extension.py", line 1152, in _check_request_limit
    raise e
  File "C:\gmao - copia\.venv\Lib\site-packages\flask_limiter\extension.py", line 1149, in _check_request_limit
    self.__evaluate_limits(endpoint, all_limits)
  File "C:\gmao - copia\.venv\Lib\site-packages\flask_limiter\extension.py", line 1133, in __evaluate_limits
    raise RateLimitExceeded(
flask_limiter.errors.RateLimitExceeded: 429 Too Many Requests: 10 per 1 minute
_____________ ERROR at setup of test_eliminar_orden_authenticated _____________

app = <Flask 'app.factory'>, client = <FlaskClient <Flask 'app.factory'>>

    @pytest.fixture(scope="function")
    def authenticated_client(app, client):
        """Cliente con sesi¾n autenticada para pruebas de seguridad."""
        # Crear usuario admin si no existe
        with app.app_context():
            admin = Usuario.query.filter_by(username="admin").first()
            if not admin:
                admin = Usuario(
                    username="admin",
                    email="admin@example.com",
                    nombre="Administrador",
                    rol="Administrador",
                    activo=True,
                )
                admin.set_password("admin123")
                db.session.add(admin)
                db.session.commit()
    
        # Iniciar sesi¾n usando el endpoint de login JSON sin mantener
        # el contexto del cliente abierto durante toda la prueba.
        resp = client.post(
            "/login",
            json={"username": "admin", "password": "admin123"},
            headers={"Content-Type": "application/json"},
        )
>       assert resp.status_code in [200, 302]
E       assert 500 in [200, 302]
E        +  where 500 = <WrapperTestResponse streamed [500 INTERNAL SERVER ERROR]>.status_code

tests\conftest.py:96: AssertionError
----------------------------- Captured log setup ------------------------------
ERROR    app.factory:factory.py:363 Error inesperado: 429 Too Many Requests: 10 per 1 minute
Traceback (most recent call last):
  File "C:\gmao - copia\.venv\Lib\site-packages\flask\app.py", line 880, in full_dispatch_request
    rv = self.dispatch_request()
         ^^^^^^^^^^^^^^^^^^^^^^^
  File "C:\gmao - copia\.venv\Lib\site-packages\flask\app.py", line 865, in dispatch_request
    return self.ensure_sync(self.view_functions[rule.endpoint])(**view_args)  # type: ignore[no-any-return]
           ^^^^^^^^^^^^^^^^^^^^^^^^^^^^^^^^^^^^^^^^^^^^^^^^^^^^^^^^^^^^^^^^^
  File "C:\gmao - copia\.venv\Lib\site-packages\flask_limiter\extension.py", line 1294, in __inner
    self.limiter._check_request_limit(
  File "C:\gmao - copia\.venv\Lib\site-packages\flask_limiter\extension.py", line 1152, in _check_request_limit
    raise e
  File "C:\gmao - copia\.venv\Lib\site-packages\flask_limiter\extension.py", line 1149, in _check_request_limit
    self.__evaluate_limits(endpoint, all_limits)
  File "C:\gmao - copia\.venv\Lib\site-packages\flask_limiter\extension.py", line 1133, in __evaluate_limits
    raise RateLimitExceeded(
flask_limiter.errors.RateLimitExceeded: 429 Too Many Requests: 10 per 1 minute
____________ ERROR at setup of test_get_orden_by_id_authenticated _____________

app = <Flask 'app.factory'>, client = <FlaskClient <Flask 'app.factory'>>

    @pytest.fixture(scope="function")
    def authenticated_client(app, client):
        """Cliente con sesi¾n autenticada para pruebas de seguridad."""
        # Crear usuario admin si no existe
        with app.app_context():
            admin = Usuario.query.filter_by(username="admin").first()
            if not admin:
                admin = Usuario(
                    username="admin",
                    email="admin@example.com",
                    nombre="Administrador",
                    rol="Administrador",
                    activo=True,
                )
                admin.set_password("admin123")
                db.session.add(admin)
                db.session.commit()
    
        # Iniciar sesi¾n usando el endpoint de login JSON sin mantener
        # el contexto del cliente abierto durante toda la prueba.
        resp = client.post(
            "/login",
            json={"username": "admin", "password": "admin123"},
            headers={"Content-Type": "application/json"},
        )
>       assert resp.status_code in [200, 302]
E       assert 500 in [200, 302]
E        +  where 500 = <WrapperTestResponse streamed [500 INTERNAL SERVER ERROR]>.status_code

tests\conftest.py:96: AssertionError
----------------------------- Captured log setup ------------------------------
ERROR    app.factory:factory.py:363 Error inesperado: 429 Too Many Requests: 10 per 1 minute
Traceback (most recent call last):
  File "C:\gmao - copia\.venv\Lib\site-packages\flask\app.py", line 880, in full_dispatch_request
    rv = self.dispatch_request()
         ^^^^^^^^^^^^^^^^^^^^^^^
  File "C:\gmao - copia\.venv\Lib\site-packages\flask\app.py", line 865, in dispatch_request
    return self.ensure_sync(self.view_functions[rule.endpoint])(**view_args)  # type: ignore[no-any-return]
           ^^^^^^^^^^^^^^^^^^^^^^^^^^^^^^^^^^^^^^^^^^^^^^^^^^^^^^^^^^^^^^^^^
  File "C:\gmao - copia\.venv\Lib\site-packages\flask_limiter\extension.py", line 1294, in __inner
    self.limiter._check_request_limit(
  File "C:\gmao - copia\.venv\Lib\site-packages\flask_limiter\extension.py", line 1152, in _check_request_limit
    raise e
  File "C:\gmao - copia\.venv\Lib\site-packages\flask_limiter\extension.py", line 1149, in _check_request_limit
    self.__evaluate_limits(endpoint, all_limits)
  File "C:\gmao - copia\.venv\Lib\site-packages\flask_limiter\extension.py", line 1133, in __evaluate_limits
    raise RateLimitExceeded(
flask_limiter.errors.RateLimitExceeded: 429 Too Many Requests: 10 per 1 minute
__________ ERROR at setup of test_cambiar_estado_orden_authenticated __________

app = <Flask 'app.factory'>, client = <FlaskClient <Flask 'app.factory'>>

    @pytest.fixture(scope="function")
    def authenticated_client(app, client):
        """Cliente con sesi¾n autenticada para pruebas de seguridad."""
        # Crear usuario admin si no existe
        with app.app_context():
            admin = Usuario.query.filter_by(username="admin").first()
            if not admin:
                admin = Usuario(
                    username="admin",
                    email="admin@example.com",
                    nombre="Administrador",
                    rol="Administrador",
                    activo=True,
                )
                admin.set_password("admin123")
                db.session.add(admin)
                db.session.commit()
    
        # Iniciar sesi¾n usando el endpoint de login JSON sin mantener
        # el contexto del cliente abierto durante toda la prueba.
        resp = client.post(
            "/login",
            json={"username": "admin", "password": "admin123"},
            headers={"Content-Type": "application/json"},
        )
>       assert resp.status_code in [200, 302]
E       assert 500 in [200, 302]
E        +  where 500 = <WrapperTestResponse streamed [500 INTERNAL SERVER ERROR]>.status_code

tests\conftest.py:96: AssertionError
----------------------------- Captured log setup ------------------------------
ERROR    app.factory:factory.py:363 Error inesperado: 429 Too Many Requests: 10 per 1 minute
Traceback (most recent call last):
  File "C:\gmao - copia\.venv\Lib\site-packages\flask\app.py", line 880, in full_dispatch_request
    rv = self.dispatch_request()
         ^^^^^^^^^^^^^^^^^^^^^^^
  File "C:\gmao - copia\.venv\Lib\site-packages\flask\app.py", line 865, in dispatch_request
    return self.ensure_sync(self.view_functions[rule.endpoint])(**view_args)  # type: ignore[no-any-return]
           ^^^^^^^^^^^^^^^^^^^^^^^^^^^^^^^^^^^^^^^^^^^^^^^^^^^^^^^^^^^^^^^^^
  File "C:\gmao - copia\.venv\Lib\site-packages\flask_limiter\extension.py", line 1294, in __inner
    self.limiter._check_request_limit(
  File "C:\gmao - copia\.venv\Lib\site-packages\flask_limiter\extension.py", line 1152, in _check_request_limit
    raise e
  File "C:\gmao - copia\.venv\Lib\site-packages\flask_limiter\extension.py", line 1149, in _check_request_limit
    self.__evaluate_limits(endpoint, all_limits)
  File "C:\gmao - copia\.venv\Lib\site-packages\flask_limiter\extension.py", line 1133, in __evaluate_limits
    raise RateLimitExceeded(
flask_limiter.errors.RateLimitExceeded: 429 Too Many Requests: 10 per 1 minute
_____________ ERROR at setup of test_asignar_orden_authenticated ______________

app = <Flask 'app.factory'>, client = <FlaskClient <Flask 'app.factory'>>

    @pytest.fixture(scope="function")
    def authenticated_client(app, client):
        """Cliente con sesi¾n autenticada para pruebas de seguridad."""
        # Crear usuario admin si no existe
        with app.app_context():
            admin = Usuario.query.filter_by(username="admin").first()
            if not admin:
                admin = Usuario(
                    username="admin",
                    email="admin@example.com",
                    nombre="Administrador",
                    rol="Administrador",
                    activo=True,
                )
                admin.set_password("admin123")
                db.session.add(admin)
                db.session.commit()
    
        # Iniciar sesi¾n usando el endpoint de login JSON sin mantener
        # el contexto del cliente abierto durante toda la prueba.
        resp = client.post(
            "/login",
            json={"username": "admin", "password": "admin123"},
            headers={"Content-Type": "application/json"},
        )
>       assert resp.status_code in [200, 302]
E       assert 500 in [200, 302]
E        +  where 500 = <WrapperTestResponse streamed [500 INTERNAL SERVER ERROR]>.status_code

tests\conftest.py:96: AssertionError
----------------------------- Captured log setup ------------------------------
ERROR    app.factory:factory.py:363 Error inesperado: 429 Too Many Requests: 10 per 1 minute
Traceback (most recent call last):
  File "C:\gmao - copia\.venv\Lib\site-packages\flask\app.py", line 880, in full_dispatch_request
    rv = self.dispatch_request()
         ^^^^^^^^^^^^^^^^^^^^^^^
  File "C:\gmao - copia\.venv\Lib\site-packages\flask\app.py", line 865, in dispatch_request
    return self.ensure_sync(self.view_functions[rule.endpoint])(**view_args)  # type: ignore[no-any-return]
           ^^^^^^^^^^^^^^^^^^^^^^^^^^^^^^^^^^^^^^^^^^^^^^^^^^^^^^^^^^^^^^^^^
  File "C:\gmao - copia\.venv\Lib\site-packages\flask_limiter\extension.py", line 1294, in __inner
    self.limiter._check_request_limit(
  File "C:\gmao - copia\.venv\Lib\site-packages\flask_limiter\extension.py", line 1152, in _check_request_limit
    raise e
  File "C:\gmao - copia\.venv\Lib\site-packages\flask_limiter\extension.py", line 1149, in _check_request_limit
    self.__evaluate_limits(endpoint, all_limits)
  File "C:\gmao - copia\.venv\Lib\site-packages\flask_limiter\extension.py", line 1133, in __evaluate_limits
    raise RateLimitExceeded(
flask_limiter.errors.RateLimitExceeded: 429 Too Many Requests: 10 per 1 minute
____________ ERROR at setup of test_get_usuarios_api_authenticated ____________

app = <Flask 'app.factory'>, client = <FlaskClient <Flask 'app.factory'>>

    @pytest.fixture(scope="function")
    def authenticated_client(app, client):
        """Cliente con sesi¾n autenticada para pruebas de seguridad."""
        # Crear usuario admin si no existe
        with app.app_context():
            admin = Usuario.query.filter_by(username="admin").first()
            if not admin:
                admin = Usuario(
                    username="admin",
                    email="admin@example.com",
                    nombre="Administrador",
                    rol="Administrador",
                    activo=True,
                )
                admin.set_password("admin123")
                db.session.add(admin)
                db.session.commit()
    
        # Iniciar sesi¾n usando el endpoint de login JSON sin mantener
        # el contexto del cliente abierto durante toda la prueba.
        resp = client.post(
            "/login",
            json={"username": "admin", "password": "admin123"},
            headers={"Content-Type": "application/json"},
        )
>       assert resp.status_code in [200, 302]
E       assert 500 in [200, 302]
E        +  where 500 = <WrapperTestResponse streamed [500 INTERNAL SERVER ERROR]>.status_code

tests\conftest.py:96: AssertionError
----------------------------- Captured log setup ------------------------------
ERROR    app.factory:factory.py:363 Error inesperado: 429 Too Many Requests: 10 per 1 minute
Traceback (most recent call last):
  File "C:\gmao - copia\.venv\Lib\site-packages\flask\app.py", line 880, in full_dispatch_request
    rv = self.dispatch_request()
         ^^^^^^^^^^^^^^^^^^^^^^^
  File "C:\gmao - copia\.venv\Lib\site-packages\flask\app.py", line 865, in dispatch_request
    return self.ensure_sync(self.view_functions[rule.endpoint])(**view_args)  # type: ignore[no-any-return]
           ^^^^^^^^^^^^^^^^^^^^^^^^^^^^^^^^^^^^^^^^^^^^^^^^^^^^^^^^^^^^^^^^^
  File "C:\gmao - copia\.venv\Lib\site-packages\flask_limiter\extension.py", line 1294, in __inner
    self.limiter._check_request_limit(
  File "C:\gmao - copia\.venv\Lib\site-packages\flask_limiter\extension.py", line 1152, in _check_request_limit
    raise e
  File "C:\gmao - copia\.venv\Lib\site-packages\flask_limiter\extension.py", line 1149, in _check_request_limit
    self.__evaluate_limits(endpoint, all_limits)
  File "C:\gmao - copia\.venv\Lib\site-packages\flask_limiter\extension.py", line 1133, in __evaluate_limits
    raise RateLimitExceeded(
flask_limiter.errors.RateLimitExceeded: 429 Too Many Requests: 10 per 1 minute
_____________ ERROR at setup of test_usuarios_page_authenticated ______________

app = <Flask 'app.factory'>, client = <FlaskClient <Flask 'app.factory'>>

    @pytest.fixture(scope="function")
    def authenticated_client(app, client):
        """Cliente con sesi¾n autenticada para pruebas de seguridad."""
        # Crear usuario admin si no existe
        with app.app_context():
            admin = Usuario.query.filter_by(username="admin").first()
            if not admin:
                admin = Usuario(
                    username="admin",
                    email="admin@example.com",
                    nombre="Administrador",
                    rol="Administrador",
                    activo=True,
                )
                admin.set_password("admin123")
                db.session.add(admin)
                db.session.commit()
    
        # Iniciar sesi¾n usando el endpoint de login JSON sin mantener
        # el contexto del cliente abierto durante toda la prueba.
        resp = client.post(
            "/login",
            json={"username": "admin", "password": "admin123"},
            headers={"Content-Type": "application/json"},
        )
>       assert resp.status_code in [200, 302]
E       assert 500 in [200, 302]
E        +  where 500 = <WrapperTestResponse streamed [500 INTERNAL SERVER ERROR]>.status_code

tests\conftest.py:96: AssertionError
----------------------------- Captured log setup ------------------------------
ERROR    app.factory:factory.py:363 Error inesperado: 429 Too Many Requests: 10 per 1 minute
Traceback (most recent call last):
  File "C:\gmao - copia\.venv\Lib\site-packages\flask\app.py", line 880, in full_dispatch_request
    rv = self.dispatch_request()
         ^^^^^^^^^^^^^^^^^^^^^^^
  File "C:\gmao - copia\.venv\Lib\site-packages\flask\app.py", line 865, in dispatch_request
    return self.ensure_sync(self.view_functions[rule.endpoint])(**view_args)  # type: ignore[no-any-return]
           ^^^^^^^^^^^^^^^^^^^^^^^^^^^^^^^^^^^^^^^^^^^^^^^^^^^^^^^^^^^^^^^^^
  File "C:\gmao - copia\.venv\Lib\site-packages\flask_limiter\extension.py", line 1294, in __inner
    self.limiter._check_request_limit(
  File "C:\gmao - copia\.venv\Lib\site-packages\flask_limiter\extension.py", line 1152, in _check_request_limit
    raise e
  File "C:\gmao - copia\.venv\Lib\site-packages\flask_limiter\extension.py", line 1149, in _check_request_limit
    self.__evaluate_limits(endpoint, all_limits)
  File "C:\gmao - copia\.venv\Lib\site-packages\flask_limiter\extension.py", line 1133, in __evaluate_limits
    raise RateLimitExceeded(
flask_limiter.errors.RateLimitExceeded: 429 Too Many Requests: 10 per 1 minute
_____________ ERROR at setup of test_crear_usuario_authenticated ______________

app = <Flask 'app.factory'>, client = <FlaskClient <Flask 'app.factory'>>

    @pytest.fixture(scope="function")
    def authenticated_client(app, client):
        """Cliente con sesi¾n autenticada para pruebas de seguridad."""
        # Crear usuario admin si no existe
        with app.app_context():
            admin = Usuario.query.filter_by(username="admin").first()
            if not admin:
                admin = Usuario(
                    username="admin",
                    email="admin@example.com",
                    nombre="Administrador",
                    rol="Administrador",
                    activo=True,
                )
                admin.set_password("admin123")
                db.session.add(admin)
                db.session.commit()
    
        # Iniciar sesi¾n usando el endpoint de login JSON sin mantener
        # el contexto del cliente abierto durante toda la prueba.
        resp = client.post(
            "/login",
            json={"username": "admin", "password": "admin123"},
            headers={"Content-Type": "application/json"},
        )
>       assert resp.status_code in [200, 302]
E       assert 500 in [200, 302]
E        +  where 500 = <WrapperTestResponse streamed [500 INTERNAL SERVER ERROR]>.status_code

tests\conftest.py:96: AssertionError
----------------------------- Captured log setup ------------------------------
ERROR    app.factory:factory.py:363 Error inesperado: 429 Too Many Requests: 10 per 1 minute
Traceback (most recent call last):
  File "C:\gmao - copia\.venv\Lib\site-packages\flask\app.py", line 880, in full_dispatch_request
    rv = self.dispatch_request()
         ^^^^^^^^^^^^^^^^^^^^^^^
  File "C:\gmao - copia\.venv\Lib\site-packages\flask\app.py", line 865, in dispatch_request
    return self.ensure_sync(self.view_functions[rule.endpoint])(**view_args)  # type: ignore[no-any-return]
           ^^^^^^^^^^^^^^^^^^^^^^^^^^^^^^^^^^^^^^^^^^^^^^^^^^^^^^^^^^^^^^^^^
  File "C:\gmao - copia\.venv\Lib\site-packages\flask_limiter\extension.py", line 1294, in __inner
    self.limiter._check_request_limit(
  File "C:\gmao - copia\.venv\Lib\site-packages\flask_limiter\extension.py", line 1152, in _check_request_limit
    raise e
  File "C:\gmao - copia\.venv\Lib\site-packages\flask_limiter\extension.py", line 1149, in _check_request_limit
    self.__evaluate_limits(endpoint, all_limits)
  File "C:\gmao - copia\.venv\Lib\site-packages\flask_limiter\extension.py", line 1133, in __evaluate_limits
    raise RateLimitExceeded(
flask_limiter.errors.RateLimitExceeded: 429 Too Many Requests: 10 per 1 minute
______________ ERROR at setup of test_crear_usuario_invalid_data ______________

app = <Flask 'app.factory'>, client = <FlaskClient <Flask 'app.factory'>>

    @pytest.fixture(scope="function")
    def authenticated_client(app, client):
        """Cliente con sesi¾n autenticada para pruebas de seguridad."""
        # Crear usuario admin si no existe
        with app.app_context():
            admin = Usuario.query.filter_by(username="admin").first()
            if not admin:
                admin = Usuario(
                    username="admin",
                    email="admin@example.com",
                    nombre="Administrador",
                    rol="Administrador",
                    activo=True,
                )
                admin.set_password("admin123")
                db.session.add(admin)
                db.session.commit()
    
        # Iniciar sesi¾n usando el endpoint de login JSON sin mantener
        # el contexto del cliente abierto durante toda la prueba.
        resp = client.post(
            "/login",
            json={"username": "admin", "password": "admin123"},
            headers={"Content-Type": "application/json"},
        )
>       assert resp.status_code in [200, 302]
E       assert 500 in [200, 302]
E        +  where 500 = <WrapperTestResponse streamed [500 INTERNAL SERVER ERROR]>.status_code

tests\conftest.py:96: AssertionError
----------------------------- Captured log setup ------------------------------
ERROR    app.factory:factory.py:363 Error inesperado: 429 Too Many Requests: 10 per 1 minute
Traceback (most recent call last):
  File "C:\gmao - copia\.venv\Lib\site-packages\flask\app.py", line 880, in full_dispatch_request
    rv = self.dispatch_request()
         ^^^^^^^^^^^^^^^^^^^^^^^
  File "C:\gmao - copia\.venv\Lib\site-packages\flask\app.py", line 865, in dispatch_request
    return self.ensure_sync(self.view_functions[rule.endpoint])(**view_args)  # type: ignore[no-any-return]
           ^^^^^^^^^^^^^^^^^^^^^^^^^^^^^^^^^^^^^^^^^^^^^^^^^^^^^^^^^^^^^^^^^
  File "C:\gmao - copia\.venv\Lib\site-packages\flask_limiter\extension.py", line 1294, in __inner
    self.limiter._check_request_limit(
  File "C:\gmao - copia\.venv\Lib\site-packages\flask_limiter\extension.py", line 1152, in _check_request_limit
    raise e
  File "C:\gmao - copia\.venv\Lib\site-packages\flask_limiter\extension.py", line 1149, in _check_request_limit
    self.__evaluate_limits(endpoint, all_limits)
  File "C:\gmao - copia\.venv\Lib\site-packages\flask_limiter\extension.py", line 1133, in __evaluate_limits
    raise RateLimitExceeded(
flask_limiter.errors.RateLimitExceeded: 429 Too Many Requests: 10 per 1 minute
_ ERROR at setup of test_post_activos_payload_malicioso_400[fabricante-UNION SELECT] _

app = <Flask 'app.factory'>, client = <FlaskClient <Flask 'app.factory'>>

    @pytest.fixture(scope="function")
    def authenticated_client(app, client):
        """Cliente con sesi¾n autenticada para pruebas de seguridad."""
        # Crear usuario admin si no existe
        with app.app_context():
            admin = Usuario.query.filter_by(username="admin").first()
            if not admin:
                admin = Usuario(
                    username="admin",
                    email="admin@example.com",
                    nombre="Administrador",
                    rol="Administrador",
                    activo=True,
                )
                admin.set_password("admin123")
                db.session.add(admin)
                db.session.commit()
    
        # Iniciar sesi¾n usando el endpoint de login JSON sin mantener
        # el contexto del cliente abierto durante toda la prueba.
        resp = client.post(
            "/login",
            json={"username": "admin", "password": "admin123"},
            headers={"Content-Type": "application/json"},
        )
>       assert resp.status_code in [200, 302]
E       assert 500 in [200, 302]
E        +  where 500 = <WrapperTestResponse streamed [500 INTERNAL SERVER ERROR]>.status_code

tests\conftest.py:96: AssertionError
----------------------------- Captured log setup ------------------------------
ERROR    app.factory:factory.py:363 Error inesperado: 429 Too Many Requests: 10 per 1 minute
Traceback (most recent call last):
  File "C:\gmao - copia\.venv\Lib\site-packages\flask\app.py", line 880, in full_dispatch_request
    rv = self.dispatch_request()
         ^^^^^^^^^^^^^^^^^^^^^^^
  File "C:\gmao - copia\.venv\Lib\site-packages\flask\app.py", line 865, in dispatch_request
    return self.ensure_sync(self.view_functions[rule.endpoint])(**view_args)  # type: ignore[no-any-return]
           ^^^^^^^^^^^^^^^^^^^^^^^^^^^^^^^^^^^^^^^^^^^^^^^^^^^^^^^^^^^^^^^^^
  File "C:\gmao - copia\.venv\Lib\site-packages\flask_limiter\extension.py", line 1294, in __inner
    self.limiter._check_request_limit(
  File "C:\gmao - copia\.venv\Lib\site-packages\flask_limiter\extension.py", line 1152, in _check_request_limit
    raise e
  File "C:\gmao - copia\.venv\Lib\site-packages\flask_limiter\extension.py", line 1149, in _check_request_limit
    self.__evaluate_limits(endpoint, all_limits)
  File "C:\gmao - copia\.venv\Lib\site-packages\flask_limiter\extension.py", line 1133, in __evaluate_limits
    raise RateLimitExceeded(
flask_limiter.errors.RateLimitExceeded: 429 Too Many Requests: 10 per 1 minute
___________ ERROR at setup of test_get_departamentos_authenticated ____________

app = <Flask 'app.factory'>, client = <FlaskClient <Flask 'app.factory'>>

    @pytest.fixture(scope="function")
    def authenticated_client(app, client):
        """Cliente con sesi¾n autenticada para pruebas de seguridad."""
        # Crear usuario admin si no existe
        with app.app_context():
            admin = Usuario.query.filter_by(username="admin").first()
            if not admin:
                admin = Usuario(
                    username="admin",
                    email="admin@example.com",
                    nombre="Administrador",
                    rol="Administrador",
                    activo=True,
                )
                admin.set_password("admin123")
                db.session.add(admin)
                db.session.commit()
    
        # Iniciar sesi¾n usando el endpoint de login JSON sin mantener
        # el contexto del cliente abierto durante toda la prueba.
        resp = client.post(
            "/login",
            json={"username": "admin", "password": "admin123"},
            headers={"Content-Type": "application/json"},
        )
>       assert resp.status_code in [200, 302]
E       assert 500 in [200, 302]
E        +  where 500 = <WrapperTestResponse streamed [500 INTERNAL SERVER ERROR]>.status_code

tests\conftest.py:96: AssertionError
----------------------------- Captured log setup ------------------------------
ERROR    app.factory:factory.py:363 Error inesperado: 429 Too Many Requests: 10 per 1 minute
Traceback (most recent call last):
  File "C:\gmao - copia\.venv\Lib\site-packages\flask\app.py", line 880, in full_dispatch_request
    rv = self.dispatch_request()
         ^^^^^^^^^^^^^^^^^^^^^^^
  File "C:\gmao - copia\.venv\Lib\site-packages\flask\app.py", line 865, in dispatch_request
    return self.ensure_sync(self.view_functions[rule.endpoint])(**view_args)  # type: ignore[no-any-return]
           ^^^^^^^^^^^^^^^^^^^^^^^^^^^^^^^^^^^^^^^^^^^^^^^^^^^^^^^^^^^^^^^^^
  File "C:\gmao - copia\.venv\Lib\site-packages\flask_limiter\extension.py", line 1294, in __inner
    self.limiter._check_request_limit(
  File "C:\gmao - copia\.venv\Lib\site-packages\flask_limiter\extension.py", line 1152, in _check_request_limit
    raise e
  File "C:\gmao - copia\.venv\Lib\site-packages\flask_limiter\extension.py", line 1149, in _check_request_limit
    self.__evaluate_limits(endpoint, all_limits)
  File "C:\gmao - copia\.venv\Lib\site-packages\flask_limiter\extension.py", line 1133, in __evaluate_limits
    raise RateLimitExceeded(
flask_limiter.errors.RateLimitExceeded: 429 Too Many Requests: 10 per 1 minute
__________ ERROR at setup of test_get_siguiente_codigo_authenticated __________

app = <Flask 'app.factory'>, client = <FlaskClient <Flask 'app.factory'>>

    @pytest.fixture(scope="function")
    def authenticated_client(app, client):
        """Cliente con sesi¾n autenticada para pruebas de seguridad."""
        # Crear usuario admin si no existe
        with app.app_context():
            admin = Usuario.query.filter_by(username="admin").first()
            if not admin:
                admin = Usuario(
                    username="admin",
                    email="admin@example.com",
                    nombre="Administrador",
                    rol="Administrador",
                    activo=True,
                )
                admin.set_password("admin123")
                db.session.add(admin)
                db.session.commit()
    
        # Iniciar sesi¾n usando el endpoint de login JSON sin mantener
        # el contexto del cliente abierto durante toda la prueba.
        resp = client.post(
            "/login",
            json={"username": "admin", "password": "admin123"},
            headers={"Content-Type": "application/json"},
        )
>       assert resp.status_code in [200, 302]
E       assert 500 in [200, 302]
E        +  where 500 = <WrapperTestResponse streamed [500 INTERNAL SERVER ERROR]>.status_code

tests\conftest.py:96: AssertionError
----------------------------- Captured log setup ------------------------------
ERROR    app.factory:factory.py:363 Error inesperado: 429 Too Many Requests: 10 per 1 minute
Traceback (most recent call last):
  File "C:\gmao - copia\.venv\Lib\site-packages\flask\app.py", line 880, in full_dispatch_request
    rv = self.dispatch_request()
         ^^^^^^^^^^^^^^^^^^^^^^^
  File "C:\gmao - copia\.venv\Lib\site-packages\flask\app.py", line 865, in dispatch_request
    return self.ensure_sync(self.view_functions[rule.endpoint])(**view_args)  # type: ignore[no-any-return]
           ^^^^^^^^^^^^^^^^^^^^^^^^^^^^^^^^^^^^^^^^^^^^^^^^^^^^^^^^^^^^^^^^^
  File "C:\gmao - copia\.venv\Lib\site-packages\flask_limiter\extension.py", line 1294, in __inner
    self.limiter._check_request_limit(
  File "C:\gmao - copia\.venv\Lib\site-packages\flask_limiter\extension.py", line 1152, in _check_request_limit
    raise e
  File "C:\gmao - copia\.venv\Lib\site-packages\flask_limiter\extension.py", line 1149, in _check_request_limit
    self.__evaluate_limits(endpoint, all_limits)
  File "C:\gmao - copia\.venv\Lib\site-packages\flask_limiter\extension.py", line 1133, in __evaluate_limits
    raise RateLimitExceeded(
flask_limiter.errors.RateLimitExceeded: 429 Too Many Requests: 10 per 1 minute
_________ ERROR at setup of test_calendario_estadisticas_mes_success __________

app = <Flask 'app.factory'>, client = <FlaskClient <Flask 'app.factory'>>

    @pytest.fixture(scope="function")
    def authenticated_client(app, client):
        """Cliente con sesi¾n autenticada para pruebas de seguridad."""
        # Crear usuario admin si no existe
        with app.app_context():
            admin = Usuario.query.filter_by(username="admin").first()
            if not admin:
                admin = Usuario(
                    username="admin",
                    email="admin@example.com",
                    nombre="Administrador",
                    rol="Administrador",
                    activo=True,
                )
                admin.set_password("admin123")
                db.session.add(admin)
                db.session.commit()
    
        # Iniciar sesi¾n usando el endpoint de login JSON sin mantener
        # el contexto del cliente abierto durante toda la prueba.
        resp = client.post(
            "/login",
            json={"username": "admin", "password": "admin123"},
            headers={"Content-Type": "application/json"},
        )
>       assert resp.status_code in [200, 302]
E       assert 500 in [200, 302]
E        +  where 500 = <WrapperTestResponse streamed [500 INTERNAL SERVER ERROR]>.status_code

tests\conftest.py:96: AssertionError
----------------------------- Captured log setup ------------------------------
ERROR    app.factory:factory.py:363 Error inesperado: 429 Too Many Requests: 10 per 1 minute
Traceback (most recent call last):
  File "C:\gmao - copia\.venv\Lib\site-packages\flask\app.py", line 880, in full_dispatch_request
    rv = self.dispatch_request()
         ^^^^^^^^^^^^^^^^^^^^^^^
  File "C:\gmao - copia\.venv\Lib\site-packages\flask\app.py", line 865, in dispatch_request
    return self.ensure_sync(self.view_functions[rule.endpoint])(**view_args)  # type: ignore[no-any-return]
           ^^^^^^^^^^^^^^^^^^^^^^^^^^^^^^^^^^^^^^^^^^^^^^^^^^^^^^^^^^^^^^^^^
  File "C:\gmao - copia\.venv\Lib\site-packages\flask_limiter\extension.py", line 1294, in __inner
    self.limiter._check_request_limit(
  File "C:\gmao - copia\.venv\Lib\site-packages\flask_limiter\extension.py", line 1152, in _check_request_limit
    raise e
  File "C:\gmao - copia\.venv\Lib\site-packages\flask_limiter\extension.py", line 1149, in _check_request_limit
    self.__evaluate_limits(endpoint, all_limits)
  File "C:\gmao - copia\.venv\Lib\site-packages\flask_limiter\extension.py", line 1133, in __evaluate_limits
    raise RateLimitExceeded(
flask_limiter.errors.RateLimitExceeded: 429 Too Many Requests: 10 per 1 minute
______________ ERROR at setup of test_activos_api_authenticated _______________

app = <Flask 'app.factory'>, client = <FlaskClient <Flask 'app.factory'>>

    @pytest.fixture(scope="function")
    def authenticated_client(app, client):
        """Cliente con sesi¾n autenticada para pruebas de seguridad."""
        # Crear usuario admin si no existe
        with app.app_context():
            admin = Usuario.query.filter_by(username="admin").first()
            if not admin:
                admin = Usuario(
                    username="admin",
                    email="admin@example.com",
                    nombre="Administrador",
                    rol="Administrador",
                    activo=True,
                )
                admin.set_password("admin123")
                db.session.add(admin)
                db.session.commit()
    
        # Iniciar sesi¾n usando el endpoint de login JSON sin mantener
        # el contexto del cliente abierto durante toda la prueba.
        resp = client.post(
            "/login",
            json={"username": "admin", "password": "admin123"},
            headers={"Content-Type": "application/json"},
        )
>       assert resp.status_code in [200, 302]
E       assert 500 in [200, 302]
E        +  where 500 = <WrapperTestResponse streamed [500 INTERNAL SERVER ERROR]>.status_code

tests\conftest.py:96: AssertionError
----------------------------- Captured log setup ------------------------------
ERROR    app.factory:factory.py:363 Error inesperado: 429 Too Many Requests: 10 per 1 minute
Traceback (most recent call last):
  File "C:\gmao - copia\.venv\Lib\site-packages\flask\app.py", line 880, in full_dispatch_request
    rv = self.dispatch_request()
         ^^^^^^^^^^^^^^^^^^^^^^^
  File "C:\gmao - copia\.venv\Lib\site-packages\flask\app.py", line 865, in dispatch_request
    return self.ensure_sync(self.view_functions[rule.endpoint])(**view_args)  # type: ignore[no-any-return]
           ^^^^^^^^^^^^^^^^^^^^^^^^^^^^^^^^^^^^^^^^^^^^^^^^^^^^^^^^^^^^^^^^^
  File "C:\gmao - copia\.venv\Lib\site-packages\flask_limiter\extension.py", line 1294, in __inner
    self.limiter._check_request_limit(
  File "C:\gmao - copia\.venv\Lib\site-packages\flask_limiter\extension.py", line 1152, in _check_request_limit
    raise e
  File "C:\gmao - copia\.venv\Lib\site-packages\flask_limiter\extension.py", line 1149, in _check_request_limit
    self.__evaluate_limits(endpoint, all_limits)
  File "C:\gmao - copia\.venv\Lib\site-packages\flask_limiter\extension.py", line 1133, in __evaluate_limits
    raise RateLimitExceeded(
flask_limiter.errors.RateLimitExceeded: 429 Too Many Requests: 10 per 1 minute
_____________ ERROR at setup of test_inventario_api_authenticated _____________

app = <Flask 'app.factory'>, client = <FlaskClient <Flask 'app.factory'>>

    @pytest.fixture(scope="function")
    def authenticated_client(app, client):
        """Cliente con sesi¾n autenticada para pruebas de seguridad."""
        # Crear usuario admin si no existe
        with app.app_context():
            admin = Usuario.query.filter_by(username="admin").first()
            if not admin:
                admin = Usuario(
                    username="admin",
                    email="admin@example.com",
                    nombre="Administrador",
                    rol="Administrador",
                    activo=True,
                )
                admin.set_password("admin123")
                db.session.add(admin)
                db.session.commit()
    
        # Iniciar sesi¾n usando el endpoint de login JSON sin mantener
        # el contexto del cliente abierto durante toda la prueba.
        resp = client.post(
            "/login",
            json={"username": "admin", "password": "admin123"},
            headers={"Content-Type": "application/json"},
        )
>       assert resp.status_code in [200, 302]
E       assert 500 in [200, 302]
E        +  where 500 = <WrapperTestResponse streamed [500 INTERNAL SERVER ERROR]>.status_code

tests\conftest.py:96: AssertionError
----------------------------- Captured log setup ------------------------------
ERROR    app.factory:factory.py:363 Error inesperado: 429 Too Many Requests: 10 per 1 minute
Traceback (most recent call last):
  File "C:\gmao - copia\.venv\Lib\site-packages\flask\app.py", line 880, in full_dispatch_request
    rv = self.dispatch_request()
         ^^^^^^^^^^^^^^^^^^^^^^^
  File "C:\gmao - copia\.venv\Lib\site-packages\flask\app.py", line 865, in dispatch_request
    return self.ensure_sync(self.view_functions[rule.endpoint])(**view_args)  # type: ignore[no-any-return]
           ^^^^^^^^^^^^^^^^^^^^^^^^^^^^^^^^^^^^^^^^^^^^^^^^^^^^^^^^^^^^^^^^^
  File "C:\gmao - copia\.venv\Lib\site-packages\flask_limiter\extension.py", line 1294, in __inner
    self.limiter._check_request_limit(
  File "C:\gmao - copia\.venv\Lib\site-packages\flask_limiter\extension.py", line 1152, in _check_request_limit
    raise e
  File "C:\gmao - copia\.venv\Lib\site-packages\flask_limiter\extension.py", line 1149, in _check_request_limit
    self.__evaluate_limits(endpoint, all_limits)
  File "C:\gmao - copia\.venv\Lib\site-packages\flask_limiter\extension.py", line 1133, in __evaluate_limits
    raise RateLimitExceeded(
flask_limiter.errors.RateLimitExceeded: 429 Too Many Requests: 10 per 1 minute
____________ ERROR at setup of test_proveedores_api_authenticated _____________

app = <Flask 'app.factory'>, client = <FlaskClient <Flask 'app.factory'>>

    @pytest.fixture(scope="function")
    def authenticated_client(app, client):
        """Cliente con sesi¾n autenticada para pruebas de seguridad."""
        # Crear usuario admin si no existe
        with app.app_context():
            admin = Usuario.query.filter_by(username="admin").first()
            if not admin:
                admin = Usuario(
                    username="admin",
                    email="admin@example.com",
                    nombre="Administrador",
                    rol="Administrador",
                    activo=True,
                )
                admin.set_password("admin123")
                db.session.add(admin)
                db.session.commit()
    
        # Iniciar sesi¾n usando el endpoint de login JSON sin mantener
        # el contexto del cliente abierto durante toda la prueba.
        resp = client.post(
            "/login",
            json={"username": "admin", "password": "admin123"},
            headers={"Content-Type": "application/json"},
        )
>       assert resp.status_code in [200, 302]
E       assert 500 in [200, 302]
E        +  where 500 = <WrapperTestResponse streamed [500 INTERNAL SERVER ERROR]>.status_code

tests\conftest.py:96: AssertionError
----------------------------- Captured log setup ------------------------------
ERROR    app.factory:factory.py:363 Error inesperado: 429 Too Many Requests: 10 per 1 minute
Traceback (most recent call last):
  File "C:\gmao - copia\.venv\Lib\site-packages\flask\app.py", line 880, in full_dispatch_request
    rv = self.dispatch_request()
         ^^^^^^^^^^^^^^^^^^^^^^^
  File "C:\gmao - copia\.venv\Lib\site-packages\flask\app.py", line 865, in dispatch_request
    return self.ensure_sync(self.view_functions[rule.endpoint])(**view_args)  # type: ignore[no-any-return]
           ^^^^^^^^^^^^^^^^^^^^^^^^^^^^^^^^^^^^^^^^^^^^^^^^^^^^^^^^^^^^^^^^^
  File "C:\gmao - copia\.venv\Lib\site-packages\flask_limiter\extension.py", line 1294, in __inner
    self.limiter._check_request_limit(
  File "C:\gmao - copia\.venv\Lib\site-packages\flask_limiter\extension.py", line 1152, in _check_request_limit
    raise e
  File "C:\gmao - copia\.venv\Lib\site-packages\flask_limiter\extension.py", line 1149, in _check_request_limit
    self.__evaluate_limits(endpoint, all_limits)
  File "C:\gmao - copia\.venv\Lib\site-packages\flask_limiter\extension.py", line 1133, in __evaluate_limits
    raise RateLimitExceeded(
flask_limiter.errors.RateLimitExceeded: 429 Too Many Requests: 10 per 1 minute
_ ERROR at setup of test_dashboard_estadisticas_error_fallback_authenticated __

app = <Flask 'app.factory'>, client = <FlaskClient <Flask 'app.factory'>>

    @pytest.fixture(scope="function")
    def authenticated_client(app, client):
        """Cliente con sesi¾n autenticada para pruebas de seguridad."""
        # Crear usuario admin si no existe
        with app.app_context():
            admin = Usuario.query.filter_by(username="admin").first()
            if not admin:
                admin = Usuario(
                    username="admin",
                    email="admin@example.com",
                    nombre="Administrador",
                    rol="Administrador",
                    activo=True,
                )
                admin.set_password("admin123")
                db.session.add(admin)
                db.session.commit()
    
        # Iniciar sesi¾n usando el endpoint de login JSON sin mantener
        # el contexto del cliente abierto durante toda la prueba.
        resp = client.post(
            "/login",
            json={"username": "admin", "password": "admin123"},
            headers={"Content-Type": "application/json"},
        )
>       assert resp.status_code in [200, 302]
E       assert 500 in [200, 302]
E        +  where 500 = <WrapperTestResponse streamed [500 INTERNAL SERVER ERROR]>.status_code

tests\conftest.py:96: AssertionError
----------------------------- Captured log setup ------------------------------
ERROR    app.factory:factory.py:363 Error inesperado: 429 Too Many Requests: 10 per 1 minute
Traceback (most recent call last):
  File "C:\gmao - copia\.venv\Lib\site-packages\flask\app.py", line 880, in full_dispatch_request
    rv = self.dispatch_request()
         ^^^^^^^^^^^^^^^^^^^^^^^
  File "C:\gmao - copia\.venv\Lib\site-packages\flask\app.py", line 865, in dispatch_request
    return self.ensure_sync(self.view_functions[rule.endpoint])(**view_args)  # type: ignore[no-any-return]
           ^^^^^^^^^^^^^^^^^^^^^^^^^^^^^^^^^^^^^^^^^^^^^^^^^^^^^^^^^^^^^^^^^
  File "C:\gmao - copia\.venv\Lib\site-packages\flask_limiter\extension.py", line 1294, in __inner
    self.limiter._check_request_limit(
  File "C:\gmao - copia\.venv\Lib\site-packages\flask_limiter\extension.py", line 1152, in _check_request_limit
    raise e
  File "C:\gmao - copia\.venv\Lib\site-packages\flask_limiter\extension.py", line 1149, in _check_request_limit
    self.__evaluate_limits(endpoint, all_limits)
  File "C:\gmao - copia\.venv\Lib\site-packages\flask_limiter\extension.py", line 1133, in __evaluate_limits
    raise RateLimitExceeded(
flask_limiter.errors.RateLimitExceeded: 429 Too Many Requests: 10 per 1 minute
________ ERROR at setup of test_ordenes_estadisticas_error_returns_500 ________

app = <Flask 'app.factory'>, client = <FlaskClient <Flask 'app.factory'>>

    @pytest.fixture(scope="function")
    def authenticated_client(app, client):
        """Cliente con sesi¾n autenticada para pruebas de seguridad."""
        # Crear usuario admin si no existe
        with app.app_context():
            admin = Usuario.query.filter_by(username="admin").first()
            if not admin:
                admin = Usuario(
                    username="admin",
                    email="admin@example.com",
                    nombre="Administrador",
                    rol="Administrador",
                    activo=True,
                )
                admin.set_password("admin123")
                db.session.add(admin)
                db.session.commit()
    
        # Iniciar sesi¾n usando el endpoint de login JSON sin mantener
        # el contexto del cliente abierto durante toda la prueba.
        resp = client.post(
            "/login",
            json={"username": "admin", "password": "admin123"},
            headers={"Content-Type": "application/json"},
        )
>       assert resp.status_code in [200, 302]
E       assert 500 in [200, 302]
E        +  where 500 = <WrapperTestResponse streamed [500 INTERNAL SERVER ERROR]>.status_code

tests\conftest.py:96: AssertionError
----------------------------- Captured log setup ------------------------------
ERROR    app.factory:factory.py:363 Error inesperado: 429 Too Many Requests: 10 per 1 minute
Traceback (most recent call last):
  File "C:\gmao - copia\.venv\Lib\site-packages\flask\app.py", line 880, in full_dispatch_request
    rv = self.dispatch_request()
         ^^^^^^^^^^^^^^^^^^^^^^^
  File "C:\gmao - copia\.venv\Lib\site-packages\flask\app.py", line 865, in dispatch_request
    return self.ensure_sync(self.view_functions[rule.endpoint])(**view_args)  # type: ignore[no-any-return]
           ^^^^^^^^^^^^^^^^^^^^^^^^^^^^^^^^^^^^^^^^^^^^^^^^^^^^^^^^^^^^^^^^^
  File "C:\gmao - copia\.venv\Lib\site-packages\flask_limiter\extension.py", line 1294, in __inner
    self.limiter._check_request_limit(
  File "C:\gmao - copia\.venv\Lib\site-packages\flask_limiter\extension.py", line 1152, in _check_request_limit
    raise e
  File "C:\gmao - copia\.venv\Lib\site-packages\flask_limiter\extension.py", line 1149, in _check_request_limit
    self.__evaluate_limits(endpoint, all_limits)
  File "C:\gmao - copia\.venv\Lib\site-packages\flask_limiter\extension.py", line 1133, in __evaluate_limits
    raise RateLimitExceeded(
flask_limiter.errors.RateLimitExceeded: 429 Too Many Requests: 10 per 1 minute
________ ERROR at setup of test_planes_estadisticas_success_structure _________

app = <Flask 'app.factory'>, client = <FlaskClient <Flask 'app.factory'>>

    @pytest.fixture(scope="function")
    def authenticated_client(app, client):
        """Cliente con sesi¾n autenticada para pruebas de seguridad."""
        # Crear usuario admin si no existe
        with app.app_context():
            admin = Usuario.query.filter_by(username="admin").first()
            if not admin:
                admin = Usuario(
                    username="admin",
                    email="admin@example.com",
                    nombre="Administrador",
                    rol="Administrador",
                    activo=True,
                )
                admin.set_password("admin123")
                db.session.add(admin)
                db.session.commit()
    
        # Iniciar sesi¾n usando el endpoint de login JSON sin mantener
        # el contexto del cliente abierto durante toda la prueba.
        resp = client.post(
            "/login",
            json={"username": "admin", "password": "admin123"},
            headers={"Content-Type": "application/json"},
        )
>       assert resp.status_code in [200, 302]
E       assert 500 in [200, 302]
E        +  where 500 = <WrapperTestResponse streamed [500 INTERNAL SERVER ERROR]>.status_code

tests\conftest.py:96: AssertionError
----------------------------- Captured log setup ------------------------------
ERROR    app.factory:factory.py:363 Error inesperado: 429 Too Many Requests: 10 per 1 minute
Traceback (most recent call last):
  File "C:\gmao - copia\.venv\Lib\site-packages\flask\app.py", line 880, in full_dispatch_request
    rv = self.dispatch_request()
         ^^^^^^^^^^^^^^^^^^^^^^^
  File "C:\gmao - copia\.venv\Lib\site-packages\flask\app.py", line 865, in dispatch_request
    return self.ensure_sync(self.view_functions[rule.endpoint])(**view_args)  # type: ignore[no-any-return]
           ^^^^^^^^^^^^^^^^^^^^^^^^^^^^^^^^^^^^^^^^^^^^^^^^^^^^^^^^^^^^^^^^^
  File "C:\gmao - copia\.venv\Lib\site-packages\flask_limiter\extension.py", line 1294, in __inner
    self.limiter._check_request_limit(
  File "C:\gmao - copia\.venv\Lib\site-packages\flask_limiter\extension.py", line 1152, in _check_request_limit
    raise e
  File "C:\gmao - copia\.venv\Lib\site-packages\flask_limiter\extension.py", line 1149, in _check_request_limit
    self.__evaluate_limits(endpoint, all_limits)
  File "C:\gmao - copia\.venv\Lib\site-packages\flask_limiter\extension.py", line 1133, in __evaluate_limits
    raise RateLimitExceeded(
flask_limiter.errors.RateLimitExceeded: 429 Too Many Requests: 10 per 1 minute
________ ERROR at setup of test_planes_estadisticas_error_returns_500 _________

app = <Flask 'app.factory'>, client = <FlaskClient <Flask 'app.factory'>>

    @pytest.fixture(scope="function")
    def authenticated_client(app, client):
        """Cliente con sesi¾n autenticada para pruebas de seguridad."""
        # Crear usuario admin si no existe
        with app.app_context():
            admin = Usuario.query.filter_by(username="admin").first()
            if not admin:
                admin = Usuario(
                    username="admin",
                    email="admin@example.com",
                    nombre="Administrador",
                    rol="Administrador",
                    activo=True,
                )
                admin.set_password("admin123")
                db.session.add(admin)
                db.session.commit()
    
        # Iniciar sesi¾n usando el endpoint de login JSON sin mantener
        # el contexto del cliente abierto durante toda la prueba.
        resp = client.post(
            "/login",
            json={"username": "admin", "password": "admin123"},
            headers={"Content-Type": "application/json"},
        )
>       assert resp.status_code in [200, 302]
E       assert 500 in [200, 302]
E        +  where 500 = <WrapperTestResponse streamed [500 INTERNAL SERVER ERROR]>.status_code

tests\conftest.py:96: AssertionError
----------------------------- Captured log setup ------------------------------
ERROR    app.factory:factory.py:363 Error inesperado: 429 Too Many Requests: 10 per 1 minute
Traceback (most recent call last):
  File "C:\gmao - copia\.venv\Lib\site-packages\flask\app.py", line 880, in full_dispatch_request
    rv = self.dispatch_request()
         ^^^^^^^^^^^^^^^^^^^^^^^
  File "C:\gmao - copia\.venv\Lib\site-packages\flask\app.py", line 865, in dispatch_request
    return self.ensure_sync(self.view_functions[rule.endpoint])(**view_args)  # type: ignore[no-any-return]
           ^^^^^^^^^^^^^^^^^^^^^^^^^^^^^^^^^^^^^^^^^^^^^^^^^^^^^^^^^^^^^^^^^
  File "C:\gmao - copia\.venv\Lib\site-packages\flask_limiter\extension.py", line 1294, in __inner
    self.limiter._check_request_limit(
  File "C:\gmao - copia\.venv\Lib\site-packages\flask_limiter\extension.py", line 1152, in _check_request_limit
    raise e
  File "C:\gmao - copia\.venv\Lib\site-packages\flask_limiter\extension.py", line 1149, in _check_request_limit
    self.__evaluate_limits(endpoint, all_limits)
  File "C:\gmao - copia\.venv\Lib\site-packages\flask_limiter\extension.py", line 1133, in __evaluate_limits
    raise RateLimitExceeded(
flask_limiter.errors.RateLimitExceeded: 429 Too Many Requests: 10 per 1 minute
______ ERROR at setup of test_inventario_estadisticas_error_returns_500 _______

app = <Flask 'app.factory'>, client = <FlaskClient <Flask 'app.factory'>>

    @pytest.fixture(scope="function")
    def authenticated_client(app, client):
        """Cliente con sesi¾n autenticada para pruebas de seguridad."""
        # Crear usuario admin si no existe
        with app.app_context():
            admin = Usuario.query.filter_by(username="admin").first()
            if not admin:
                admin = Usuario(
                    username="admin",
                    email="admin@example.com",
                    nombre="Administrador",
                    rol="Administrador",
                    activo=True,
                )
                admin.set_password("admin123")
                db.session.add(admin)
                db.session.commit()
    
        # Iniciar sesi¾n usando el endpoint de login JSON sin mantener
        # el contexto del cliente abierto durante toda la prueba.
        resp = client.post(
            "/login",
            json={"username": "admin", "password": "admin123"},
            headers={"Content-Type": "application/json"},
        )
>       assert resp.status_code in [200, 302]
E       assert 500 in [200, 302]
E        +  where 500 = <WrapperTestResponse streamed [500 INTERNAL SERVER ERROR]>.status_code

tests\conftest.py:96: AssertionError
----------------------------- Captured log setup ------------------------------
ERROR    app.factory:factory.py:363 Error inesperado: 429 Too Many Requests: 10 per 1 minute
Traceback (most recent call last):
  File "C:\gmao - copia\.venv\Lib\site-packages\flask\app.py", line 880, in full_dispatch_request
    rv = self.dispatch_request()
         ^^^^^^^^^^^^^^^^^^^^^^^
  File "C:\gmao - copia\.venv\Lib\site-packages\flask\app.py", line 865, in dispatch_request
    return self.ensure_sync(self.view_functions[rule.endpoint])(**view_args)  # type: ignore[no-any-return]
           ^^^^^^^^^^^^^^^^^^^^^^^^^^^^^^^^^^^^^^^^^^^^^^^^^^^^^^^^^^^^^^^^^
  File "C:\gmao - copia\.venv\Lib\site-packages\flask_limiter\extension.py", line 1294, in __inner
    self.limiter._check_request_limit(
  File "C:\gmao - copia\.venv\Lib\site-packages\flask_limiter\extension.py", line 1152, in _check_request_limit
    raise e
  File "C:\gmao - copia\.venv\Lib\site-packages\flask_limiter\extension.py", line 1149, in _check_request_limit
    self.__evaluate_limits(endpoint, all_limits)
  File "C:\gmao - copia\.venv\Lib\site-packages\flask_limiter\extension.py", line 1133, in __evaluate_limits
    raise RateLimitExceeded(
flask_limiter.errors.RateLimitExceeded: 429 Too Many Requests: 10 per 1 minute
________ ERROR at setup of test_activos_estadisticas_error_returns_500 ________

app = <Flask 'app.factory'>, client = <FlaskClient <Flask 'app.factory'>>

    @pytest.fixture(scope="function")
    def authenticated_client(app, client):
        """Cliente con sesi¾n autenticada para pruebas de seguridad."""
        # Crear usuario admin si no existe
        with app.app_context():
            admin = Usuario.query.filter_by(username="admin").first()
            if not admin:
                admin = Usuario(
                    username="admin",
                    email="admin@example.com",
                    nombre="Administrador",
                    rol="Administrador",
                    activo=True,
                )
                admin.set_password("admin123")
                db.session.add(admin)
                db.session.commit()
    
        # Iniciar sesi¾n usando el endpoint de login JSON sin mantener
        # el contexto del cliente abierto durante toda la prueba.
        resp = client.post(
            "/login",
            json={"username": "admin", "password": "admin123"},
            headers={"Content-Type": "application/json"},
        )
>       assert resp.status_code in [200, 302]
E       assert 500 in [200, 302]
E        +  where 500 = <WrapperTestResponse streamed [500 INTERNAL SERVER ERROR]>.status_code

tests\conftest.py:96: AssertionError
----------------------------- Captured log setup ------------------------------
ERROR    app.factory:factory.py:363 Error inesperado: 429 Too Many Requests: 10 per 1 minute
Traceback (most recent call last):
  File "C:\gmao - copia\.venv\Lib\site-packages\flask\app.py", line 880, in full_dispatch_request
    rv = self.dispatch_request()
         ^^^^^^^^^^^^^^^^^^^^^^^
  File "C:\gmao - copia\.venv\Lib\site-packages\flask\app.py", line 865, in dispatch_request
    return self.ensure_sync(self.view_functions[rule.endpoint])(**view_args)  # type: ignore[no-any-return]
           ^^^^^^^^^^^^^^^^^^^^^^^^^^^^^^^^^^^^^^^^^^^^^^^^^^^^^^^^^^^^^^^^^
  File "C:\gmao - copia\.venv\Lib\site-packages\flask_limiter\extension.py", line 1294, in __inner
    self.limiter._check_request_limit(
  File "C:\gmao - copia\.venv\Lib\site-packages\flask_limiter\extension.py", line 1152, in _check_request_limit
    raise e
  File "C:\gmao - copia\.venv\Lib\site-packages\flask_limiter\extension.py", line 1149, in _check_request_limit
    self.__evaluate_limits(endpoint, all_limits)
  File "C:\gmao - copia\.venv\Lib\site-packages\flask_limiter\extension.py", line 1133, in __evaluate_limits
    raise RateLimitExceeded(
flask_limiter.errors.RateLimitExceeded: 429 Too Many Requests: 10 per 1 minute
______ ERROR at setup of test_proveedores_estadisticas_error_returns_500 ______

app = <Flask 'app.factory'>, client = <FlaskClient <Flask 'app.factory'>>

    @pytest.fixture(scope="function")
    def authenticated_client(app, client):
        """Cliente con sesi¾n autenticada para pruebas de seguridad."""
        # Crear usuario admin si no existe
        with app.app_context():
            admin = Usuario.query.filter_by(username="admin").first()
            if not admin:
                admin = Usuario(
                    username="admin",
                    email="admin@example.com",
                    nombre="Administrador",
                    rol="Administrador",
                    activo=True,
                )
                admin.set_password("admin123")
                db.session.add(admin)
                db.session.commit()
    
        # Iniciar sesi¾n usando el endpoint de login JSON sin mantener
        # el contexto del cliente abierto durante toda la prueba.
        resp = client.post(
            "/login",
            json={"username": "admin", "password": "admin123"},
            headers={"Content-Type": "application/json"},
        )
>       assert resp.status_code in [200, 302]
E       assert 500 in [200, 302]
E        +  where 500 = <WrapperTestResponse streamed [500 INTERNAL SERVER ERROR]>.status_code

tests\conftest.py:96: AssertionError
----------------------------- Captured log setup ------------------------------
ERROR    app.factory:factory.py:363 Error inesperado: 429 Too Many Requests: 10 per 1 minute
Traceback (most recent call last):
  File "C:\gmao - copia\.venv\Lib\site-packages\flask\app.py", line 880, in full_dispatch_request
    rv = self.dispatch_request()
         ^^^^^^^^^^^^^^^^^^^^^^^
  File "C:\gmao - copia\.venv\Lib\site-packages\flask\app.py", line 865, in dispatch_request
    return self.ensure_sync(self.view_functions[rule.endpoint])(**view_args)  # type: ignore[no-any-return]
           ^^^^^^^^^^^^^^^^^^^^^^^^^^^^^^^^^^^^^^^^^^^^^^^^^^^^^^^^^^^^^^^^^
  File "C:\gmao - copia\.venv\Lib\site-packages\flask_limiter\extension.py", line 1294, in __inner
    self.limiter._check_request_limit(
  File "C:\gmao - copia\.venv\Lib\site-packages\flask_limiter\extension.py", line 1152, in _check_request_limit
    raise e
  File "C:\gmao - copia\.venv\Lib\site-packages\flask_limiter\extension.py", line 1149, in _check_request_limit
    self.__evaluate_limits(endpoint, all_limits)
  File "C:\gmao - copia\.venv\Lib\site-packages\flask_limiter\extension.py", line 1133, in __evaluate_limits
    raise RateLimitExceeded(
flask_limiter.errors.RateLimitExceeded: 429 Too Many Requests: 10 per 1 minute
_______ ERROR at setup of test_dashboard_estadisticas_fallback_on_error _______

app = <Flask 'app.factory'>, client = <FlaskClient <Flask 'app.factory'>>

    @pytest.fixture(scope="function")
    def authenticated_client(app, client):
        """Cliente con sesi¾n autenticada para pruebas de seguridad."""
        # Crear usuario admin si no existe
        with app.app_context():
            admin = Usuario.query.filter_by(username="admin").first()
            if not admin:
                admin = Usuario(
                    username="admin",
                    email="admin@example.com",
                    nombre="Administrador",
                    rol="Administrador",
                    activo=True,
                )
                admin.set_password("admin123")
                db.session.add(admin)
                db.session.commit()
    
        # Iniciar sesi¾n usando el endpoint de login JSON sin mantener
        # el contexto del cliente abierto durante toda la prueba.
        resp = client.post(
            "/login",
            json={"username": "admin", "password": "admin123"},
            headers={"Content-Type": "application/json"},
        )
>       assert resp.status_code in [200, 302]
E       assert 500 in [200, 302]
E        +  where 500 = <WrapperTestResponse streamed [500 INTERNAL SERVER ERROR]>.status_code

tests\conftest.py:96: AssertionError
----------------------------- Captured log setup ------------------------------
ERROR    app.factory:factory.py:363 Error inesperado: 429 Too Many Requests: 10 per 1 minute
Traceback (most recent call last):
  File "C:\gmao - copia\.venv\Lib\site-packages\flask\app.py", line 880, in full_dispatch_request
    rv = self.dispatch_request()
         ^^^^^^^^^^^^^^^^^^^^^^^
  File "C:\gmao - copia\.venv\Lib\site-packages\flask\app.py", line 865, in dispatch_request
    return self.ensure_sync(self.view_functions[rule.endpoint])(**view_args)  # type: ignore[no-any-return]
           ^^^^^^^^^^^^^^^^^^^^^^^^^^^^^^^^^^^^^^^^^^^^^^^^^^^^^^^^^^^^^^^^^
  File "C:\gmao - copia\.venv\Lib\site-packages\flask_limiter\extension.py", line 1294, in __inner
    self.limiter._check_request_limit(
  File "C:\gmao - copia\.venv\Lib\site-packages\flask_limiter\extension.py", line 1152, in _check_request_limit
    raise e
  File "C:\gmao - copia\.venv\Lib\site-packages\flask_limiter\extension.py", line 1149, in _check_request_limit
    self.__evaluate_limits(endpoint, all_limits)
  File "C:\gmao - copia\.venv\Lib\site-packages\flask_limiter\extension.py", line 1133, in __evaluate_limits
    raise RateLimitExceeded(
flask_limiter.errors.RateLimitExceeded: 429 Too Many Requests: 10 per 1 minute
_____ ERROR at setup of test_dashboard_estadisticas_success_min_structure _____

app = <Flask 'app.factory'>, client = <FlaskClient <Flask 'app.factory'>>

    @pytest.fixture(scope="function")
    def authenticated_client(app, client):
        """Cliente con sesi¾n autenticada para pruebas de seguridad."""
        # Crear usuario admin si no existe
        with app.app_context():
            admin = Usuario.query.filter_by(username="admin").first()
            if not admin:
                admin = Usuario(
                    username="admin",
                    email="admin@example.com",
                    nombre="Administrador",
                    rol="Administrador",
                    activo=True,
                )
                admin.set_password("admin123")
                db.session.add(admin)
                db.session.commit()
    
        # Iniciar sesi¾n usando el endpoint de login JSON sin mantener
        # el contexto del cliente abierto durante toda la prueba.
        resp = client.post(
            "/login",
            json={"username": "admin", "password": "admin123"},
            headers={"Content-Type": "application/json"},
        )
>       assert resp.status_code in [200, 302]
E       assert 500 in [200, 302]
E        +  where 500 = <WrapperTestResponse streamed [500 INTERNAL SERVER ERROR]>.status_code

tests\conftest.py:96: AssertionError
----------------------------- Captured log setup ------------------------------
ERROR    app.factory:factory.py:363 Error inesperado: 429 Too Many Requests: 10 per 1 minute
Traceback (most recent call last):
  File "C:\gmao - copia\.venv\Lib\site-packages\flask\app.py", line 880, in full_dispatch_request
    rv = self.dispatch_request()
         ^^^^^^^^^^^^^^^^^^^^^^^
  File "C:\gmao - copia\.venv\Lib\site-packages\flask\app.py", line 865, in dispatch_request
    return self.ensure_sync(self.view_functions[rule.endpoint])(**view_args)  # type: ignore[no-any-return]
           ^^^^^^^^^^^^^^^^^^^^^^^^^^^^^^^^^^^^^^^^^^^^^^^^^^^^^^^^^^^^^^^^^
  File "C:\gmao - copia\.venv\Lib\site-packages\flask_limiter\extension.py", line 1294, in __inner
    self.limiter._check_request_limit(
  File "C:\gmao - copia\.venv\Lib\site-packages\flask_limiter\extension.py", line 1152, in _check_request_limit
    raise e
  File "C:\gmao - copia\.venv\Lib\site-packages\flask_limiter\extension.py", line 1149, in _check_request_limit
    self.__evaluate_limits(endpoint, all_limits)
  File "C:\gmao - copia\.venv\Lib\site-packages\flask_limiter\extension.py", line 1133, in __evaluate_limits
    raise RateLimitExceeded(
flask_limiter.errors.RateLimitExceeded: 429 Too Many Requests: 10 per 1 minute
_________ ERROR at setup of test_dashboard_estadisticas_authenticated _________

app = <Flask 'app.factory'>, client = <FlaskClient <Flask 'app.factory'>>

    @pytest.fixture(scope="function")
    def authenticated_client(app, client):
        """Cliente con sesi¾n autenticada para pruebas de seguridad."""
        # Crear usuario admin si no existe
        with app.app_context():
            admin = Usuario.query.filter_by(username="admin").first()
            if not admin:
                admin = Usuario(
                    username="admin",
                    email="admin@example.com",
                    nombre="Administrador",
                    rol="Administrador",
                    activo=True,
                )
                admin.set_password("admin123")
                db.session.add(admin)
                db.session.commit()
    
        # Iniciar sesi¾n usando el endpoint de login JSON sin mantener
        # el contexto del cliente abierto durante toda la prueba.
        resp = client.post(
            "/login",
            json={"username": "admin", "password": "admin123"},
            headers={"Content-Type": "application/json"},
        )
>       assert resp.status_code in [200, 302]
E       assert 500 in [200, 302]
E        +  where 500 = <WrapperTestResponse streamed [500 INTERNAL SERVER ERROR]>.status_code

tests\conftest.py:96: AssertionError
----------------------------- Captured log setup ------------------------------
ERROR    app.factory:factory.py:363 Error inesperado: 429 Too Many Requests: 10 per 1 minute
Traceback (most recent call last):
  File "C:\gmao - copia\.venv\Lib\site-packages\flask\app.py", line 880, in full_dispatch_request
    rv = self.dispatch_request()
         ^^^^^^^^^^^^^^^^^^^^^^^
  File "C:\gmao - copia\.venv\Lib\site-packages\flask\app.py", line 865, in dispatch_request
    return self.ensure_sync(self.view_functions[rule.endpoint])(**view_args)  # type: ignore[no-any-return]
           ^^^^^^^^^^^^^^^^^^^^^^^^^^^^^^^^^^^^^^^^^^^^^^^^^^^^^^^^^^^^^^^^^
  File "C:\gmao - copia\.venv\Lib\site-packages\flask_limiter\extension.py", line 1294, in __inner
    self.limiter._check_request_limit(
  File "C:\gmao - copia\.venv\Lib\site-packages\flask_limiter\extension.py", line 1152, in _check_request_limit
    raise e
  File "C:\gmao - copia\.venv\Lib\site-packages\flask_limiter\extension.py", line 1149, in _check_request_limit
    self.__evaluate_limits(endpoint, all_limits)
  File "C:\gmao - copia\.venv\Lib\site-packages\flask_limiter\extension.py", line 1133, in __evaluate_limits
    raise RateLimitExceeded(
flask_limiter.errors.RateLimitExceeded: 429 Too Many Requests: 10 per 1 minute
__________ ERROR at setup of test_activos_estadisticas_authenticated __________

app = <Flask 'app.factory'>, client = <FlaskClient <Flask 'app.factory'>>

    @pytest.fixture(scope="function")
    def authenticated_client(app, client):
        """Cliente con sesi¾n autenticada para pruebas de seguridad."""
        # Crear usuario admin si no existe
        with app.app_context():
            admin = Usuario.query.filter_by(username="admin").first()
            if not admin:
                admin = Usuario(
                    username="admin",
                    email="admin@example.com",
                    nombre="Administrador",
                    rol="Administrador",
                    activo=True,
                )
                admin.set_password("admin123")
                db.session.add(admin)
                db.session.commit()
    
        # Iniciar sesi¾n usando el endpoint de login JSON sin mantener
        # el contexto del cliente abierto durante toda la prueba.
        resp = client.post(
            "/login",
            json={"username": "admin", "password": "admin123"},
            headers={"Content-Type": "application/json"},
        )
>       assert resp.status_code in [200, 302]
E       assert 500 in [200, 302]
E        +  where 500 = <WrapperTestResponse streamed [500 INTERNAL SERVER ERROR]>.status_code

tests\conftest.py:96: AssertionError
----------------------------- Captured log setup ------------------------------
ERROR    app.factory:factory.py:363 Error inesperado: 429 Too Many Requests: 10 per 1 minute
Traceback (most recent call last):
  File "C:\gmao - copia\.venv\Lib\site-packages\flask\app.py", line 880, in full_dispatch_request
    rv = self.dispatch_request()
         ^^^^^^^^^^^^^^^^^^^^^^^
  File "C:\gmao - copia\.venv\Lib\site-packages\flask\app.py", line 865, in dispatch_request
    return self.ensure_sync(self.view_functions[rule.endpoint])(**view_args)  # type: ignore[no-any-return]
           ^^^^^^^^^^^^^^^^^^^^^^^^^^^^^^^^^^^^^^^^^^^^^^^^^^^^^^^^^^^^^^^^^
  File "C:\gmao - copia\.venv\Lib\site-packages\flask_limiter\extension.py", line 1294, in __inner
    self.limiter._check_request_limit(
  File "C:\gmao - copia\.venv\Lib\site-packages\flask_limiter\extension.py", line 1152, in _check_request_limit
    raise e
  File "C:\gmao - copia\.venv\Lib\site-packages\flask_limiter\extension.py", line 1149, in _check_request_limit
    self.__evaluate_limits(endpoint, all_limits)
  File "C:\gmao - copia\.venv\Lib\site-packages\flask_limiter\extension.py", line 1133, in __evaluate_limits
    raise RateLimitExceeded(
flask_limiter.errors.RateLimitExceeded: 429 Too Many Requests: 10 per 1 minute
________ ERROR at setup of test_inventario_estadisticas_authenticated _________

app = <Flask 'app.factory'>, client = <FlaskClient <Flask 'app.factory'>>

    @pytest.fixture(scope="function")
    def authenticated_client(app, client):
        """Cliente con sesi¾n autenticada para pruebas de seguridad."""
        # Crear usuario admin si no existe
        with app.app_context():
            admin = Usuario.query.filter_by(username="admin").first()
            if not admin:
                admin = Usuario(
                    username="admin",
                    email="admin@example.com",
                    nombre="Administrador",
                    rol="Administrador",
                    activo=True,
                )
                admin.set_password("admin123")
                db.session.add(admin)
                db.session.commit()
    
        # Iniciar sesi¾n usando el endpoint de login JSON sin mantener
        # el contexto del cliente abierto durante toda la prueba.
        resp = client.post(
            "/login",
            json={"username": "admin", "password": "admin123"},
            headers={"Content-Type": "application/json"},
        )
>       assert resp.status_code in [200, 302]
E       assert 500 in [200, 302]
E        +  where 500 = <WrapperTestResponse streamed [500 INTERNAL SERVER ERROR]>.status_code

tests\conftest.py:96: AssertionError
----------------------------- Captured log setup ------------------------------
ERROR    app.factory:factory.py:363 Error inesperado: 429 Too Many Requests: 10 per 1 minute
Traceback (most recent call last):
  File "C:\gmao - copia\.venv\Lib\site-packages\flask\app.py", line 880, in full_dispatch_request
    rv = self.dispatch_request()
         ^^^^^^^^^^^^^^^^^^^^^^^
  File "C:\gmao - copia\.venv\Lib\site-packages\flask\app.py", line 865, in dispatch_request
    return self.ensure_sync(self.view_functions[rule.endpoint])(**view_args)  # type: ignore[no-any-return]
           ^^^^^^^^^^^^^^^^^^^^^^^^^^^^^^^^^^^^^^^^^^^^^^^^^^^^^^^^^^^^^^^^^
  File "C:\gmao - copia\.venv\Lib\site-packages\flask_limiter\extension.py", line 1294, in __inner
    self.limiter._check_request_limit(
  File "C:\gmao - copia\.venv\Lib\site-packages\flask_limiter\extension.py", line 1152, in _check_request_limit
    raise e
  File "C:\gmao - copia\.venv\Lib\site-packages\flask_limiter\extension.py", line 1149, in _check_request_limit
    self.__evaluate_limits(endpoint, all_limits)
  File "C:\gmao - copia\.venv\Lib\site-packages\flask_limiter\extension.py", line 1133, in __evaluate_limits
    raise RateLimitExceeded(
flask_limiter.errors.RateLimitExceeded: 429 Too Many Requests: 10 per 1 minute
__________ ERROR at setup of test_planes_estadisticas_authenticated ___________

app = <Flask 'app.factory'>, client = <FlaskClient <Flask 'app.factory'>>

    @pytest.fixture(scope="function")
    def authenticated_client(app, client):
        """Cliente con sesi¾n autenticada para pruebas de seguridad."""
        # Crear usuario admin si no existe
        with app.app_context():
            admin = Usuario.query.filter_by(username="admin").first()
            if not admin:
                admin = Usuario(
                    username="admin",
                    email="admin@example.com",
                    nombre="Administrador",
                    rol="Administrador",
                    activo=True,
                )
                admin.set_password("admin123")
                db.session.add(admin)
                db.session.commit()
    
        # Iniciar sesi¾n usando el endpoint de login JSON sin mantener
        # el contexto del cliente abierto durante toda la prueba.
        resp = client.post(
            "/login",
            json={"username": "admin", "password": "admin123"},
            headers={"Content-Type": "application/json"},
        )
>       assert resp.status_code in [200, 302]
E       assert 500 in [200, 302]
E        +  where 500 = <WrapperTestResponse streamed [500 INTERNAL SERVER ERROR]>.status_code

tests\conftest.py:96: AssertionError
----------------------------- Captured log setup ------------------------------
ERROR    app.factory:factory.py:363 Error inesperado: 429 Too Many Requests: 10 per 1 minute
Traceback (most recent call last):
  File "C:\gmao - copia\.venv\Lib\site-packages\flask\app.py", line 880, in full_dispatch_request
    rv = self.dispatch_request()
         ^^^^^^^^^^^^^^^^^^^^^^^
  File "C:\gmao - copia\.venv\Lib\site-packages\flask\app.py", line 865, in dispatch_request
    return self.ensure_sync(self.view_functions[rule.endpoint])(**view_args)  # type: ignore[no-any-return]
           ^^^^^^^^^^^^^^^^^^^^^^^^^^^^^^^^^^^^^^^^^^^^^^^^^^^^^^^^^^^^^^^^^
  File "C:\gmao - copia\.venv\Lib\site-packages\flask_limiter\extension.py", line 1294, in __inner
    self.limiter._check_request_limit(
  File "C:\gmao - copia\.venv\Lib\site-packages\flask_limiter\extension.py", line 1152, in _check_request_limit
    raise e
  File "C:\gmao - copia\.venv\Lib\site-packages\flask_limiter\extension.py", line 1149, in _check_request_limit
    self.__evaluate_limits(endpoint, all_limits)
  File "C:\gmao - copia\.venv\Lib\site-packages\flask_limiter\extension.py", line 1133, in __evaluate_limits
    raise RateLimitExceeded(
flask_limiter.errors.RateLimitExceeded: 429 Too Many Requests: 10 per 1 minute
________ ERROR at setup of test_proveedores_estadisticas_authenticated ________

app = <Flask 'app.factory'>, client = <FlaskClient <Flask 'app.factory'>>

    @pytest.fixture(scope="function")
    def authenticated_client(app, client):
        """Cliente con sesi¾n autenticada para pruebas de seguridad."""
        # Crear usuario admin si no existe
        with app.app_context():
            admin = Usuario.query.filter_by(username="admin").first()
            if not admin:
                admin = Usuario(
                    username="admin",
                    email="admin@example.com",
                    nombre="Administrador",
                    rol="Administrador",
                    activo=True,
                )
                admin.set_password("admin123")
                db.session.add(admin)
                db.session.commit()
    
        # Iniciar sesi¾n usando el endpoint de login JSON sin mantener
        # el contexto del cliente abierto durante toda la prueba.
        resp = client.post(
            "/login",
            json={"username": "admin", "password": "admin123"},
            headers={"Content-Type": "application/json"},
        )
>       assert resp.status_code in [200, 302]
E       assert 500 in [200, 302]
E        +  where 500 = <WrapperTestResponse streamed [500 INTERNAL SERVER ERROR]>.status_code

tests\conftest.py:96: AssertionError
----------------------------- Captured log setup ------------------------------
ERROR    app.factory:factory.py:363 Error inesperado: 429 Too Many Requests: 10 per 1 minute
Traceback (most recent call last):
  File "C:\gmao - copia\.venv\Lib\site-packages\flask\app.py", line 880, in full_dispatch_request
    rv = self.dispatch_request()
         ^^^^^^^^^^^^^^^^^^^^^^^
  File "C:\gmao - copia\.venv\Lib\site-packages\flask\app.py", line 865, in dispatch_request
    return self.ensure_sync(self.view_functions[rule.endpoint])(**view_args)  # type: ignore[no-any-return]
           ^^^^^^^^^^^^^^^^^^^^^^^^^^^^^^^^^^^^^^^^^^^^^^^^^^^^^^^^^^^^^^^^^
  File "C:\gmao - copia\.venv\Lib\site-packages\flask_limiter\extension.py", line 1294, in __inner
    self.limiter._check_request_limit(
  File "C:\gmao - copia\.venv\Lib\site-packages\flask_limiter\extension.py", line 1152, in _check_request_limit
    raise e
  File "C:\gmao - copia\.venv\Lib\site-packages\flask_limiter\extension.py", line 1149, in _check_request_limit
    self.__evaluate_limits(endpoint, all_limits)
  File "C:\gmao - copia\.venv\Lib\site-packages\flask_limiter\extension.py", line 1133, in __evaluate_limits
    raise RateLimitExceeded(
flask_limiter.errors.RateLimitExceeded: 429 Too Many Requests: 10 per 1 minute
________ ERROR at setup of test_activos_estadisticas_success_structure ________

app = <Flask 'app.factory'>, client = <FlaskClient <Flask 'app.factory'>>

    @pytest.fixture(scope="function")
    def authenticated_client(app, client):
        """Cliente con sesi¾n autenticada para pruebas de seguridad."""
        # Crear usuario admin si no existe
        with app.app_context():
            admin = Usuario.query.filter_by(username="admin").first()
            if not admin:
                admin = Usuario(
                    username="admin",
                    email="admin@example.com",
                    nombre="Administrador",
                    rol="Administrador",
                    activo=True,
                )
                admin.set_password("admin123")
                db.session.add(admin)
                db.session.commit()
    
        # Iniciar sesi¾n usando el endpoint de login JSON sin mantener
        # el contexto del cliente abierto durante toda la prueba.
        resp = client.post(
            "/login",
            json={"username": "admin", "password": "admin123"},
            headers={"Content-Type": "application/json"},
        )
>       assert resp.status_code in [200, 302]
E       assert 500 in [200, 302]
E        +  where 500 = <WrapperTestResponse streamed [500 INTERNAL SERVER ERROR]>.status_code

tests\conftest.py:96: AssertionError
----------------------------- Captured log setup ------------------------------
ERROR    app.factory:factory.py:363 Error inesperado: 429 Too Many Requests: 10 per 1 minute
Traceback (most recent call last):
  File "C:\gmao - copia\.venv\Lib\site-packages\flask\app.py", line 880, in full_dispatch_request
    rv = self.dispatch_request()
         ^^^^^^^^^^^^^^^^^^^^^^^
  File "C:\gmao - copia\.venv\Lib\site-packages\flask\app.py", line 865, in dispatch_request
    return self.ensure_sync(self.view_functions[rule.endpoint])(**view_args)  # type: ignore[no-any-return]
           ^^^^^^^^^^^^^^^^^^^^^^^^^^^^^^^^^^^^^^^^^^^^^^^^^^^^^^^^^^^^^^^^^
  File "C:\gmao - copia\.venv\Lib\site-packages\flask_limiter\extension.py", line 1294, in __inner
    self.limiter._check_request_limit(
  File "C:\gmao - copia\.venv\Lib\site-packages\flask_limiter\extension.py", line 1152, in _check_request_limit
    raise e
  File "C:\gmao - copia\.venv\Lib\site-packages\flask_limiter\extension.py", line 1149, in _check_request_limit
    self.__evaluate_limits(endpoint, all_limits)
  File "C:\gmao - copia\.venv\Lib\site-packages\flask_limiter\extension.py", line 1133, in __evaluate_limits
    raise RateLimitExceeded(
flask_limiter.errors.RateLimitExceeded: 429 Too Many Requests: 10 per 1 minute
______ ERROR at setup of test_proveedores_estadisticas_success_structure ______

app = <Flask 'app.factory'>, client = <FlaskClient <Flask 'app.factory'>>

    @pytest.fixture(scope="function")
    def authenticated_client(app, client):
        """Cliente con sesi¾n autenticada para pruebas de seguridad."""
        # Crear usuario admin si no existe
        with app.app_context():
            admin = Usuario.query.filter_by(username="admin").first()
            if not admin:
                admin = Usuario(
                    username="admin",
                    email="admin@example.com",
                    nombre="Administrador",
                    rol="Administrador",
                    activo=True,
                )
                admin.set_password("admin123")
                db.session.add(admin)
                db.session.commit()
    
        # Iniciar sesi¾n usando el endpoint de login JSON sin mantener
        # el contexto del cliente abierto durante toda la prueba.
        resp = client.post(
            "/login",
            json={"username": "admin", "password": "admin123"},
            headers={"Content-Type": "application/json"},
        )
>       assert resp.status_code in [200, 302]
E       assert 500 in [200, 302]
E        +  where 500 = <WrapperTestResponse streamed [500 INTERNAL SERVER ERROR]>.status_code

tests\conftest.py:96: AssertionError
----------------------------- Captured log setup ------------------------------
ERROR    app.factory:factory.py:363 Error inesperado: 429 Too Many Requests: 10 per 1 minute
Traceback (most recent call last):
  File "C:\gmao - copia\.venv\Lib\site-packages\flask\app.py", line 880, in full_dispatch_request
    rv = self.dispatch_request()
         ^^^^^^^^^^^^^^^^^^^^^^^
  File "C:\gmao - copia\.venv\Lib\site-packages\flask\app.py", line 865, in dispatch_request
    return self.ensure_sync(self.view_functions[rule.endpoint])(**view_args)  # type: ignore[no-any-return]
           ^^^^^^^^^^^^^^^^^^^^^^^^^^^^^^^^^^^^^^^^^^^^^^^^^^^^^^^^^^^^^^^^^
  File "C:\gmao - copia\.venv\Lib\site-packages\flask_limiter\extension.py", line 1294, in __inner
    self.limiter._check_request_limit(
  File "C:\gmao - copia\.venv\Lib\site-packages\flask_limiter\extension.py", line 1152, in _check_request_limit
    raise e
  File "C:\gmao - copia\.venv\Lib\site-packages\flask_limiter\extension.py", line 1149, in _check_request_limit
    self.__evaluate_limits(endpoint, all_limits)
  File "C:\gmao - copia\.venv\Lib\site-packages\flask_limiter\extension.py", line 1133, in __evaluate_limits
    raise RateLimitExceeded(
flask_limiter.errors.RateLimitExceeded: 429 Too Many Requests: 10 per 1 minute
_________ ERROR at setup of test_inventario_list_alias_authenticated __________

app = <Flask 'app.factory'>, client = <FlaskClient <Flask 'app.factory'>>

    @pytest.fixture(scope="function")
    def authenticated_client(app, client):
        """Cliente con sesi¾n autenticada para pruebas de seguridad."""
        # Crear usuario admin si no existe
        with app.app_context():
            admin = Usuario.query.filter_by(username="admin").first()
            if not admin:
                admin = Usuario(
                    username="admin",
                    email="admin@example.com",
                    nombre="Administrador",
                    rol="Administrador",
                    activo=True,
                )
                admin.set_password("admin123")
                db.session.add(admin)
                db.session.commit()
    
        # Iniciar sesi¾n usando el endpoint de login JSON sin mantener
        # el contexto del cliente abierto durante toda la prueba.
        resp = client.post(
            "/login",
            json={"username": "admin", "password": "admin123"},
            headers={"Content-Type": "application/json"},
        )
>       assert resp.status_code in [200, 302]
E       assert 500 in [200, 302]
E        +  where 500 = <WrapperTestResponse streamed [500 INTERNAL SERVER ERROR]>.status_code

tests\conftest.py:96: AssertionError
----------------------------- Captured log setup ------------------------------
ERROR    app.factory:factory.py:363 Error inesperado: 429 Too Many Requests: 10 per 1 minute
Traceback (most recent call last):
  File "C:\gmao - copia\.venv\Lib\site-packages\flask\app.py", line 880, in full_dispatch_request
    rv = self.dispatch_request()
         ^^^^^^^^^^^^^^^^^^^^^^^
  File "C:\gmao - copia\.venv\Lib\site-packages\flask\app.py", line 865, in dispatch_request
    return self.ensure_sync(self.view_functions[rule.endpoint])(**view_args)  # type: ignore[no-any-return]
           ^^^^^^^^^^^^^^^^^^^^^^^^^^^^^^^^^^^^^^^^^^^^^^^^^^^^^^^^^^^^^^^^^
  File "C:\gmao - copia\.venv\Lib\site-packages\flask_limiter\extension.py", line 1294, in __inner
    self.limiter._check_request_limit(
  File "C:\gmao - copia\.venv\Lib\site-packages\flask_limiter\extension.py", line 1152, in _check_request_limit
    raise e
  File "C:\gmao - copia\.venv\Lib\site-packages\flask_limiter\extension.py", line 1149, in _check_request_limit
    self.__evaluate_limits(endpoint, all_limits)
  File "C:\gmao - copia\.venv\Lib\site-packages\flask_limiter\extension.py", line 1133, in __evaluate_limits
    raise RateLimitExceeded(
flask_limiter.errors.RateLimitExceeded: 429 Too Many Requests: 10 per 1 minute
__________ ERROR at setup of test_inventario_articulos_authenticated __________

app = <Flask 'app.factory'>, client = <FlaskClient <Flask 'app.factory'>>

    @pytest.fixture(scope="function")
    def authenticated_client(app, client):
        """Cliente con sesi¾n autenticada para pruebas de seguridad."""
        # Crear usuario admin si no existe
        with app.app_context():
            admin = Usuario.query.filter_by(username="admin").first()
            if not admin:
                admin = Usuario(
                    username="admin",
                    email="admin@example.com",
                    nombre="Administrador",
                    rol="Administrador",
                    activo=True,
                )
                admin.set_password("admin123")
                db.session.add(admin)
                db.session.commit()
    
        # Iniciar sesi¾n usando el endpoint de login JSON sin mantener
        # el contexto del cliente abierto durante toda la prueba.
        resp = client.post(
            "/login",
            json={"username": "admin", "password": "admin123"},
            headers={"Content-Type": "application/json"},
        )
>       assert resp.status_code in [200, 302]
E       assert 500 in [200, 302]
E        +  where 500 = <WrapperTestResponse streamed [500 INTERNAL SERVER ERROR]>.status_code

tests\conftest.py:96: AssertionError
----------------------------- Captured log setup ------------------------------
ERROR    app.factory:factory.py:363 Error inesperado: 429 Too Many Requests: 10 per 1 minute
Traceback (most recent call last):
  File "C:\gmao - copia\.venv\Lib\site-packages\flask\app.py", line 880, in full_dispatch_request
    rv = self.dispatch_request()
         ^^^^^^^^^^^^^^^^^^^^^^^
  File "C:\gmao - copia\.venv\Lib\site-packages\flask\app.py", line 865, in dispatch_request
    return self.ensure_sync(self.view_functions[rule.endpoint])(**view_args)  # type: ignore[no-any-return]
           ^^^^^^^^^^^^^^^^^^^^^^^^^^^^^^^^^^^^^^^^^^^^^^^^^^^^^^^^^^^^^^^^^
  File "C:\gmao - copia\.venv\Lib\site-packages\flask_limiter\extension.py", line 1294, in __inner
    self.limiter._check_request_limit(
  File "C:\gmao - copia\.venv\Lib\site-packages\flask_limiter\extension.py", line 1152, in _check_request_limit
    raise e
  File "C:\gmao - copia\.venv\Lib\site-packages\flask_limiter\extension.py", line 1149, in _check_request_limit
    self.__evaluate_limits(endpoint, all_limits)
  File "C:\gmao - copia\.venv\Lib\site-packages\flask_limiter\extension.py", line 1133, in __evaluate_limits
    raise RateLimitExceeded(
flask_limiter.errors.RateLimitExceeded: 429 Too Many Requests: 10 per 1 minute
___________ ERROR at setup of test_inventario_conteos_authenticated ___________

app = <Flask 'app.factory'>, client = <FlaskClient <Flask 'app.factory'>>

    @pytest.fixture(scope="function")
    def authenticated_client(app, client):
        """Cliente con sesi¾n autenticada para pruebas de seguridad."""
        # Crear usuario admin si no existe
        with app.app_context():
            admin = Usuario.query.filter_by(username="admin").first()
            if not admin:
                admin = Usuario(
                    username="admin",
                    email="admin@example.com",
                    nombre="Administrador",
                    rol="Administrador",
                    activo=True,
                )
                admin.set_password("admin123")
                db.session.add(admin)
                db.session.commit()
    
        # Iniciar sesi¾n usando el endpoint de login JSON sin mantener
        # el contexto del cliente abierto durante toda la prueba.
        resp = client.post(
            "/login",
            json={"username": "admin", "password": "admin123"},
            headers={"Content-Type": "application/json"},
        )
>       assert resp.status_code in [200, 302]
E       assert 500 in [200, 302]
E        +  where 500 = <WrapperTestResponse streamed [500 INTERNAL SERVER ERROR]>.status_code

tests\conftest.py:96: AssertionError
----------------------------- Captured log setup ------------------------------
ERROR    app.factory:factory.py:363 Error inesperado: 429 Too Many Requests: 10 per 1 minute
Traceback (most recent call last):
  File "C:\gmao - copia\.venv\Lib\site-packages\flask\app.py", line 880, in full_dispatch_request
    rv = self.dispatch_request()
         ^^^^^^^^^^^^^^^^^^^^^^^
  File "C:\gmao - copia\.venv\Lib\site-packages\flask\app.py", line 865, in dispatch_request
    return self.ensure_sync(self.view_functions[rule.endpoint])(**view_args)  # type: ignore[no-any-return]
           ^^^^^^^^^^^^^^^^^^^^^^^^^^^^^^^^^^^^^^^^^^^^^^^^^^^^^^^^^^^^^^^^^
  File "C:\gmao - copia\.venv\Lib\site-packages\flask_limiter\extension.py", line 1294, in __inner
    self.limiter._check_request_limit(
  File "C:\gmao - copia\.venv\Lib\site-packages\flask_limiter\extension.py", line 1152, in _check_request_limit
    raise e
  File "C:\gmao - copia\.venv\Lib\site-packages\flask_limiter\extension.py", line 1149, in _check_request_limit
    self.__evaluate_limits(endpoint, all_limits)
  File "C:\gmao - copia\.venv\Lib\site-packages\flask_limiter\extension.py", line 1133, in __evaluate_limits
    raise RateLimitExceeded(
flask_limiter.errors.RateLimitExceeded: 429 Too Many Requests: 10 per 1 minute
_______ ERROR at setup of test_inventario_conteos_resumen_authenticated _______

app = <Flask 'app.factory'>, client = <FlaskClient <Flask 'app.factory'>>

    @pytest.fixture(scope="function")
    def authenticated_client(app, client):
        """Cliente con sesi¾n autenticada para pruebas de seguridad."""
        # Crear usuario admin si no existe
        with app.app_context():
            admin = Usuario.query.filter_by(username="admin").first()
            if not admin:
                admin = Usuario(
                    username="admin",
                    email="admin@example.com",
                    nombre="Administrador",
                    rol="Administrador",
                    activo=True,
                )
                admin.set_password("admin123")
                db.session.add(admin)
                db.session.commit()
    
        # Iniciar sesi¾n usando el endpoint de login JSON sin mantener
        # el contexto del cliente abierto durante toda la prueba.
        resp = client.post(
            "/login",
            json={"username": "admin", "password": "admin123"},
            headers={"Content-Type": "application/json"},
        )
>       assert resp.status_code in [200, 302]
E       assert 500 in [200, 302]
E        +  where 500 = <WrapperTestResponse streamed [500 INTERNAL SERVER ERROR]>.status_code

tests\conftest.py:96: AssertionError
----------------------------- Captured log setup ------------------------------
ERROR    app.factory:factory.py:363 Error inesperado: 429 Too Many Requests: 10 per 1 minute
Traceback (most recent call last):
  File "C:\gmao - copia\.venv\Lib\site-packages\flask\app.py", line 880, in full_dispatch_request
    rv = self.dispatch_request()
         ^^^^^^^^^^^^^^^^^^^^^^^
  File "C:\gmao - copia\.venv\Lib\site-packages\flask\app.py", line 865, in dispatch_request
    return self.ensure_sync(self.view_functions[rule.endpoint])(**view_args)  # type: ignore[no-any-return]
           ^^^^^^^^^^^^^^^^^^^^^^^^^^^^^^^^^^^^^^^^^^^^^^^^^^^^^^^^^^^^^^^^^
  File "C:\gmao - copia\.venv\Lib\site-packages\flask_limiter\extension.py", line 1294, in __inner
    self.limiter._check_request_limit(
  File "C:\gmao - copia\.venv\Lib\site-packages\flask_limiter\extension.py", line 1152, in _check_request_limit
    raise e
  File "C:\gmao - copia\.venv\Lib\site-packages\flask_limiter\extension.py", line 1149, in _check_request_limit
    self.__evaluate_limits(endpoint, all_limits)
  File "C:\gmao - copia\.venv\Lib\site-packages\flask_limiter\extension.py", line 1133, in __evaluate_limits
    raise RateLimitExceeded(
flask_limiter.errors.RateLimitExceeded: 429 Too Many Requests: 10 per 1 minute
__________ ERROR at setup of test_inventario_periodos_authenticated ___________

app = <Flask 'app.factory'>, client = <FlaskClient <Flask 'app.factory'>>

    @pytest.fixture(scope="function")
    def authenticated_client(app, client):
        """Cliente con sesi¾n autenticada para pruebas de seguridad."""
        # Crear usuario admin si no existe
        with app.app_context():
            admin = Usuario.query.filter_by(username="admin").first()
            if not admin:
                admin = Usuario(
                    username="admin",
                    email="admin@example.com",
                    nombre="Administrador",
                    rol="Administrador",
                    activo=True,
                )
                admin.set_password("admin123")
                db.session.add(admin)
                db.session.commit()
    
        # Iniciar sesi¾n usando el endpoint de login JSON sin mantener
        # el contexto del cliente abierto durante toda la prueba.
        resp = client.post(
            "/login",
            json={"username": "admin", "password": "admin123"},
            headers={"Content-Type": "application/json"},
        )
>       assert resp.status_code in [200, 302]
E       assert 500 in [200, 302]
E        +  where 500 = <WrapperTestResponse streamed [500 INTERNAL SERVER ERROR]>.status_code

tests\conftest.py:96: AssertionError
----------------------------- Captured log setup ------------------------------
ERROR    app.factory:factory.py:363 Error inesperado: 429 Too Many Requests: 10 per 1 minute
Traceback (most recent call last):
  File "C:\gmao - copia\.venv\Lib\site-packages\flask\app.py", line 880, in full_dispatch_request
    rv = self.dispatch_request()
         ^^^^^^^^^^^^^^^^^^^^^^^
  File "C:\gmao - copia\.venv\Lib\site-packages\flask\app.py", line 865, in dispatch_request
    return self.ensure_sync(self.view_functions[rule.endpoint])(**view_args)  # type: ignore[no-any-return]
           ^^^^^^^^^^^^^^^^^^^^^^^^^^^^^^^^^^^^^^^^^^^^^^^^^^^^^^^^^^^^^^^^^
  File "C:\gmao - copia\.venv\Lib\site-packages\flask_limiter\extension.py", line 1294, in __inner
    self.limiter._check_request_limit(
  File "C:\gmao - copia\.venv\Lib\site-packages\flask_limiter\extension.py", line 1152, in _check_request_limit
    raise e
  File "C:\gmao - copia\.venv\Lib\site-packages\flask_limiter\extension.py", line 1149, in _check_request_limit
    self.__evaluate_limits(endpoint, all_limits)
  File "C:\gmao - copia\.venv\Lib\site-packages\flask_limiter\extension.py", line 1133, in __evaluate_limits
    raise RateLimitExceeded(
flask_limiter.errors.RateLimitExceeded: 429 Too Many Requests: 10 per 1 minute
__________ ERROR at setup of test_login_get_authenticated_redirects ___________

app = <Flask 'app.factory'>, client = <FlaskClient <Flask 'app.factory'>>

    @pytest.fixture(scope="function")
    def authenticated_client(app, client):
        """Cliente con sesi¾n autenticada para pruebas de seguridad."""
        # Crear usuario admin si no existe
        with app.app_context():
            admin = Usuario.query.filter_by(username="admin").first()
            if not admin:
                admin = Usuario(
                    username="admin",
                    email="admin@example.com",
                    nombre="Administrador",
                    rol="Administrador",
                    activo=True,
                )
                admin.set_password("admin123")
                db.session.add(admin)
                db.session.commit()
    
        # Iniciar sesi¾n usando el endpoint de login JSON sin mantener
        # el contexto del cliente abierto durante toda la prueba.
        resp = client.post(
            "/login",
            json={"username": "admin", "password": "admin123"},
            headers={"Content-Type": "application/json"},
        )
>       assert resp.status_code in [200, 302]
E       assert 500 in [200, 302]
E        +  where 500 = <WrapperTestResponse streamed [500 INTERNAL SERVER ERROR]>.status_code

tests\conftest.py:96: AssertionError
----------------------------- Captured log setup ------------------------------
ERROR    app.factory:factory.py:363 Error inesperado: 429 Too Many Requests: 10 per 1 minute
Traceback (most recent call last):
  File "C:\gmao - copia\.venv\Lib\site-packages\flask\app.py", line 880, in full_dispatch_request
    rv = self.dispatch_request()
         ^^^^^^^^^^^^^^^^^^^^^^^
  File "C:\gmao - copia\.venv\Lib\site-packages\flask\app.py", line 865, in dispatch_request
    return self.ensure_sync(self.view_functions[rule.endpoint])(**view_args)  # type: ignore[no-any-return]
           ^^^^^^^^^^^^^^^^^^^^^^^^^^^^^^^^^^^^^^^^^^^^^^^^^^^^^^^^^^^^^^^^^
  File "C:\gmao - copia\.venv\Lib\site-packages\flask_limiter\extension.py", line 1294, in __inner
    self.limiter._check_request_limit(
  File "C:\gmao - copia\.venv\Lib\site-packages\flask_limiter\extension.py", line 1152, in _check_request_limit
    raise e
  File "C:\gmao - copia\.venv\Lib\site-packages\flask_limiter\extension.py", line 1149, in _check_request_limit
    self.__evaluate_limits(endpoint, all_limits)
  File "C:\gmao - copia\.venv\Lib\site-packages\flask_limiter\extension.py", line 1133, in __evaluate_limits
    raise RateLimitExceeded(
flask_limiter.errors.RateLimitExceeded: 429 Too Many Requests: 10 per 1 minute
_______ ERROR at setup of test_logout_authenticated_redirects_to_login ________

app = <Flask 'app.factory'>, client = <FlaskClient <Flask 'app.factory'>>

    @pytest.fixture(scope="function")
    def authenticated_client(app, client):
        """Cliente con sesi¾n autenticada para pruebas de seguridad."""
        # Crear usuario admin si no existe
        with app.app_context():
            admin = Usuario.query.filter_by(username="admin").first()
            if not admin:
                admin = Usuario(
                    username="admin",
                    email="admin@example.com",
                    nombre="Administrador",
                    rol="Administrador",
                    activo=True,
                )
                admin.set_password("admin123")
                db.session.add(admin)
                db.session.commit()
    
        # Iniciar sesi¾n usando el endpoint de login JSON sin mantener
        # el contexto del cliente abierto durante toda la prueba.
        resp = client.post(
            "/login",
            json={"username": "admin", "password": "admin123"},
            headers={"Content-Type": "application/json"},
        )
>       assert resp.status_code in [200, 302]
E       assert 500 in [200, 302]
E        +  where 500 = <WrapperTestResponse streamed [500 INTERNAL SERVER ERROR]>.status_code

tests\conftest.py:96: AssertionError
----------------------------- Captured log setup ------------------------------
ERROR    app.factory:factory.py:363 Error inesperado: 429 Too Many Requests: 10 per 1 minute
Traceback (most recent call last):
  File "C:\gmao - copia\.venv\Lib\site-packages\flask\app.py", line 880, in full_dispatch_request
    rv = self.dispatch_request()
         ^^^^^^^^^^^^^^^^^^^^^^^
  File "C:\gmao - copia\.venv\Lib\site-packages\flask\app.py", line 865, in dispatch_request
    return self.ensure_sync(self.view_functions[rule.endpoint])(**view_args)  # type: ignore[no-any-return]
           ^^^^^^^^^^^^^^^^^^^^^^^^^^^^^^^^^^^^^^^^^^^^^^^^^^^^^^^^^^^^^^^^^
  File "C:\gmao - copia\.venv\Lib\site-packages\flask_limiter\extension.py", line 1294, in __inner
    self.limiter._check_request_limit(
  File "C:\gmao - copia\.venv\Lib\site-packages\flask_limiter\extension.py", line 1152, in _check_request_limit
    raise e
  File "C:\gmao - copia\.venv\Lib\site-packages\flask_limiter\extension.py", line 1149, in _check_request_limit
    self.__evaluate_limits(endpoint, all_limits)
  File "C:\gmao - copia\.venv\Lib\site-packages\flask_limiter\extension.py", line 1133, in __evaluate_limits
    raise RateLimitExceeded(
flask_limiter.errors.RateLimitExceeded: 429 Too Many Requests: 10 per 1 minute
____________ ERROR at setup of test_ordenes_page_authenticated_ok _____________

app = <Flask 'app.factory'>, client = <FlaskClient <Flask 'app.factory'>>

    @pytest.fixture(scope="function")
    def authenticated_client(app, client):
        """Cliente con sesi¾n autenticada para pruebas de seguridad."""
        # Crear usuario admin si no existe
        with app.app_context():
            admin = Usuario.query.filter_by(username="admin").first()
            if not admin:
                admin = Usuario(
                    username="admin",
                    email="admin@example.com",
                    nombre="Administrador",
                    rol="Administrador",
                    activo=True,
                )
                admin.set_password("admin123")
                db.session.add(admin)
                db.session.commit()
    
        # Iniciar sesi¾n usando el endpoint de login JSON sin mantener
        # el contexto del cliente abierto durante toda la prueba.
        resp = client.post(
            "/login",
            json={"username": "admin", "password": "admin123"},
            headers={"Content-Type": "application/json"},
        )
>       assert resp.status_code in [200, 302]
E       assert 500 in [200, 302]
E        +  where 500 = <WrapperTestResponse streamed [500 INTERNAL SERVER ERROR]>.status_code

tests\conftest.py:96: AssertionError
----------------------------- Captured log setup ------------------------------
ERROR    app.factory:factory.py:363 Error inesperado: 429 Too Many Requests: 10 per 1 minute
Traceback (most recent call last):
  File "C:\gmao - copia\.venv\Lib\site-packages\flask\app.py", line 880, in full_dispatch_request
    rv = self.dispatch_request()
         ^^^^^^^^^^^^^^^^^^^^^^^
  File "C:\gmao - copia\.venv\Lib\site-packages\flask\app.py", line 865, in dispatch_request
    return self.ensure_sync(self.view_functions[rule.endpoint])(**view_args)  # type: ignore[no-any-return]
           ^^^^^^^^^^^^^^^^^^^^^^^^^^^^^^^^^^^^^^^^^^^^^^^^^^^^^^^^^^^^^^^^^
  File "C:\gmao - copia\.venv\Lib\site-packages\flask_limiter\extension.py", line 1294, in __inner
    self.limiter._check_request_limit(
  File "C:\gmao - copia\.venv\Lib\site-packages\flask_limiter\extension.py", line 1152, in _check_request_limit
    raise e
  File "C:\gmao - copia\.venv\Lib\site-packages\flask_limiter\extension.py", line 1149, in _check_request_limit
    self.__evaluate_limits(endpoint, all_limits)
  File "C:\gmao - copia\.venv\Lib\site-packages\flask_limiter\extension.py", line 1133, in __evaluate_limits
    raise RateLimitExceeded(
flask_limiter.errors.RateLimitExceeded: 429 Too Many Requests: 10 per 1 minute
_______________ ERROR at setup of test_listar_ordenes_api_basic _______________

app = <Flask 'app.factory'>, client = <FlaskClient <Flask 'app.factory'>>

    @pytest.fixture(scope="function")
    def authenticated_client(app, client):
        """Cliente con sesi¾n autenticada para pruebas de seguridad."""
        # Crear usuario admin si no existe
        with app.app_context():
            admin = Usuario.query.filter_by(username="admin").first()
            if not admin:
                admin = Usuario(
                    username="admin",
                    email="admin@example.com",
                    nombre="Administrador",
                    rol="Administrador",
                    activo=True,
                )
                admin.set_password("admin123")
                db.session.add(admin)
                db.session.commit()
    
        # Iniciar sesi¾n usando el endpoint de login JSON sin mantener
        # el contexto del cliente abierto durante toda la prueba.
        resp = client.post(
            "/login",
            json={"username": "admin", "password": "admin123"},
            headers={"Content-Type": "application/json"},
        )
>       assert resp.status_code in [200, 302]
E       assert 500 in [200, 302]
E        +  where 500 = <WrapperTestResponse streamed [500 INTERNAL SERVER ERROR]>.status_code

tests\conftest.py:96: AssertionError
----------------------------- Captured log setup ------------------------------
ERROR    app.factory:factory.py:363 Error inesperado: 429 Too Many Requests: 10 per 1 minute
Traceback (most recent call last):
  File "C:\gmao - copia\.venv\Lib\site-packages\flask\app.py", line 880, in full_dispatch_request
    rv = self.dispatch_request()
         ^^^^^^^^^^^^^^^^^^^^^^^
  File "C:\gmao - copia\.venv\Lib\site-packages\flask\app.py", line 865, in dispatch_request
    return self.ensure_sync(self.view_functions[rule.endpoint])(**view_args)  # type: ignore[no-any-return]
           ^^^^^^^^^^^^^^^^^^^^^^^^^^^^^^^^^^^^^^^^^^^^^^^^^^^^^^^^^^^^^^^^^
  File "C:\gmao - copia\.venv\Lib\site-packages\flask_limiter\extension.py", line 1294, in __inner
    self.limiter._check_request_limit(
  File "C:\gmao - copia\.venv\Lib\site-packages\flask_limiter\extension.py", line 1152, in _check_request_limit
    raise e
  File "C:\gmao - copia\.venv\Lib\site-packages\flask_limiter\extension.py", line 1149, in _check_request_limit
    self.__evaluate_limits(endpoint, all_limits)
  File "C:\gmao - copia\.venv\Lib\site-packages\flask_limiter\extension.py", line 1133, in __evaluate_limits
    raise RateLimitExceeded(
flask_limiter.errors.RateLimitExceeded: 429 Too Many Requests: 10 per 1 minute
_____________ ERROR at setup of test_listar_ordenes_api_paginado ______________

app = <Flask 'app.factory'>, client = <FlaskClient <Flask 'app.factory'>>

    @pytest.fixture(scope="function")
    def authenticated_client(app, client):
        """Cliente con sesi¾n autenticada para pruebas de seguridad."""
        # Crear usuario admin si no existe
        with app.app_context():
            admin = Usuario.query.filter_by(username="admin").first()
            if not admin:
                admin = Usuario(
                    username="admin",
                    email="admin@example.com",
                    nombre="Administrador",
                    rol="Administrador",
                    activo=True,
                )
                admin.set_password("admin123")
                db.session.add(admin)
                db.session.commit()
    
        # Iniciar sesi¾n usando el endpoint de login JSON sin mantener
        # el contexto del cliente abierto durante toda la prueba.
        resp = client.post(
            "/login",
            json={"username": "admin", "password": "admin123"},
            headers={"Content-Type": "application/json"},
        )
>       assert resp.status_code in [200, 302]
E       assert 500 in [200, 302]
E        +  where 500 = <WrapperTestResponse streamed [500 INTERNAL SERVER ERROR]>.status_code

tests\conftest.py:96: AssertionError
----------------------------- Captured log setup ------------------------------
ERROR    app.factory:factory.py:363 Error inesperado: 429 Too Many Requests: 10 per 1 minute
Traceback (most recent call last):
  File "C:\gmao - copia\.venv\Lib\site-packages\flask\app.py", line 880, in full_dispatch_request
    rv = self.dispatch_request()
         ^^^^^^^^^^^^^^^^^^^^^^^
  File "C:\gmao - copia\.venv\Lib\site-packages\flask\app.py", line 865, in dispatch_request
    return self.ensure_sync(self.view_functions[rule.endpoint])(**view_args)  # type: ignore[no-any-return]
           ^^^^^^^^^^^^^^^^^^^^^^^^^^^^^^^^^^^^^^^^^^^^^^^^^^^^^^^^^^^^^^^^^
  File "C:\gmao - copia\.venv\Lib\site-packages\flask_limiter\extension.py", line 1294, in __inner
    self.limiter._check_request_limit(
  File "C:\gmao - copia\.venv\Lib\site-packages\flask_limiter\extension.py", line 1152, in _check_request_limit
    raise e
  File "C:\gmao - copia\.venv\Lib\site-packages\flask_limiter\extension.py", line 1149, in _check_request_limit
    self.__evaluate_limits(endpoint, all_limits)
  File "C:\gmao - copia\.venv\Lib\site-packages\flask_limiter\extension.py", line 1133, in __evaluate_limits
    raise RateLimitExceeded(
flask_limiter.errors.RateLimitExceeded: 429 Too Many Requests: 10 per 1 minute
_________ ERROR at setup of test_crear_actualizar_eliminar_orden_flow _________

app = <Flask 'app.factory'>, client = <FlaskClient <Flask 'app.factory'>>

    @pytest.fixture(scope="function")
    def authenticated_client(app, client):
        """Cliente con sesi¾n autenticada para pruebas de seguridad."""
        # Crear usuario admin si no existe
        with app.app_context():
            admin = Usuario.query.filter_by(username="admin").first()
            if not admin:
                admin = Usuario(
                    username="admin",
                    email="admin@example.com",
                    nombre="Administrador",
                    rol="Administrador",
                    activo=True,
                )
                admin.set_password("admin123")
                db.session.add(admin)
                db.session.commit()
    
        # Iniciar sesi¾n usando el endpoint de login JSON sin mantener
        # el contexto del cliente abierto durante toda la prueba.
        resp = client.post(
            "/login",
            json={"username": "admin", "password": "admin123"},
            headers={"Content-Type": "application/json"},
        )
>       assert resp.status_code in [200, 302]
E       assert 500 in [200, 302]
E        +  where 500 = <WrapperTestResponse streamed [500 INTERNAL SERVER ERROR]>.status_code

tests\conftest.py:96: AssertionError
----------------------------- Captured log setup ------------------------------
ERROR    app.factory:factory.py:363 Error inesperado: 429 Too Many Requests: 10 per 1 minute
Traceback (most recent call last):
  File "C:\gmao - copia\.venv\Lib\site-packages\flask\app.py", line 880, in full_dispatch_request
    rv = self.dispatch_request()
         ^^^^^^^^^^^^^^^^^^^^^^^
  File "C:\gmao - copia\.venv\Lib\site-packages\flask\app.py", line 865, in dispatch_request
    return self.ensure_sync(self.view_functions[rule.endpoint])(**view_args)  # type: ignore[no-any-return]
           ^^^^^^^^^^^^^^^^^^^^^^^^^^^^^^^^^^^^^^^^^^^^^^^^^^^^^^^^^^^^^^^^^
  File "C:\gmao - copia\.venv\Lib\site-packages\flask_limiter\extension.py", line 1294, in __inner
    self.limiter._check_request_limit(
  File "C:\gmao - copia\.venv\Lib\site-packages\flask_limiter\extension.py", line 1152, in _check_request_limit
    raise e
  File "C:\gmao - copia\.venv\Lib\site-packages\flask_limiter\extension.py", line 1149, in _check_request_limit
    self.__evaluate_limits(endpoint, all_limits)
  File "C:\gmao - copia\.venv\Lib\site-packages\flask_limiter\extension.py", line 1133, in __evaluate_limits
    raise RateLimitExceeded(
flask_limiter.errors.RateLimitExceeded: 429 Too Many Requests: 10 per 1 minute
______________ ERROR at setup of test_actualizar_estado_invalido ______________

app = <Flask 'app.factory'>, client = <FlaskClient <Flask 'app.factory'>>

    @pytest.fixture(scope="function")
    def authenticated_client(app, client):
        """Cliente con sesi¾n autenticada para pruebas de seguridad."""
        # Crear usuario admin si no existe
        with app.app_context():
            admin = Usuario.query.filter_by(username="admin").first()
            if not admin:
                admin = Usuario(
                    username="admin",
                    email="admin@example.com",
                    nombre="Administrador",
                    rol="Administrador",
                    activo=True,
                )
                admin.set_password("admin123")
                db.session.add(admin)
                db.session.commit()
    
        # Iniciar sesi¾n usando el endpoint de login JSON sin mantener
        # el contexto del cliente abierto durante toda la prueba.
        resp = client.post(
            "/login",
            json={"username": "admin", "password": "admin123"},
            headers={"Content-Type": "application/json"},
        )
>       assert resp.status_code in [200, 302]
E       assert 500 in [200, 302]
E        +  where 500 = <WrapperTestResponse streamed [500 INTERNAL SERVER ERROR]>.status_code

tests\conftest.py:96: AssertionError
----------------------------- Captured log setup ------------------------------
ERROR    app.factory:factory.py:363 Error inesperado: 429 Too Many Requests: 10 per 1 minute
Traceback (most recent call last):
  File "C:\gmao - copia\.venv\Lib\site-packages\flask\app.py", line 880, in full_dispatch_request
    rv = self.dispatch_request()
         ^^^^^^^^^^^^^^^^^^^^^^^
  File "C:\gmao - copia\.venv\Lib\site-packages\flask\app.py", line 865, in dispatch_request
    return self.ensure_sync(self.view_functions[rule.endpoint])(**view_args)  # type: ignore[no-any-return]
           ^^^^^^^^^^^^^^^^^^^^^^^^^^^^^^^^^^^^^^^^^^^^^^^^^^^^^^^^^^^^^^^^^
  File "C:\gmao - copia\.venv\Lib\site-packages\flask_limiter\extension.py", line 1294, in __inner
    self.limiter._check_request_limit(
  File "C:\gmao - copia\.venv\Lib\site-packages\flask_limiter\extension.py", line 1152, in _check_request_limit
    raise e
  File "C:\gmao - copia\.venv\Lib\site-packages\flask_limiter\extension.py", line 1149, in _check_request_limit
    self.__evaluate_limits(endpoint, all_limits)
  File "C:\gmao - copia\.venv\Lib\site-packages\flask_limiter\extension.py", line 1133, in __evaluate_limits
    raise RateLimitExceeded(
flask_limiter.errors.RateLimitExceeded: 429 Too Many Requests: 10 per 1 minute
______________ ERROR at setup of test_get_activos_authenticated _______________

app = <Flask 'app.factory'>, client = <FlaskClient <Flask 'app.factory'>>

    @pytest.fixture(scope="function")
    def authenticated_client(app, client):
        """Cliente con sesi¾n autenticada para pruebas de seguridad."""
        # Crear usuario admin si no existe
        with app.app_context():
            admin = Usuario.query.filter_by(username="admin").first()
            if not admin:
                admin = Usuario(
                    username="admin",
                    email="admin@example.com",
                    nombre="Administrador",
                    rol="Administrador",
                    activo=True,
                )
                admin.set_password("admin123")
                db.session.add(admin)
                db.session.commit()
    
        # Iniciar sesi¾n usando el endpoint de login JSON sin mantener
        # el contexto del cliente abierto durante toda la prueba.
        resp = client.post(
            "/login",
            json={"username": "admin", "password": "admin123"},
            headers={"Content-Type": "application/json"},
        )
>       assert resp.status_code in [200, 302]
E       assert 500 in [200, 302]
E        +  where 500 = <WrapperTestResponse streamed [500 INTERNAL SERVER ERROR]>.status_code

tests\conftest.py:96: AssertionError
----------------------------- Captured log setup ------------------------------
ERROR    app.factory:factory.py:363 Error inesperado: 429 Too Many Requests: 10 per 1 minute
Traceback (most recent call last):
  File "C:\gmao - copia\.venv\Lib\site-packages\flask\app.py", line 880, in full_dispatch_request
    rv = self.dispatch_request()
         ^^^^^^^^^^^^^^^^^^^^^^^
  File "C:\gmao - copia\.venv\Lib\site-packages\flask\app.py", line 865, in dispatch_request
    return self.ensure_sync(self.view_functions[rule.endpoint])(**view_args)  # type: ignore[no-any-return]
           ^^^^^^^^^^^^^^^^^^^^^^^^^^^^^^^^^^^^^^^^^^^^^^^^^^^^^^^^^^^^^^^^^
  File "C:\gmao - copia\.venv\Lib\site-packages\flask_limiter\extension.py", line 1294, in __inner
    self.limiter._check_request_limit(
  File "C:\gmao - copia\.venv\Lib\site-packages\flask_limiter\extension.py", line 1152, in _check_request_limit
    raise e
  File "C:\gmao - copia\.venv\Lib\site-packages\flask_limiter\extension.py", line 1149, in _check_request_limit
    self.__evaluate_limits(endpoint, all_limits)
  File "C:\gmao - copia\.venv\Lib\site-packages\flask_limiter\extension.py", line 1133, in __evaluate_limits
    raise RateLimitExceeded(
flask_limiter.errors.RateLimitExceeded: 429 Too Many Requests: 10 per 1 minute
______________ ERROR at setup of test_get_tecnicos_authenticated ______________

app = <Flask 'app.factory'>, client = <FlaskClient <Flask 'app.factory'>>

    @pytest.fixture(scope="function")
    def authenticated_client(app, client):
        """Cliente con sesi¾n autenticada para pruebas de seguridad."""
        # Crear usuario admin si no existe
        with app.app_context():
            admin = Usuario.query.filter_by(username="admin").first()
            if not admin:
                admin = Usuario(
                    username="admin",
                    email="admin@example.com",
                    nombre="Administrador",
                    rol="Administrador",
                    activo=True,
                )
                admin.set_password("admin123")
                db.session.add(admin)
                db.session.commit()
    
        # Iniciar sesi¾n usando el endpoint de login JSON sin mantener
        # el contexto del cliente abierto durante toda la prueba.
        resp = client.post(
            "/login",
            json={"username": "admin", "password": "admin123"},
            headers={"Content-Type": "application/json"},
        )
>       assert resp.status_code in [200, 302]
E       assert 500 in [200, 302]
E        +  where 500 = <WrapperTestResponse streamed [500 INTERNAL SERVER ERROR]>.status_code

tests\conftest.py:96: AssertionError
----------------------------- Captured log setup ------------------------------
ERROR    app.factory:factory.py:363 Error inesperado: 429 Too Many Requests: 10 per 1 minute
Traceback (most recent call last):
  File "C:\gmao - copia\.venv\Lib\site-packages\flask\app.py", line 880, in full_dispatch_request
    rv = self.dispatch_request()
         ^^^^^^^^^^^^^^^^^^^^^^^
  File "C:\gmao - copia\.venv\Lib\site-packages\flask\app.py", line 865, in dispatch_request
    return self.ensure_sync(self.view_functions[rule.endpoint])(**view_args)  # type: ignore[no-any-return]
           ^^^^^^^^^^^^^^^^^^^^^^^^^^^^^^^^^^^^^^^^^^^^^^^^^^^^^^^^^^^^^^^^^
  File "C:\gmao - copia\.venv\Lib\site-packages\flask_limiter\extension.py", line 1294, in __inner
    self.limiter._check_request_limit(
  File "C:\gmao - copia\.venv\Lib\site-packages\flask_limiter\extension.py", line 1152, in _check_request_limit
    raise e
  File "C:\gmao - copia\.venv\Lib\site-packages\flask_limiter\extension.py", line 1149, in _check_request_limit
    self.__evaluate_limits(endpoint, all_limits)
  File "C:\gmao - copia\.venv\Lib\site-packages\flask_limiter\extension.py", line 1133, in __evaluate_limits
    raise RateLimitExceeded(
flask_limiter.errors.RateLimitExceeded: 429 Too Many Requests: 10 per 1 minute
____________ ERROR at setup of test_get_estadisticas_authenticated ____________

app = <Flask 'app.factory'>, client = <FlaskClient <Flask 'app.factory'>>

    @pytest.fixture(scope="function")
    def authenticated_client(app, client):
        """Cliente con sesi¾n autenticada para pruebas de seguridad."""
        # Crear usuario admin si no existe
        with app.app_context():
            admin = Usuario.query.filter_by(username="admin").first()
            if not admin:
                admin = Usuario(
                    username="admin",
                    email="admin@example.com",
                    nombre="Administrador",
                    rol="Administrador",
                    activo=True,
                )
                admin.set_password("admin123")
                db.session.add(admin)
                db.session.commit()
    
        # Iniciar sesi¾n usando el endpoint de login JSON sin mantener
        # el contexto del cliente abierto durante toda la prueba.
        resp = client.post(
            "/login",
            json={"username": "admin", "password": "admin123"},
            headers={"Content-Type": "application/json"},
        )
>       assert resp.status_code in [200, 302]
E       assert 500 in [200, 302]
E        +  where 500 = <WrapperTestResponse streamed [500 INTERNAL SERVER ERROR]>.status_code

tests\conftest.py:96: AssertionError
----------------------------- Captured log setup ------------------------------
ERROR    app.factory:factory.py:363 Error inesperado: 429 Too Many Requests: 10 per 1 minute
Traceback (most recent call last):
  File "C:\gmao - copia\.venv\Lib\site-packages\flask\app.py", line 880, in full_dispatch_request
    rv = self.dispatch_request()
         ^^^^^^^^^^^^^^^^^^^^^^^
  File "C:\gmao - copia\.venv\Lib\site-packages\flask\app.py", line 865, in dispatch_request
    return self.ensure_sync(self.view_functions[rule.endpoint])(**view_args)  # type: ignore[no-any-return]
           ^^^^^^^^^^^^^^^^^^^^^^^^^^^^^^^^^^^^^^^^^^^^^^^^^^^^^^^^^^^^^^^^^
  File "C:\gmao - copia\.venv\Lib\site-packages\flask_limiter\extension.py", line 1294, in __inner
    self.limiter._check_request_limit(
  File "C:\gmao - copia\.venv\Lib\site-packages\flask_limiter\extension.py", line 1152, in _check_request_limit
    raise e
  File "C:\gmao - copia\.venv\Lib\site-packages\flask_limiter\extension.py", line 1149, in _check_request_limit
    self.__evaluate_limits(endpoint, all_limits)
  File "C:\gmao - copia\.venv\Lib\site-packages\flask_limiter\extension.py", line 1133, in __evaluate_limits
    raise RateLimitExceeded(
flask_limiter.errors.RateLimitExceeded: 429 Too Many Requests: 10 per 1 minute
______________ ERROR at setup of test_exportar_csv_authenticated ______________

app = <Flask 'app.factory'>, client = <FlaskClient <Flask 'app.factory'>>

    @pytest.fixture(scope="function")
    def authenticated_client(app, client):
        """Cliente con sesi¾n autenticada para pruebas de seguridad."""
        # Crear usuario admin si no existe
        with app.app_context():
            admin = Usuario.query.filter_by(username="admin").first()
            if not admin:
                admin = Usuario(
                    username="admin",
                    email="admin@example.com",
                    nombre="Administrador",
                    rol="Administrador",
                    activo=True,
                )
                admin.set_password("admin123")
                db.session.add(admin)
                db.session.commit()
    
        # Iniciar sesi¾n usando el endpoint de login JSON sin mantener
        # el contexto del cliente abierto durante toda la prueba.
        resp = client.post(
            "/login",
            json={"username": "admin", "password": "admin123"},
            headers={"Content-Type": "application/json"},
        )
>       assert resp.status_code in [200, 302]
E       assert 500 in [200, 302]
E        +  where 500 = <WrapperTestResponse streamed [500 INTERNAL SERVER ERROR]>.status_code

tests\conftest.py:96: AssertionError
----------------------------- Captured log setup ------------------------------
ERROR    app.factory:factory.py:363 Error inesperado: 429 Too Many Requests: 10 per 1 minute
Traceback (most recent call last):
  File "C:\gmao - copia\.venv\Lib\site-packages\flask\app.py", line 880, in full_dispatch_request
    rv = self.dispatch_request()
         ^^^^^^^^^^^^^^^^^^^^^^^
  File "C:\gmao - copia\.venv\Lib\site-packages\flask\app.py", line 865, in dispatch_request
    return self.ensure_sync(self.view_functions[rule.endpoint])(**view_args)  # type: ignore[no-any-return]
           ^^^^^^^^^^^^^^^^^^^^^^^^^^^^^^^^^^^^^^^^^^^^^^^^^^^^^^^^^^^^^^^^^
  File "C:\gmao - copia\.venv\Lib\site-packages\flask_limiter\extension.py", line 1294, in __inner
    self.limiter._check_request_limit(
  File "C:\gmao - copia\.venv\Lib\site-packages\flask_limiter\extension.py", line 1152, in _check_request_limit
    raise e
  File "C:\gmao - copia\.venv\Lib\site-packages\flask_limiter\extension.py", line 1149, in _check_request_limit
    self.__evaluate_limits(endpoint, all_limits)
  File "C:\gmao - copia\.venv\Lib\site-packages\flask_limiter\extension.py", line 1133, in __evaluate_limits
    raise RateLimitExceeded(
flask_limiter.errors.RateLimitExceeded: 429 Too Many Requests: 10 per 1 minute
_____________________ ERROR at setup of test_exportar_csv _____________________

app = <Flask 'app.factory'>, client = <FlaskClient <Flask 'app.factory'>>

    @pytest.fixture(scope="function")
    def authenticated_client(app, client):
        """Cliente con sesi¾n autenticada para pruebas de seguridad."""
        # Crear usuario admin si no existe
        with app.app_context():
            admin = Usuario.query.filter_by(username="admin").first()
            if not admin:
                admin = Usuario(
                    username="admin",
                    email="admin@example.com",
                    nombre="Administrador",
                    rol="Administrador",
                    activo=True,
                )
                admin.set_password("admin123")
                db.session.add(admin)
                db.session.commit()
    
        # Iniciar sesi¾n usando el endpoint de login JSON sin mantener
        # el contexto del cliente abierto durante toda la prueba.
        resp = client.post(
            "/login",
            json={"username": "admin", "password": "admin123"},
            headers={"Content-Type": "application/json"},
        )
>       assert resp.status_code in [200, 302]
E       assert 500 in [200, 302]
E        +  where 500 = <WrapperTestResponse streamed [500 INTERNAL SERVER ERROR]>.status_code

tests\conftest.py:96: AssertionError
----------------------------- Captured log setup ------------------------------
ERROR    app.factory:factory.py:363 Error inesperado: 429 Too Many Requests: 10 per 1 minute
Traceback (most recent call last):
  File "C:\gmao - copia\.venv\Lib\site-packages\flask\app.py", line 880, in full_dispatch_request
    rv = self.dispatch_request()
         ^^^^^^^^^^^^^^^^^^^^^^^
  File "C:\gmao - copia\.venv\Lib\site-packages\flask\app.py", line 865, in dispatch_request
    return self.ensure_sync(self.view_functions[rule.endpoint])(**view_args)  # type: ignore[no-any-return]
           ^^^^^^^^^^^^^^^^^^^^^^^^^^^^^^^^^^^^^^^^^^^^^^^^^^^^^^^^^^^^^^^^^
  File "C:\gmao - copia\.venv\Lib\site-packages\flask_limiter\extension.py", line 1294, in __inner
    self.limiter._check_request_limit(
  File "C:\gmao - copia\.venv\Lib\site-packages\flask_limiter\extension.py", line 1152, in _check_request_limit
    raise e
  File "C:\gmao - copia\.venv\Lib\site-packages\flask_limiter\extension.py", line 1149, in _check_request_limit
    self.__evaluate_limits(endpoint, all_limits)
  File "C:\gmao - copia\.venv\Lib\site-packages\flask_limiter\extension.py", line 1133, in __evaluate_limits
    raise RateLimitExceeded(
flask_limiter.errors.RateLimitExceeded: 429 Too Many Requests: 10 per 1 minute
_________________ ERROR at setup of test_estadisticas_ordenes _________________

app = <Flask 'app.factory'>, client = <FlaskClient <Flask 'app.factory'>>

    @pytest.fixture(scope="function")
    def authenticated_client(app, client):
        """Cliente con sesi¾n autenticada para pruebas de seguridad."""
        # Crear usuario admin si no existe
        with app.app_context():
            admin = Usuario.query.filter_by(username="admin").first()
            if not admin:
                admin = Usuario(
                    username="admin",
                    email="admin@example.com",
                    nombre="Administrador",
                    rol="Administrador",
                    activo=True,
                )
                admin.set_password("admin123")
                db.session.add(admin)
                db.session.commit()
    
        # Iniciar sesi¾n usando el endpoint de login JSON sin mantener
        # el contexto del cliente abierto durante toda la prueba.
        resp = client.post(
            "/login",
            json={"username": "admin", "password": "admin123"},
            headers={"Content-Type": "application/json"},
        )
>       assert resp.status_code in [200, 302]
E       assert 500 in [200, 302]
E        +  where 500 = <WrapperTestResponse streamed [500 INTERNAL SERVER ERROR]>.status_code

tests\conftest.py:96: AssertionError
----------------------------- Captured log setup ------------------------------
ERROR    app.factory:factory.py:363 Error inesperado: 429 Too Many Requests: 10 per 1 minute
Traceback (most recent call last):
  File "C:\gmao - copia\.venv\Lib\site-packages\flask\app.py", line 880, in full_dispatch_request
    rv = self.dispatch_request()
         ^^^^^^^^^^^^^^^^^^^^^^^
  File "C:\gmao - copia\.venv\Lib\site-packages\flask\app.py", line 865, in dispatch_request
    return self.ensure_sync(self.view_functions[rule.endpoint])(**view_args)  # type: ignore[no-any-return]
           ^^^^^^^^^^^^^^^^^^^^^^^^^^^^^^^^^^^^^^^^^^^^^^^^^^^^^^^^^^^^^^^^^
  File "C:\gmao - copia\.venv\Lib\site-packages\flask_limiter\extension.py", line 1294, in __inner
    self.limiter._check_request_limit(
  File "C:\gmao - copia\.venv\Lib\site-packages\flask_limiter\extension.py", line 1152, in _check_request_limit
    raise e
  File "C:\gmao - copia\.venv\Lib\site-packages\flask_limiter\extension.py", line 1149, in _check_request_limit
    self.__evaluate_limits(endpoint, all_limits)
  File "C:\gmao - copia\.venv\Lib\site-packages\flask_limiter\extension.py", line 1133, in __evaluate_limits
    raise RateLimitExceeded(
flask_limiter.errors.RateLimitExceeded: 429 Too Many Requests: 10 per 1 minute
_____________ ERROR at setup of test_listar_archivos_orden_vacio ______________

app = <Flask 'app.factory'>, client = <FlaskClient <Flask 'app.factory'>>

    @pytest.fixture(scope="function")
    def authenticated_client(app, client):
        """Cliente con sesi¾n autenticada para pruebas de seguridad."""
        # Crear usuario admin si no existe
        with app.app_context():
            admin = Usuario.query.filter_by(username="admin").first()
            if not admin:
                admin = Usuario(
                    username="admin",
                    email="admin@example.com",
                    nombre="Administrador",
                    rol="Administrador",
                    activo=True,
                )
                admin.set_password("admin123")
                db.session.add(admin)
                db.session.commit()
    
        # Iniciar sesi¾n usando el endpoint de login JSON sin mantener
        # el contexto del cliente abierto durante toda la prueba.
        resp = client.post(
            "/login",
            json={"username": "admin", "password": "admin123"},
            headers={"Content-Type": "application/json"},
        )
>       assert resp.status_code in [200, 302]
E       assert 500 in [200, 302]
E        +  where 500 = <WrapperTestResponse streamed [500 INTERNAL SERVER ERROR]>.status_code

tests\conftest.py:96: AssertionError
----------------------------- Captured log setup ------------------------------
ERROR    app.factory:factory.py:363 Error inesperado: 429 Too Many Requests: 10 per 1 minute
Traceback (most recent call last):
  File "C:\gmao - copia\.venv\Lib\site-packages\flask\app.py", line 880, in full_dispatch_request
    rv = self.dispatch_request()
         ^^^^^^^^^^^^^^^^^^^^^^^
  File "C:\gmao - copia\.venv\Lib\site-packages\flask\app.py", line 865, in dispatch_request
    return self.ensure_sync(self.view_functions[rule.endpoint])(**view_args)  # type: ignore[no-any-return]
           ^^^^^^^^^^^^^^^^^^^^^^^^^^^^^^^^^^^^^^^^^^^^^^^^^^^^^^^^^^^^^^^^^
  File "C:\gmao - copia\.venv\Lib\site-packages\flask_limiter\extension.py", line 1294, in __inner
    self.limiter._check_request_limit(
  File "C:\gmao - copia\.venv\Lib\site-packages\flask_limiter\extension.py", line 1152, in _check_request_limit
    raise e
  File "C:\gmao - copia\.venv\Lib\site-packages\flask_limiter\extension.py", line 1149, in _check_request_limit
    self.__evaluate_limits(endpoint, all_limits)
  File "C:\gmao - copia\.venv\Lib\site-packages\flask_limiter\extension.py", line 1133, in __evaluate_limits
    raise RateLimitExceeded(
flask_limiter.errors.RateLimitExceeded: 429 Too Many Requests: 10 per 1 minute
________________ ERROR at setup of test_agregar_enlace_sin_url ________________

app = <Flask 'app.factory'>, client = <FlaskClient <Flask 'app.factory'>>

    @pytest.fixture(scope="function")
    def authenticated_client(app, client):
        """Cliente con sesi¾n autenticada para pruebas de seguridad."""
        # Crear usuario admin si no existe
        with app.app_context():
            admin = Usuario.query.filter_by(username="admin").first()
            if not admin:
                admin = Usuario(
                    username="admin",
                    email="admin@example.com",
                    nombre="Administrador",
                    rol="Administrador",
                    activo=True,
                )
                admin.set_password("admin123")
                db.session.add(admin)
                db.session.commit()
    
        # Iniciar sesi¾n usando el endpoint de login JSON sin mantener
        # el contexto del cliente abierto durante toda la prueba.
        resp = client.post(
            "/login",
            json={"username": "admin", "password": "admin123"},
            headers={"Content-Type": "application/json"},
        )
>       assert resp.status_code in [200, 302]
E       assert 500 in [200, 302]
E        +  where 500 = <WrapperTestResponse streamed [500 INTERNAL SERVER ERROR]>.status_code

tests\conftest.py:96: AssertionError
----------------------------- Captured log setup ------------------------------
ERROR    app.factory:factory.py:363 Error inesperado: 429 Too Many Requests: 10 per 1 minute
Traceback (most recent call last):
  File "C:\gmao - copia\.venv\Lib\site-packages\flask\app.py", line 880, in full_dispatch_request
    rv = self.dispatch_request()
         ^^^^^^^^^^^^^^^^^^^^^^^
  File "C:\gmao - copia\.venv\Lib\site-packages\flask\app.py", line 865, in dispatch_request
    return self.ensure_sync(self.view_functions[rule.endpoint])(**view_args)  # type: ignore[no-any-return]
           ^^^^^^^^^^^^^^^^^^^^^^^^^^^^^^^^^^^^^^^^^^^^^^^^^^^^^^^^^^^^^^^^^
  File "C:\gmao - copia\.venv\Lib\site-packages\flask_limiter\extension.py", line 1294, in __inner
    self.limiter._check_request_limit(
  File "C:\gmao - copia\.venv\Lib\site-packages\flask_limiter\extension.py", line 1152, in _check_request_limit
    raise e
  File "C:\gmao - copia\.venv\Lib\site-packages\flask_limiter\extension.py", line 1149, in _check_request_limit
    self.__evaluate_limits(endpoint, all_limits)
  File "C:\gmao - copia\.venv\Lib\site-packages\flask_limiter\extension.py", line 1133, in __evaluate_limits
    raise RateLimitExceeded(
flask_limiter.errors.RateLimitExceeded: 429 Too Many Requests: 10 per 1 minute
______________ ERROR at setup of test_get_activos_authenticated _______________

app = <Flask 'app.factory'>, client = <FlaskClient <Flask 'app.factory'>>

    @pytest.fixture(scope="function")
    def authenticated_client(app, client):
        """Cliente con sesi¾n autenticada para pruebas de seguridad."""
        # Crear usuario admin si no existe
        with app.app_context():
            admin = Usuario.query.filter_by(username="admin").first()
            if not admin:
                admin = Usuario(
                    username="admin",
                    email="admin@example.com",
                    nombre="Administrador",
                    rol="Administrador",
                    activo=True,
                )
                admin.set_password("admin123")
                db.session.add(admin)
                db.session.commit()
    
        # Iniciar sesi¾n usando el endpoint de login JSON sin mantener
        # el contexto del cliente abierto durante toda la prueba.
        resp = client.post(
            "/login",
            json={"username": "admin", "password": "admin123"},
            headers={"Content-Type": "application/json"},
        )
>       assert resp.status_code in [200, 302]
E       assert 500 in [200, 302]
E        +  where 500 = <WrapperTestResponse streamed [500 INTERNAL SERVER ERROR]>.status_code

tests\conftest.py:96: AssertionError
----------------------------- Captured log setup ------------------------------
ERROR    app.factory:factory.py:363 Error inesperado: 429 Too Many Requests: 10 per 1 minute
Traceback (most recent call last):
  File "C:\gmao - copia\.venv\Lib\site-packages\flask\app.py", line 880, in full_dispatch_request
    rv = self.dispatch_request()
         ^^^^^^^^^^^^^^^^^^^^^^^
  File "C:\gmao - copia\.venv\Lib\site-packages\flask\app.py", line 865, in dispatch_request
    return self.ensure_sync(self.view_functions[rule.endpoint])(**view_args)  # type: ignore[no-any-return]
           ^^^^^^^^^^^^^^^^^^^^^^^^^^^^^^^^^^^^^^^^^^^^^^^^^^^^^^^^^^^^^^^^^
  File "C:\gmao - copia\.venv\Lib\site-packages\flask_limiter\extension.py", line 1294, in __inner
    self.limiter._check_request_limit(
  File "C:\gmao - copia\.venv\Lib\site-packages\flask_limiter\extension.py", line 1152, in _check_request_limit
    raise e
  File "C:\gmao - copia\.venv\Lib\site-packages\flask_limiter\extension.py", line 1149, in _check_request_limit
    self.__evaluate_limits(endpoint, all_limits)
  File "C:\gmao - copia\.venv\Lib\site-packages\flask_limiter\extension.py", line 1133, in __evaluate_limits
    raise RateLimitExceeded(
flask_limiter.errors.RateLimitExceeded: 429 Too Many Requests: 10 per 1 minute
______________ ERROR at setup of test_get_tecnicos_authenticated ______________

app = <Flask 'app.factory'>, client = <FlaskClient <Flask 'app.factory'>>

    @pytest.fixture(scope="function")
    def authenticated_client(app, client):
        """Cliente con sesi¾n autenticada para pruebas de seguridad."""
        # Crear usuario admin si no existe
        with app.app_context():
            admin = Usuario.query.filter_by(username="admin").first()
            if not admin:
                admin = Usuario(
                    username="admin",
                    email="admin@example.com",
                    nombre="Administrador",
                    rol="Administrador",
                    activo=True,
                )
                admin.set_password("admin123")
                db.session.add(admin)
                db.session.commit()
    
        # Iniciar sesi¾n usando el endpoint de login JSON sin mantener
        # el contexto del cliente abierto durante toda la prueba.
        resp = client.post(
            "/login",
            json={"username": "admin", "password": "admin123"},
            headers={"Content-Type": "application/json"},
        )
>       assert resp.status_code in [200, 302]
E       assert 500 in [200, 302]
E        +  where 500 = <WrapperTestResponse streamed [500 INTERNAL SERVER ERROR]>.status_code

tests\conftest.py:96: AssertionError
----------------------------- Captured log setup ------------------------------
ERROR    app.factory:factory.py:363 Error inesperado: 429 Too Many Requests: 10 per 1 minute
Traceback (most recent call last):
  File "C:\gmao - copia\.venv\Lib\site-packages\flask\app.py", line 880, in full_dispatch_request
    rv = self.dispatch_request()
         ^^^^^^^^^^^^^^^^^^^^^^^
  File "C:\gmao - copia\.venv\Lib\site-packages\flask\app.py", line 865, in dispatch_request
    return self.ensure_sync(self.view_functions[rule.endpoint])(**view_args)  # type: ignore[no-any-return]
           ^^^^^^^^^^^^^^^^^^^^^^^^^^^^^^^^^^^^^^^^^^^^^^^^^^^^^^^^^^^^^^^^^
  File "C:\gmao - copia\.venv\Lib\site-packages\flask_limiter\extension.py", line 1294, in __inner
    self.limiter._check_request_limit(
  File "C:\gmao - copia\.venv\Lib\site-packages\flask_limiter\extension.py", line 1152, in _check_request_limit
    raise e
  File "C:\gmao - copia\.venv\Lib\site-packages\flask_limiter\extension.py", line 1149, in _check_request_limit
    self.__evaluate_limits(endpoint, all_limits)
  File "C:\gmao - copia\.venv\Lib\site-packages\flask_limiter\extension.py", line 1133, in __evaluate_limits
    raise RateLimitExceeded(
flask_limiter.errors.RateLimitExceeded: 429 Too Many Requests: 10 per 1 minute
________ ERROR at setup of test_listar_ordenes_paginado_authenticated _________

app = <Flask 'app.factory'>, client = <FlaskClient <Flask 'app.factory'>>

    @pytest.fixture(scope="function")
    def authenticated_client(app, client):
        """Cliente con sesi¾n autenticada para pruebas de seguridad."""
        # Crear usuario admin si no existe
        with app.app_context():
            admin = Usuario.query.filter_by(username="admin").first()
            if not admin:
                admin = Usuario(
                    username="admin",
                    email="admin@example.com",
                    nombre="Administrador",
                    rol="Administrador",
                    activo=True,
                )
                admin.set_password("admin123")
                db.session.add(admin)
                db.session.commit()
    
        # Iniciar sesi¾n usando el endpoint de login JSON sin mantener
        # el contexto del cliente abierto durante toda la prueba.
        resp = client.post(
            "/login",
            json={"username": "admin", "password": "admin123"},
            headers={"Content-Type": "application/json"},
        )
>       assert resp.status_code in [200, 302]
E       assert 500 in [200, 302]
E        +  where 500 = <WrapperTestResponse streamed [500 INTERNAL SERVER ERROR]>.status_code

tests\conftest.py:96: AssertionError
----------------------------- Captured log setup ------------------------------
ERROR    app.factory:factory.py:363 Error inesperado: 429 Too Many Requests: 10 per 1 minute
Traceback (most recent call last):
  File "C:\gmao - copia\.venv\Lib\site-packages\flask\app.py", line 880, in full_dispatch_request
    rv = self.dispatch_request()
         ^^^^^^^^^^^^^^^^^^^^^^^
  File "C:\gmao - copia\.venv\Lib\site-packages\flask\app.py", line 865, in dispatch_request
    return self.ensure_sync(self.view_functions[rule.endpoint])(**view_args)  # type: ignore[no-any-return]
           ^^^^^^^^^^^^^^^^^^^^^^^^^^^^^^^^^^^^^^^^^^^^^^^^^^^^^^^^^^^^^^^^^
  File "C:\gmao - copia\.venv\Lib\site-packages\flask_limiter\extension.py", line 1294, in __inner
    self.limiter._check_request_limit(
  File "C:\gmao - copia\.venv\Lib\site-packages\flask_limiter\extension.py", line 1152, in _check_request_limit
    raise e
  File "C:\gmao - copia\.venv\Lib\site-packages\flask_limiter\extension.py", line 1149, in _check_request_limit
    self.__evaluate_limits(endpoint, all_limits)
  File "C:\gmao - copia\.venv\Lib\site-packages\flask_limiter\extension.py", line 1133, in __evaluate_limits
    raise RateLimitExceeded(
flask_limiter.errors.RateLimitExceeded: 429 Too Many Requests: 10 per 1 minute
________ ERROR at setup of test_listar_ordenes_paginado_authenticated _________

app = <Flask 'app.factory'>, client = <FlaskClient <Flask 'app.factory'>>

    @pytest.fixture(scope="function")
    def authenticated_client(app, client):
        """Cliente con sesi¾n autenticada para pruebas de seguridad."""
        # Crear usuario admin si no existe
        with app.app_context():
            admin = Usuario.query.filter_by(username="admin").first()
            if not admin:
                admin = Usuario(
                    username="admin",
                    email="admin@example.com",
                    nombre="Administrador",
                    rol="Administrador",
                    activo=True,
                )
                admin.set_password("admin123")
                db.session.add(admin)
                db.session.commit()
    
        # Iniciar sesi¾n usando el endpoint de login JSON sin mantener
        # el contexto del cliente abierto durante toda la prueba.
        resp = client.post(
            "/login",
            json={"username": "admin", "password": "admin123"},
            headers={"Content-Type": "application/json"},
        )
>       assert resp.status_code in [200, 302]
E       assert 500 in [200, 302]
E        +  where 500 = <WrapperTestResponse streamed [500 INTERNAL SERVER ERROR]>.status_code

tests\conftest.py:96: AssertionError
----------------------------- Captured log setup ------------------------------
ERROR    app.factory:factory.py:363 Error inesperado: 429 Too Many Requests: 10 per 1 minute
Traceback (most recent call last):
  File "C:\gmao - copia\.venv\Lib\site-packages\flask\app.py", line 880, in full_dispatch_request
    rv = self.dispatch_request()
         ^^^^^^^^^^^^^^^^^^^^^^^
  File "C:\gmao - copia\.venv\Lib\site-packages\flask\app.py", line 865, in dispatch_request
    return self.ensure_sync(self.view_functions[rule.endpoint])(**view_args)  # type: ignore[no-any-return]
           ^^^^^^^^^^^^^^^^^^^^^^^^^^^^^^^^^^^^^^^^^^^^^^^^^^^^^^^^^^^^^^^^^
  File "C:\gmao - copia\.venv\Lib\site-packages\flask_limiter\extension.py", line 1294, in __inner
    self.limiter._check_request_limit(
  File "C:\gmao - copia\.venv\Lib\site-packages\flask_limiter\extension.py", line 1152, in _check_request_limit
    raise e
  File "C:\gmao - copia\.venv\Lib\site-packages\flask_limiter\extension.py", line 1149, in _check_request_limit
    self.__evaluate_limits(endpoint, all_limits)
  File "C:\gmao - copia\.venv\Lib\site-packages\flask_limiter\extension.py", line 1133, in __evaluate_limits
    raise RateLimitExceeded(
flask_limiter.errors.RateLimitExceeded: 429 Too Many Requests: 10 per 1 minute
__________ ERROR at setup of test_listar_ordenes_limit_authenticated __________

app = <Flask 'app.factory'>, client = <FlaskClient <Flask 'app.factory'>>

    @pytest.fixture(scope="function")
    def authenticated_client(app, client):
        """Cliente con sesi¾n autenticada para pruebas de seguridad."""
        # Crear usuario admin si no existe
        with app.app_context():
            admin = Usuario.query.filter_by(username="admin").first()
            if not admin:
                admin = Usuario(
                    username="admin",
                    email="admin@example.com",
                    nombre="Administrador",
                    rol="Administrador",
                    activo=True,
                )
                admin.set_password("admin123")
                db.session.add(admin)
                db.session.commit()
    
        # Iniciar sesi¾n usando el endpoint de login JSON sin mantener
        # el contexto del cliente abierto durante toda la prueba.
        resp = client.post(
            "/login",
            json={"username": "admin", "password": "admin123"},
            headers={"Content-Type": "application/json"},
        )
>       assert resp.status_code in [200, 302]
E       assert 500 in [200, 302]
E        +  where 500 = <WrapperTestResponse streamed [500 INTERNAL SERVER ERROR]>.status_code

tests\conftest.py:96: AssertionError
----------------------------- Captured log setup ------------------------------
ERROR    app.factory:factory.py:363 Error inesperado: 429 Too Many Requests: 10 per 1 minute
Traceback (most recent call last):
  File "C:\gmao - copia\.venv\Lib\site-packages\flask\app.py", line 880, in full_dispatch_request
    rv = self.dispatch_request()
         ^^^^^^^^^^^^^^^^^^^^^^^
  File "C:\gmao - copia\.venv\Lib\site-packages\flask\app.py", line 865, in dispatch_request
    return self.ensure_sync(self.view_functions[rule.endpoint])(**view_args)  # type: ignore[no-any-return]
           ^^^^^^^^^^^^^^^^^^^^^^^^^^^^^^^^^^^^^^^^^^^^^^^^^^^^^^^^^^^^^^^^^
  File "C:\gmao - copia\.venv\Lib\site-packages\flask_limiter\extension.py", line 1294, in __inner
    self.limiter._check_request_limit(
  File "C:\gmao - copia\.venv\Lib\site-packages\flask_limiter\extension.py", line 1152, in _check_request_limit
    raise e
  File "C:\gmao - copia\.venv\Lib\site-packages\flask_limiter\extension.py", line 1149, in _check_request_limit
    self.__evaluate_limits(endpoint, all_limits)
  File "C:\gmao - copia\.venv\Lib\site-packages\flask_limiter\extension.py", line 1133, in __evaluate_limits
    raise RateLimitExceeded(
flask_limiter.errors.RateLimitExceeded: 429 Too Many Requests: 10 per 1 minute
______________ ERROR at setup of test_listar_ordenes_con_filtros ______________

app = <Flask 'app.factory'>, client = <FlaskClient <Flask 'app.factory'>>

    @pytest.fixture(scope="function")
    def authenticated_client(app, client):
        """Cliente con sesi¾n autenticada para pruebas de seguridad."""
        # Crear usuario admin si no existe
        with app.app_context():
            admin = Usuario.query.filter_by(username="admin").first()
            if not admin:
                admin = Usuario(
                    username="admin",
                    email="admin@example.com",
                    nombre="Administrador",
                    rol="Administrador",
                    activo=True,
                )
                admin.set_password("admin123")
                db.session.add(admin)
                db.session.commit()
    
        # Iniciar sesi¾n usando el endpoint de login JSON sin mantener
        # el contexto del cliente abierto durante toda la prueba.
        resp = client.post(
            "/login",
            json={"username": "admin", "password": "admin123"},
            headers={"Content-Type": "application/json"},
        )
>       assert resp.status_code in [200, 302]
E       assert 500 in [200, 302]
E        +  where 500 = <WrapperTestResponse streamed [500 INTERNAL SERVER ERROR]>.status_code

tests\conftest.py:96: AssertionError
----------------------------- Captured log setup ------------------------------
ERROR    app.factory:factory.py:363 Error inesperado: 429 Too Many Requests: 10 per 1 minute
Traceback (most recent call last):
  File "C:\gmao - copia\.venv\Lib\site-packages\flask\app.py", line 880, in full_dispatch_request
    rv = self.dispatch_request()
         ^^^^^^^^^^^^^^^^^^^^^^^
  File "C:\gmao - copia\.venv\Lib\site-packages\flask\app.py", line 865, in dispatch_request
    return self.ensure_sync(self.view_functions[rule.endpoint])(**view_args)  # type: ignore[no-any-return]
           ^^^^^^^^^^^^^^^^^^^^^^^^^^^^^^^^^^^^^^^^^^^^^^^^^^^^^^^^^^^^^^^^^
  File "C:\gmao - copia\.venv\Lib\site-packages\flask_limiter\extension.py", line 1294, in __inner
    self.limiter._check_request_limit(
  File "C:\gmao - copia\.venv\Lib\site-packages\flask_limiter\extension.py", line 1152, in _check_request_limit
    raise e
  File "C:\gmao - copia\.venv\Lib\site-packages\flask_limiter\extension.py", line 1149, in _check_request_limit
    self.__evaluate_limits(endpoint, all_limits)
  File "C:\gmao - copia\.venv\Lib\site-packages\flask_limiter\extension.py", line 1133, in __evaluate_limits
    raise RateLimitExceeded(
flask_limiter.errors.RateLimitExceeded: 429 Too Many Requests: 10 per 1 minute
__________________ ERROR at setup of test_obtener_orden_404 ___________________

app = <Flask 'app.factory'>, client = <FlaskClient <Flask 'app.factory'>>

    @pytest.fixture(scope="function")
    def authenticated_client(app, client):
        """Cliente con sesi¾n autenticada para pruebas de seguridad."""
        # Crear usuario admin si no existe
        with app.app_context():
            admin = Usuario.query.filter_by(username="admin").first()
            if not admin:
                admin = Usuario(
                    username="admin",
                    email="admin@example.com",
                    nombre="Administrador",
                    rol="Administrador",
                    activo=True,
                )
                admin.set_password("admin123")
                db.session.add(admin)
                db.session.commit()
    
        # Iniciar sesi¾n usando el endpoint de login JSON sin mantener
        # el contexto del cliente abierto durante toda la prueba.
        resp = client.post(
            "/login",
            json={"username": "admin", "password": "admin123"},
            headers={"Content-Type": "application/json"},
        )
>       assert resp.status_code in [200, 302]
E       assert 500 in [200, 302]
E        +  where 500 = <WrapperTestResponse streamed [500 INTERNAL SERVER ERROR]>.status_code

tests\conftest.py:96: AssertionError
----------------------------- Captured log setup ------------------------------
ERROR    app.factory:factory.py:363 Error inesperado: 429 Too Many Requests: 10 per 1 minute
Traceback (most recent call last):
  File "C:\gmao - copia\.venv\Lib\site-packages\flask\app.py", line 880, in full_dispatch_request
    rv = self.dispatch_request()
         ^^^^^^^^^^^^^^^^^^^^^^^
  File "C:\gmao - copia\.venv\Lib\site-packages\flask\app.py", line 865, in dispatch_request
    return self.ensure_sync(self.view_functions[rule.endpoint])(**view_args)  # type: ignore[no-any-return]
           ^^^^^^^^^^^^^^^^^^^^^^^^^^^^^^^^^^^^^^^^^^^^^^^^^^^^^^^^^^^^^^^^^
  File "C:\gmao - copia\.venv\Lib\site-packages\flask_limiter\extension.py", line 1294, in __inner
    self.limiter._check_request_limit(
  File "C:\gmao - copia\.venv\Lib\site-packages\flask_limiter\extension.py", line 1152, in _check_request_limit
    raise e
  File "C:\gmao - copia\.venv\Lib\site-packages\flask_limiter\extension.py", line 1149, in _check_request_limit
    self.__evaluate_limits(endpoint, all_limits)
  File "C:\gmao - copia\.venv\Lib\site-packages\flask_limiter\extension.py", line 1133, in __evaluate_limits
    raise RateLimitExceeded(
flask_limiter.errors.RateLimitExceeded: 429 Too Many Requests: 10 per 1 minute
__________ ERROR at setup of test_actualizar_orden_campos_requeridos __________

app = <Flask 'app.factory'>, client = <FlaskClient <Flask 'app.factory'>>

    @pytest.fixture(scope="function")
    def authenticated_client(app, client):
        """Cliente con sesi¾n autenticada para pruebas de seguridad."""
        # Crear usuario admin si no existe
        with app.app_context():
            admin = Usuario.query.filter_by(username="admin").first()
            if not admin:
                admin = Usuario(
                    username="admin",
                    email="admin@example.com",
                    nombre="Administrador",
                    rol="Administrador",
                    activo=True,
                )
                admin.set_password("admin123")
                db.session.add(admin)
                db.session.commit()
    
        # Iniciar sesi¾n usando el endpoint de login JSON sin mantener
        # el contexto del cliente abierto durante toda la prueba.
        resp = client.post(
            "/login",
            json={"username": "admin", "password": "admin123"},
            headers={"Content-Type": "application/json"},
        )
>       assert resp.status_code in [200, 302]
E       assert 500 in [200, 302]
E        +  where 500 = <WrapperTestResponse streamed [500 INTERNAL SERVER ERROR]>.status_code

tests\conftest.py:96: AssertionError
----------------------------- Captured log setup ------------------------------
ERROR    app.factory:factory.py:363 Error inesperado: 429 Too Many Requests: 10 per 1 minute
Traceback (most recent call last):
  File "C:\gmao - copia\.venv\Lib\site-packages\flask\app.py", line 880, in full_dispatch_request
    rv = self.dispatch_request()
         ^^^^^^^^^^^^^^^^^^^^^^^
  File "C:\gmao - copia\.venv\Lib\site-packages\flask\app.py", line 865, in dispatch_request
    return self.ensure_sync(self.view_functions[rule.endpoint])(**view_args)  # type: ignore[no-any-return]
           ^^^^^^^^^^^^^^^^^^^^^^^^^^^^^^^^^^^^^^^^^^^^^^^^^^^^^^^^^^^^^^^^^
  File "C:\gmao - copia\.venv\Lib\site-packages\flask_limiter\extension.py", line 1294, in __inner
    self.limiter._check_request_limit(
  File "C:\gmao - copia\.venv\Lib\site-packages\flask_limiter\extension.py", line 1152, in _check_request_limit
    raise e
  File "C:\gmao - copia\.venv\Lib\site-packages\flask_limiter\extension.py", line 1149, in _check_request_limit
    self.__evaluate_limits(endpoint, all_limits)
  File "C:\gmao - copia\.venv\Lib\site-packages\flask_limiter\extension.py", line 1133, in __evaluate_limits
    raise RateLimitExceeded(
flask_limiter.errors.RateLimitExceeded: 429 Too Many Requests: 10 per 1 minute
______ ERROR at setup of test_actualizar_orden_fecha_programada_invalida ______

app = <Flask 'app.factory'>, client = <FlaskClient <Flask 'app.factory'>>

    @pytest.fixture(scope="function")
    def authenticated_client(app, client):
        """Cliente con sesi¾n autenticada para pruebas de seguridad."""
        # Crear usuario admin si no existe
        with app.app_context():
            admin = Usuario.query.filter_by(username="admin").first()
            if not admin:
                admin = Usuario(
                    username="admin",
                    email="admin@example.com",
                    nombre="Administrador",
                    rol="Administrador",
                    activo=True,
                )
                admin.set_password("admin123")
                db.session.add(admin)
                db.session.commit()
    
        # Iniciar sesi¾n usando el endpoint de login JSON sin mantener
        # el contexto del cliente abierto durante toda la prueba.
        resp = client.post(
            "/login",
            json={"username": "admin", "password": "admin123"},
            headers={"Content-Type": "application/json"},
        )
>       assert resp.status_code in [200, 302]
E       assert 500 in [200, 302]
E        +  where 500 = <WrapperTestResponse streamed [500 INTERNAL SERVER ERROR]>.status_code

tests\conftest.py:96: AssertionError
----------------------------- Captured log setup ------------------------------
ERROR    app.factory:factory.py:363 Error inesperado: 429 Too Many Requests: 10 per 1 minute
Traceback (most recent call last):
  File "C:\gmao - copia\.venv\Lib\site-packages\flask\app.py", line 880, in full_dispatch_request
    rv = self.dispatch_request()
         ^^^^^^^^^^^^^^^^^^^^^^^
  File "C:\gmao - copia\.venv\Lib\site-packages\flask\app.py", line 865, in dispatch_request
    return self.ensure_sync(self.view_functions[rule.endpoint])(**view_args)  # type: ignore[no-any-return]
           ^^^^^^^^^^^^^^^^^^^^^^^^^^^^^^^^^^^^^^^^^^^^^^^^^^^^^^^^^^^^^^^^^
  File "C:\gmao - copia\.venv\Lib\site-packages\flask_limiter\extension.py", line 1294, in __inner
    self.limiter._check_request_limit(
  File "C:\gmao - copia\.venv\Lib\site-packages\flask_limiter\extension.py", line 1152, in _check_request_limit
    raise e
  File "C:\gmao - copia\.venv\Lib\site-packages\flask_limiter\extension.py", line 1149, in _check_request_limit
    self.__evaluate_limits(endpoint, all_limits)
  File "C:\gmao - copia\.venv\Lib\site-packages\flask_limiter\extension.py", line 1133, in __evaluate_limits
    raise RateLimitExceeded(
flask_limiter.errors.RateLimitExceeded: 429 Too Many Requests: 10 per 1 minute
_________ ERROR at setup of test_crear_orden_missing_tipo_returns_400 _________

app = <Flask 'app.factory'>, client = <FlaskClient <Flask 'app.factory'>>

    @pytest.fixture(scope="function")
    def authenticated_client(app, client):
        """Cliente con sesi¾n autenticada para pruebas de seguridad."""
        # Crear usuario admin si no existe
        with app.app_context():
            admin = Usuario.query.filter_by(username="admin").first()
            if not admin:
                admin = Usuario(
                    username="admin",
                    email="admin@example.com",
                    nombre="Administrador",
                    rol="Administrador",
                    activo=True,
                )
                admin.set_password("admin123")
                db.session.add(admin)
                db.session.commit()
    
        # Iniciar sesi¾n usando el endpoint de login JSON sin mantener
        # el contexto del cliente abierto durante toda la prueba.
        resp = client.post(
            "/login",
            json={"username": "admin", "password": "admin123"},
            headers={"Content-Type": "application/json"},
        )
>       assert resp.status_code in [200, 302]
E       assert 500 in [200, 302]
E        +  where 500 = <WrapperTestResponse streamed [500 INTERNAL SERVER ERROR]>.status_code

tests\conftest.py:96: AssertionError
----------------------------- Captured log setup ------------------------------
ERROR    app.factory:factory.py:363 Error inesperado: 429 Too Many Requests: 10 per 1 minute
Traceback (most recent call last):
  File "C:\gmao - copia\.venv\Lib\site-packages\flask\app.py", line 880, in full_dispatch_request
    rv = self.dispatch_request()
         ^^^^^^^^^^^^^^^^^^^^^^^
  File "C:\gmao - copia\.venv\Lib\site-packages\flask\app.py", line 865, in dispatch_request
    return self.ensure_sync(self.view_functions[rule.endpoint])(**view_args)  # type: ignore[no-any-return]
           ^^^^^^^^^^^^^^^^^^^^^^^^^^^^^^^^^^^^^^^^^^^^^^^^^^^^^^^^^^^^^^^^^
  File "C:\gmao - copia\.venv\Lib\site-packages\flask_limiter\extension.py", line 1294, in __inner
    self.limiter._check_request_limit(
  File "C:\gmao - copia\.venv\Lib\site-packages\flask_limiter\extension.py", line 1152, in _check_request_limit
    raise e
  File "C:\gmao - copia\.venv\Lib\site-packages\flask_limiter\extension.py", line 1149, in _check_request_limit
    self.__evaluate_limits(endpoint, all_limits)
  File "C:\gmao - copia\.venv\Lib\site-packages\flask_limiter\extension.py", line 1133, in __evaluate_limits
    raise RateLimitExceeded(
flask_limiter.errors.RateLimitExceeded: 429 Too Many Requests: 10 per 1 minute
______ ERROR at setup of test_crear_orden_missing_prioridad_returns_400 _______

app = <Flask 'app.factory'>, client = <FlaskClient <Flask 'app.factory'>>

    @pytest.fixture(scope="function")
    def authenticated_client(app, client):
        """Cliente con sesi¾n autenticada para pruebas de seguridad."""
        # Crear usuario admin si no existe
        with app.app_context():
            admin = Usuario.query.filter_by(username="admin").first()
            if not admin:
                admin = Usuario(
                    username="admin",
                    email="admin@example.com",
                    nombre="Administrador",
                    rol="Administrador",
                    activo=True,
                )
                admin.set_password("admin123")
                db.session.add(admin)
                db.session.commit()
    
        # Iniciar sesi¾n usando el endpoint de login JSON sin mantener
        # el contexto del cliente abierto durante toda la prueba.
        resp = client.post(
            "/login",
            json={"username": "admin", "password": "admin123"},
            headers={"Content-Type": "application/json"},
        )
>       assert resp.status_code in [200, 302]
E       assert 500 in [200, 302]
E        +  where 500 = <WrapperTestResponse streamed [500 INTERNAL SERVER ERROR]>.status_code

tests\conftest.py:96: AssertionError
----------------------------- Captured log setup ------------------------------
ERROR    app.factory:factory.py:363 Error inesperado: 429 Too Many Requests: 10 per 1 minute
Traceback (most recent call last):
  File "C:\gmao - copia\.venv\Lib\site-packages\flask\app.py", line 880, in full_dispatch_request
    rv = self.dispatch_request()
         ^^^^^^^^^^^^^^^^^^^^^^^
  File "C:\gmao - copia\.venv\Lib\site-packages\flask\app.py", line 865, in dispatch_request
    return self.ensure_sync(self.view_functions[rule.endpoint])(**view_args)  # type: ignore[no-any-return]
           ^^^^^^^^^^^^^^^^^^^^^^^^^^^^^^^^^^^^^^^^^^^^^^^^^^^^^^^^^^^^^^^^^
  File "C:\gmao - copia\.venv\Lib\site-packages\flask_limiter\extension.py", line 1294, in __inner
    self.limiter._check_request_limit(
  File "C:\gmao - copia\.venv\Lib\site-packages\flask_limiter\extension.py", line 1152, in _check_request_limit
    raise e
  File "C:\gmao - copia\.venv\Lib\site-packages\flask_limiter\extension.py", line 1149, in _check_request_limit
    self.__evaluate_limits(endpoint, all_limits)
  File "C:\gmao - copia\.venv\Lib\site-packages\flask_limiter\extension.py", line 1133, in __evaluate_limits
    raise RateLimitExceeded(
flask_limiter.errors.RateLimitExceeded: 429 Too Many Requests: 10 per 1 minute
_____ ERROR at setup of test_crear_orden_missing_descripcion_returns_400 ______

app = <Flask 'app.factory'>, client = <FlaskClient <Flask 'app.factory'>>

    @pytest.fixture(scope="function")
    def authenticated_client(app, client):
        """Cliente con sesi¾n autenticada para pruebas de seguridad."""
        # Crear usuario admin si no existe
        with app.app_context():
            admin = Usuario.query.filter_by(username="admin").first()
            if not admin:
                admin = Usuario(
                    username="admin",
                    email="admin@example.com",
                    nombre="Administrador",
                    rol="Administrador",
                    activo=True,
                )
                admin.set_password("admin123")
                db.session.add(admin)
                db.session.commit()
    
        # Iniciar sesi¾n usando el endpoint de login JSON sin mantener
        # el contexto del cliente abierto durante toda la prueba.
        resp = client.post(
            "/login",
            json={"username": "admin", "password": "admin123"},
            headers={"Content-Type": "application/json"},
        )
>       assert resp.status_code in [200, 302]
E       assert 500 in [200, 302]
E        +  where 500 = <WrapperTestResponse streamed [500 INTERNAL SERVER ERROR]>.status_code

tests\conftest.py:96: AssertionError
----------------------------- Captured log setup ------------------------------
ERROR    app.factory:factory.py:363 Error inesperado: 429 Too Many Requests: 10 per 1 minute
Traceback (most recent call last):
  File "C:\gmao - copia\.venv\Lib\site-packages\flask\app.py", line 880, in full_dispatch_request
    rv = self.dispatch_request()
         ^^^^^^^^^^^^^^^^^^^^^^^
  File "C:\gmao - copia\.venv\Lib\site-packages\flask\app.py", line 865, in dispatch_request
    return self.ensure_sync(self.view_functions[rule.endpoint])(**view_args)  # type: ignore[no-any-return]
           ^^^^^^^^^^^^^^^^^^^^^^^^^^^^^^^^^^^^^^^^^^^^^^^^^^^^^^^^^^^^^^^^^
  File "C:\gmao - copia\.venv\Lib\site-packages\flask_limiter\extension.py", line 1294, in __inner
    self.limiter._check_request_limit(
  File "C:\gmao - copia\.venv\Lib\site-packages\flask_limiter\extension.py", line 1152, in _check_request_limit
    raise e
  File "C:\gmao - copia\.venv\Lib\site-packages\flask_limiter\extension.py", line 1149, in _check_request_limit
    self.__evaluate_limits(endpoint, all_limits)
  File "C:\gmao - copia\.venv\Lib\site-packages\flask_limiter\extension.py", line 1133, in __evaluate_limits
    raise RateLimitExceeded(
flask_limiter.errors.RateLimitExceeded: 429 Too Many Requests: 10 per 1 minute
________ ERROR at setup of test_actualizar_estado_missing_returns_400 _________

app = <Flask 'app.factory'>, client = <FlaskClient <Flask 'app.factory'>>

    @pytest.fixture(scope="function")
    def authenticated_client(app, client):
        """Cliente con sesi¾n autenticada para pruebas de seguridad."""
        # Crear usuario admin si no existe
        with app.app_context():
            admin = Usuario.query.filter_by(username="admin").first()
            if not admin:
                admin = Usuario(
                    username="admin",
                    email="admin@example.com",
                    nombre="Administrador",
                    rol="Administrador",
                    activo=True,
                )
                admin.set_password("admin123")
                db.session.add(admin)
                db.session.commit()
    
        # Iniciar sesi¾n usando el endpoint de login JSON sin mantener
        # el contexto del cliente abierto durante toda la prueba.
        resp = client.post(
            "/login",
            json={"username": "admin", "password": "admin123"},
            headers={"Content-Type": "application/json"},
        )
>       assert resp.status_code in [200, 302]
E       assert 500 in [200, 302]
E        +  where 500 = <WrapperTestResponse streamed [500 INTERNAL SERVER ERROR]>.status_code

tests\conftest.py:96: AssertionError
----------------------------- Captured log setup ------------------------------
ERROR    app.factory:factory.py:363 Error inesperado: 429 Too Many Requests: 10 per 1 minute
Traceback (most recent call last):
  File "C:\gmao - copia\.venv\Lib\site-packages\flask\app.py", line 880, in full_dispatch_request
    rv = self.dispatch_request()
         ^^^^^^^^^^^^^^^^^^^^^^^
  File "C:\gmao - copia\.venv\Lib\site-packages\flask\app.py", line 865, in dispatch_request
    return self.ensure_sync(self.view_functions[rule.endpoint])(**view_args)  # type: ignore[no-any-return]
           ^^^^^^^^^^^^^^^^^^^^^^^^^^^^^^^^^^^^^^^^^^^^^^^^^^^^^^^^^^^^^^^^^
  File "C:\gmao - copia\.venv\Lib\site-packages\flask_limiter\extension.py", line 1294, in __inner
    self.limiter._check_request_limit(
  File "C:\gmao - copia\.venv\Lib\site-packages\flask_limiter\extension.py", line 1152, in _check_request_limit
    raise e
  File "C:\gmao - copia\.venv\Lib\site-packages\flask_limiter\extension.py", line 1149, in _check_request_limit
    self.__evaluate_limits(endpoint, all_limits)
  File "C:\gmao - copia\.venv\Lib\site-packages\flask_limiter\extension.py", line 1133, in __evaluate_limits
    raise RateLimitExceeded(
flask_limiter.errors.RateLimitExceeded: 429 Too Many Requests: 10 per 1 minute
________ ERROR at setup of test_eliminar_orden_completada_returns_400 _________

app = <Flask 'app.factory'>, client = <FlaskClient <Flask 'app.factory'>>

    @pytest.fixture(scope="function")
    def authenticated_client(app, client):
        """Cliente con sesi¾n autenticada para pruebas de seguridad."""
        # Crear usuario admin si no existe
        with app.app_context():
            admin = Usuario.query.filter_by(username="admin").first()
            if not admin:
                admin = Usuario(
                    username="admin",
                    email="admin@example.com",
                    nombre="Administrador",
                    rol="Administrador",
                    activo=True,
                )
                admin.set_password("admin123")
                db.session.add(admin)
                db.session.commit()
    
        # Iniciar sesi¾n usando el endpoint de login JSON sin mantener
        # el contexto del cliente abierto durante toda la prueba.
        resp = client.post(
            "/login",
            json={"username": "admin", "password": "admin123"},
            headers={"Content-Type": "application/json"},
        )
>       assert resp.status_code in [200, 302]
E       assert 500 in [200, 302]
E        +  where 500 = <WrapperTestResponse streamed [500 INTERNAL SERVER ERROR]>.status_code

tests\conftest.py:96: AssertionError
----------------------------- Captured log setup ------------------------------
ERROR    app.factory:factory.py:363 Error inesperado: 429 Too Many Requests: 10 per 1 minute
Traceback (most recent call last):
  File "C:\gmao - copia\.venv\Lib\site-packages\flask\app.py", line 880, in full_dispatch_request
    rv = self.dispatch_request()
         ^^^^^^^^^^^^^^^^^^^^^^^
  File "C:\gmao - copia\.venv\Lib\site-packages\flask\app.py", line 865, in dispatch_request
    return self.ensure_sync(self.view_functions[rule.endpoint])(**view_args)  # type: ignore[no-any-return]
           ^^^^^^^^^^^^^^^^^^^^^^^^^^^^^^^^^^^^^^^^^^^^^^^^^^^^^^^^^^^^^^^^^
  File "C:\gmao - copia\.venv\Lib\site-packages\flask_limiter\extension.py", line 1294, in __inner
    self.limiter._check_request_limit(
  File "C:\gmao - copia\.venv\Lib\site-packages\flask_limiter\extension.py", line 1152, in _check_request_limit
    raise e
  File "C:\gmao - copia\.venv\Lib\site-packages\flask_limiter\extension.py", line 1149, in _check_request_limit
    self.__evaluate_limits(endpoint, all_limits)
  File "C:\gmao - copia\.venv\Lib\site-packages\flask_limiter\extension.py", line 1133, in __evaluate_limits
    raise RateLimitExceeded(
flask_limiter.errors.RateLimitExceeded: 429 Too Many Requests: 10 per 1 minute
_____________________ ERROR at setup of test_ordenes_page _____________________

app = <Flask 'app.factory'>, client = <FlaskClient <Flask 'app.factory'>>

    @pytest.fixture(scope="function")
    def authenticated_client(app, client):
        """Cliente con sesi¾n autenticada para pruebas de seguridad."""
        # Crear usuario admin si no existe
        with app.app_context():
            admin = Usuario.query.filter_by(username="admin").first()
            if not admin:
                admin = Usuario(
                    username="admin",
                    email="admin@example.com",
                    nombre="Administrador",
                    rol="Administrador",
                    activo=True,
                )
                admin.set_password("admin123")
                db.session.add(admin)
                db.session.commit()
    
        # Iniciar sesi¾n usando el endpoint de login JSON sin mantener
        # el contexto del cliente abierto durante toda la prueba.
        resp = client.post(
            "/login",
            json={"username": "admin", "password": "admin123"},
            headers={"Content-Type": "application/json"},
        )
>       assert resp.status_code in [200, 302]
E       assert 500 in [200, 302]
E        +  where 500 = <WrapperTestResponse streamed [500 INTERNAL SERVER ERROR]>.status_code

tests\conftest.py:96: AssertionError
----------------------------- Captured log setup ------------------------------
ERROR    app.factory:factory.py:363 Error inesperado: 429 Too Many Requests: 10 per 1 minute
Traceback (most recent call last):
  File "C:\gmao - copia\.venv\Lib\site-packages\flask\app.py", line 880, in full_dispatch_request
    rv = self.dispatch_request()
         ^^^^^^^^^^^^^^^^^^^^^^^
  File "C:\gmao - copia\.venv\Lib\site-packages\flask\app.py", line 865, in dispatch_request
    return self.ensure_sync(self.view_functions[rule.endpoint])(**view_args)  # type: ignore[no-any-return]
           ^^^^^^^^^^^^^^^^^^^^^^^^^^^^^^^^^^^^^^^^^^^^^^^^^^^^^^^^^^^^^^^^^
  File "C:\gmao - copia\.venv\Lib\site-packages\flask_limiter\extension.py", line 1294, in __inner
    self.limiter._check_request_limit(
  File "C:\gmao - copia\.venv\Lib\site-packages\flask_limiter\extension.py", line 1152, in _check_request_limit
    raise e
  File "C:\gmao - copia\.venv\Lib\site-packages\flask_limiter\extension.py", line 1149, in _check_request_limit
    self.__evaluate_limits(endpoint, all_limits)
  File "C:\gmao - copia\.venv\Lib\site-packages\flask_limiter\extension.py", line 1133, in __evaluate_limits
    raise RateLimitExceeded(
flask_limiter.errors.RateLimitExceeded: 429 Too Many Requests: 10 per 1 minute
____________________ ERROR at setup of test_usuarios_page _____________________

app = <Flask 'app.factory'>, client = <FlaskClient <Flask 'app.factory'>>

    @pytest.fixture(scope="function")
    def authenticated_client(app, client):
        """Cliente con sesi¾n autenticada para pruebas de seguridad."""
        # Crear usuario admin si no existe
        with app.app_context():
            admin = Usuario.query.filter_by(username="admin").first()
            if not admin:
                admin = Usuario(
                    username="admin",
                    email="admin@example.com",
                    nombre="Administrador",
                    rol="Administrador",
                    activo=True,
                )
                admin.set_password("admin123")
                db.session.add(admin)
                db.session.commit()
    
        # Iniciar sesi¾n usando el endpoint de login JSON sin mantener
        # el contexto del cliente abierto durante toda la prueba.
        resp = client.post(
            "/login",
            json={"username": "admin", "password": "admin123"},
            headers={"Content-Type": "application/json"},
        )
>       assert resp.status_code in [200, 302]
E       assert 500 in [200, 302]
E        +  where 500 = <WrapperTestResponse streamed [500 INTERNAL SERVER ERROR]>.status_code

tests\conftest.py:96: AssertionError
----------------------------- Captured log setup ------------------------------
ERROR    app.factory:factory.py:363 Error inesperado: 429 Too Many Requests: 10 per 1 minute
Traceback (most recent call last):
  File "C:\gmao - copia\.venv\Lib\site-packages\flask\app.py", line 880, in full_dispatch_request
    rv = self.dispatch_request()
         ^^^^^^^^^^^^^^^^^^^^^^^
  File "C:\gmao - copia\.venv\Lib\site-packages\flask\app.py", line 865, in dispatch_request
    return self.ensure_sync(self.view_functions[rule.endpoint])(**view_args)  # type: ignore[no-any-return]
           ^^^^^^^^^^^^^^^^^^^^^^^^^^^^^^^^^^^^^^^^^^^^^^^^^^^^^^^^^^^^^^^^^
  File "C:\gmao - copia\.venv\Lib\site-packages\flask_limiter\extension.py", line 1294, in __inner
    self.limiter._check_request_limit(
  File "C:\gmao - copia\.venv\Lib\site-packages\flask_limiter\extension.py", line 1152, in _check_request_limit
    raise e
  File "C:\gmao - copia\.venv\Lib\site-packages\flask_limiter\extension.py", line 1149, in _check_request_limit
    self.__evaluate_limits(endpoint, all_limits)
  File "C:\gmao - copia\.venv\Lib\site-packages\flask_limiter\extension.py", line 1133, in __evaluate_limits
    raise RateLimitExceeded(
flask_limiter.errors.RateLimitExceeded: 429 Too Many Requests: 10 per 1 minute
___________________ ERROR at setup of test_proveedores_page ___________________

app = <Flask 'app.factory'>, client = <FlaskClient <Flask 'app.factory'>>

    @pytest.fixture(scope="function")
    def authenticated_client(app, client):
        """Cliente con sesi¾n autenticada para pruebas de seguridad."""
        # Crear usuario admin si no existe
        with app.app_context():
            admin = Usuario.query.filter_by(username="admin").first()
            if not admin:
                admin = Usuario(
                    username="admin",
                    email="admin@example.com",
                    nombre="Administrador",
                    rol="Administrador",
                    activo=True,
                )
                admin.set_password("admin123")
                db.session.add(admin)
                db.session.commit()
    
        # Iniciar sesi¾n usando el endpoint de login JSON sin mantener
        # el contexto del cliente abierto durante toda la prueba.
        resp = client.post(
            "/login",
            json={"username": "admin", "password": "admin123"},
            headers={"Content-Type": "application/json"},
        )
>       assert resp.status_code in [200, 302]
E       assert 500 in [200, 302]
E        +  where 500 = <WrapperTestResponse streamed [500 INTERNAL SERVER ERROR]>.status_code

tests\conftest.py:96: AssertionError
----------------------------- Captured log setup ------------------------------
ERROR    app.factory:factory.py:363 Error inesperado: 429 Too Many Requests: 10 per 1 minute
Traceback (most recent call last):
  File "C:\gmao - copia\.venv\Lib\site-packages\flask\app.py", line 880, in full_dispatch_request
    rv = self.dispatch_request()
         ^^^^^^^^^^^^^^^^^^^^^^^
  File "C:\gmao - copia\.venv\Lib\site-packages\flask\app.py", line 865, in dispatch_request
    return self.ensure_sync(self.view_functions[rule.endpoint])(**view_args)  # type: ignore[no-any-return]
           ^^^^^^^^^^^^^^^^^^^^^^^^^^^^^^^^^^^^^^^^^^^^^^^^^^^^^^^^^^^^^^^^^
  File "C:\gmao - copia\.venv\Lib\site-packages\flask_limiter\extension.py", line 1294, in __inner
    self.limiter._check_request_limit(
  File "C:\gmao - copia\.venv\Lib\site-packages\flask_limiter\extension.py", line 1152, in _check_request_limit
    raise e
  File "C:\gmao - copia\.venv\Lib\site-packages\flask_limiter\extension.py", line 1149, in _check_request_limit
    self.__evaluate_limits(endpoint, all_limits)
  File "C:\gmao - copia\.venv\Lib\site-packages\flask_limiter\extension.py", line 1133, in __evaluate_limits
    raise RateLimitExceeded(
flask_limiter.errors.RateLimitExceeded: 429 Too Many Requests: 10 per 1 minute
____________________ ERROR at setup of test_recambios_page ____________________

app = <Flask 'app.factory'>, client = <FlaskClient <Flask 'app.factory'>>

    @pytest.fixture(scope="function")
    def authenticated_client(app, client):
        """Cliente con sesi¾n autenticada para pruebas de seguridad."""
        # Crear usuario admin si no existe
        with app.app_context():
            admin = Usuario.query.filter_by(username="admin").first()
            if not admin:
                admin = Usuario(
                    username="admin",
                    email="admin@example.com",
                    nombre="Administrador",
                    rol="Administrador",
                    activo=True,
                )
                admin.set_password("admin123")
                db.session.add(admin)
                db.session.commit()
    
        # Iniciar sesi¾n usando el endpoint de login JSON sin mantener
        # el contexto del cliente abierto durante toda la prueba.
        resp = client.post(
            "/login",
            json={"username": "admin", "password": "admin123"},
            headers={"Content-Type": "application/json"},
        )
>       assert resp.status_code in [200, 302]
E       assert 500 in [200, 302]
E        +  where 500 = <WrapperTestResponse streamed [500 INTERNAL SERVER ERROR]>.status_code

tests\conftest.py:96: AssertionError
----------------------------- Captured log setup ------------------------------
ERROR    app.factory:factory.py:363 Error inesperado: 429 Too Many Requests: 10 per 1 minute
Traceback (most recent call last):
  File "C:\gmao - copia\.venv\Lib\site-packages\flask\app.py", line 880, in full_dispatch_request
    rv = self.dispatch_request()
         ^^^^^^^^^^^^^^^^^^^^^^^
  File "C:\gmao - copia\.venv\Lib\site-packages\flask\app.py", line 865, in dispatch_request
    return self.ensure_sync(self.view_functions[rule.endpoint])(**view_args)  # type: ignore[no-any-return]
           ^^^^^^^^^^^^^^^^^^^^^^^^^^^^^^^^^^^^^^^^^^^^^^^^^^^^^^^^^^^^^^^^^
  File "C:\gmao - copia\.venv\Lib\site-packages\flask_limiter\extension.py", line 1294, in __inner
    self.limiter._check_request_limit(
  File "C:\gmao - copia\.venv\Lib\site-packages\flask_limiter\extension.py", line 1152, in _check_request_limit
    raise e
  File "C:\gmao - copia\.venv\Lib\site-packages\flask_limiter\extension.py", line 1149, in _check_request_limit
    self.__evaluate_limits(endpoint, all_limits)
  File "C:\gmao - copia\.venv\Lib\site-packages\flask_limiter\extension.py", line 1133, in __evaluate_limits
    raise RateLimitExceeded(
flask_limiter.errors.RateLimitExceeded: 429 Too Many Requests: 10 per 1 minute
_____________________ ERROR at setup of test_planes_page ______________________

app = <Flask 'app.factory'>, client = <FlaskClient <Flask 'app.factory'>>

    @pytest.fixture(scope="function")
    def authenticated_client(app, client):
        """Cliente con sesi¾n autenticada para pruebas de seguridad."""
        # Crear usuario admin si no existe
        with app.app_context():
            admin = Usuario.query.filter_by(username="admin").first()
            if not admin:
                admin = Usuario(
                    username="admin",
                    email="admin@example.com",
                    nombre="Administrador",
                    rol="Administrador",
                    activo=True,
                )
                admin.set_password("admin123")
                db.session.add(admin)
                db.session.commit()
    
        # Iniciar sesi¾n usando el endpoint de login JSON sin mantener
        # el contexto del cliente abierto durante toda la prueba.
        resp = client.post(
            "/login",
            json={"username": "admin", "password": "admin123"},
            headers={"Content-Type": "application/json"},
        )
>       assert resp.status_code in [200, 302]
E       assert 500 in [200, 302]
E        +  where 500 = <WrapperTestResponse streamed [500 INTERNAL SERVER ERROR]>.status_code

tests\conftest.py:96: AssertionError
----------------------------- Captured log setup ------------------------------
ERROR    app.factory:factory.py:363 Error inesperado: 429 Too Many Requests: 10 per 1 minute
Traceback (most recent call last):
  File "C:\gmao - copia\.venv\Lib\site-packages\flask\app.py", line 880, in full_dispatch_request
    rv = self.dispatch_request()
         ^^^^^^^^^^^^^^^^^^^^^^^
  File "C:\gmao - copia\.venv\Lib\site-packages\flask\app.py", line 865, in dispatch_request
    return self.ensure_sync(self.view_functions[rule.endpoint])(**view_args)  # type: ignore[no-any-return]
           ^^^^^^^^^^^^^^^^^^^^^^^^^^^^^^^^^^^^^^^^^^^^^^^^^^^^^^^^^^^^^^^^^
  File "C:\gmao - copia\.venv\Lib\site-packages\flask_limiter\extension.py", line 1294, in __inner
    self.limiter._check_request_limit(
  File "C:\gmao - copia\.venv\Lib\site-packages\flask_limiter\extension.py", line 1152, in _check_request_limit
    raise e
  File "C:\gmao - copia\.venv\Lib\site-packages\flask_limiter\extension.py", line 1149, in _check_request_limit
    self.__evaluate_limits(endpoint, all_limits)
  File "C:\gmao - copia\.venv\Lib\site-packages\flask_limiter\extension.py", line 1133, in __evaluate_limits
    raise RateLimitExceeded(
flask_limiter.errors.RateLimitExceeded: 429 Too Many Requests: 10 per 1 minute
____________ ERROR at setup of test_planes_api_list_authenticated _____________

app = <Flask 'app.factory'>, client = <FlaskClient <Flask 'app.factory'>>

    @pytest.fixture(scope="function")
    def authenticated_client(app, client):
        """Cliente con sesi¾n autenticada para pruebas de seguridad."""
        # Crear usuario admin si no existe
        with app.app_context():
            admin = Usuario.query.filter_by(username="admin").first()
            if not admin:
                admin = Usuario(
                    username="admin",
                    email="admin@example.com",
                    nombre="Administrador",
                    rol="Administrador",
                    activo=True,
                )
                admin.set_password("admin123")
                db.session.add(admin)
                db.session.commit()
    
        # Iniciar sesi¾n usando el endpoint de login JSON sin mantener
        # el contexto del cliente abierto durante toda la prueba.
        resp = client.post(
            "/login",
            json={"username": "admin", "password": "admin123"},
            headers={"Content-Type": "application/json"},
        )
>       assert resp.status_code in [200, 302]
E       assert 500 in [200, 302]
E        +  where 500 = <WrapperTestResponse streamed [500 INTERNAL SERVER ERROR]>.status_code

tests\conftest.py:96: AssertionError
----------------------------- Captured log setup ------------------------------
ERROR    app.factory:factory.py:363 Error inesperado: 429 Too Many Requests: 10 per 1 minute
Traceback (most recent call last):
  File "C:\gmao - copia\.venv\Lib\site-packages\flask\app.py", line 880, in full_dispatch_request
    rv = self.dispatch_request()
         ^^^^^^^^^^^^^^^^^^^^^^^
  File "C:\gmao - copia\.venv\Lib\site-packages\flask\app.py", line 865, in dispatch_request
    return self.ensure_sync(self.view_functions[rule.endpoint])(**view_args)  # type: ignore[no-any-return]
           ^^^^^^^^^^^^^^^^^^^^^^^^^^^^^^^^^^^^^^^^^^^^^^^^^^^^^^^^^^^^^^^^^
  File "C:\gmao - copia\.venv\Lib\site-packages\flask_limiter\extension.py", line 1294, in __inner
    self.limiter._check_request_limit(
  File "C:\gmao - copia\.venv\Lib\site-packages\flask_limiter\extension.py", line 1152, in _check_request_limit
    raise e
  File "C:\gmao - copia\.venv\Lib\site-packages\flask_limiter\extension.py", line 1149, in _check_request_limit
    self.__evaluate_limits(endpoint, all_limits)
  File "C:\gmao - copia\.venv\Lib\site-packages\flask_limiter\extension.py", line 1133, in __evaluate_limits
    raise RateLimitExceeded(
flask_limiter.errors.RateLimitExceeded: 429 Too Many Requests: 10 per 1 minute
___________ ERROR at setup of test_plan_individual_not_found_or_ok ____________

app = <Flask 'app.factory'>, client = <FlaskClient <Flask 'app.factory'>>

    @pytest.fixture(scope="function")
    def authenticated_client(app, client):
        """Cliente con sesi¾n autenticada para pruebas de seguridad."""
        # Crear usuario admin si no existe
        with app.app_context():
            admin = Usuario.query.filter_by(username="admin").first()
            if not admin:
                admin = Usuario(
                    username="admin",
                    email="admin@example.com",
                    nombre="Administrador",
                    rol="Administrador",
                    activo=True,
                )
                admin.set_password("admin123")
                db.session.add(admin)
                db.session.commit()
    
        # Iniciar sesi¾n usando el endpoint de login JSON sin mantener
        # el contexto del cliente abierto durante toda la prueba.
        resp = client.post(
            "/login",
            json={"username": "admin", "password": "admin123"},
            headers={"Content-Type": "application/json"},
        )
>       assert resp.status_code in [200, 302]
E       assert 500 in [200, 302]
E        +  where 500 = <WrapperTestResponse streamed [500 INTERNAL SERVER ERROR]>.status_code

tests\conftest.py:96: AssertionError
----------------------------- Captured log setup ------------------------------
ERROR    app.factory:factory.py:363 Error inesperado: 429 Too Many Requests: 10 per 1 minute
Traceback (most recent call last):
  File "C:\gmao - copia\.venv\Lib\site-packages\flask\app.py", line 880, in full_dispatch_request
    rv = self.dispatch_request()
         ^^^^^^^^^^^^^^^^^^^^^^^
  File "C:\gmao - copia\.venv\Lib\site-packages\flask\app.py", line 865, in dispatch_request
    return self.ensure_sync(self.view_functions[rule.endpoint])(**view_args)  # type: ignore[no-any-return]
           ^^^^^^^^^^^^^^^^^^^^^^^^^^^^^^^^^^^^^^^^^^^^^^^^^^^^^^^^^^^^^^^^^
  File "C:\gmao - copia\.venv\Lib\site-packages\flask_limiter\extension.py", line 1294, in __inner
    self.limiter._check_request_limit(
  File "C:\gmao - copia\.venv\Lib\site-packages\flask_limiter\extension.py", line 1152, in _check_request_limit
    raise e
  File "C:\gmao - copia\.venv\Lib\site-packages\flask_limiter\extension.py", line 1149, in _check_request_limit
    self.__evaluate_limits(endpoint, all_limits)
  File "C:\gmao - copia\.venv\Lib\site-packages\flask_limiter\extension.py", line 1133, in __evaluate_limits
    raise RateLimitExceeded(
flask_limiter.errors.RateLimitExceeded: 429 Too Many Requests: 10 per 1 minute
__________ ERROR at setup of test_generar_ordenes_post_authenticated __________

app = <Flask 'app.factory'>, client = <FlaskClient <Flask 'app.factory'>>

    @pytest.fixture(scope="function")
    def authenticated_client(app, client):
        """Cliente con sesi¾n autenticada para pruebas de seguridad."""
        # Crear usuario admin si no existe
        with app.app_context():
            admin = Usuario.query.filter_by(username="admin").first()
            if not admin:
                admin = Usuario(
                    username="admin",
                    email="admin@example.com",
                    nombre="Administrador",
                    rol="Administrador",
                    activo=True,
                )
                admin.set_password("admin123")
                db.session.add(admin)
                db.session.commit()
    
        # Iniciar sesi¾n usando el endpoint de login JSON sin mantener
        # el contexto del cliente abierto durante toda la prueba.
        resp = client.post(
            "/login",
            json={"username": "admin", "password": "admin123"},
            headers={"Content-Type": "application/json"},
        )
>       assert resp.status_code in [200, 302]
E       assert 500 in [200, 302]
E        +  where 500 = <WrapperTestResponse streamed [500 INTERNAL SERVER ERROR]>.status_code

tests\conftest.py:96: AssertionError
----------------------------- Captured log setup ------------------------------
ERROR    app.factory:factory.py:363 Error inesperado: 429 Too Many Requests: 10 per 1 minute
Traceback (most recent call last):
  File "C:\gmao - copia\.venv\Lib\site-packages\flask\app.py", line 880, in full_dispatch_request
    rv = self.dispatch_request()
         ^^^^^^^^^^^^^^^^^^^^^^^
  File "C:\gmao - copia\.venv\Lib\site-packages\flask\app.py", line 865, in dispatch_request
    return self.ensure_sync(self.view_functions[rule.endpoint])(**view_args)  # type: ignore[no-any-return]
           ^^^^^^^^^^^^^^^^^^^^^^^^^^^^^^^^^^^^^^^^^^^^^^^^^^^^^^^^^^^^^^^^^
  File "C:\gmao - copia\.venv\Lib\site-packages\flask_limiter\extension.py", line 1294, in __inner
    self.limiter._check_request_limit(
  File "C:\gmao - copia\.venv\Lib\site-packages\flask_limiter\extension.py", line 1152, in _check_request_limit
    raise e
  File "C:\gmao - copia\.venv\Lib\site-packages\flask_limiter\extension.py", line 1149, in _check_request_limit
    self.__evaluate_limits(endpoint, all_limits)
  File "C:\gmao - copia\.venv\Lib\site-packages\flask_limiter\extension.py", line 1133, in __evaluate_limits
    raise RateLimitExceeded(
flask_limiter.errors.RateLimitExceeded: 429 Too Many Requests: 10 per 1 minute
_________ ERROR at setup of test_generar_ordenes_manual_authenticated _________

app = <Flask 'app.factory'>, client = <FlaskClient <Flask 'app.factory'>>

    @pytest.fixture(scope="function")
    def authenticated_client(app, client):
        """Cliente con sesi¾n autenticada para pruebas de seguridad."""
        # Crear usuario admin si no existe
        with app.app_context():
            admin = Usuario.query.filter_by(username="admin").first()
            if not admin:
                admin = Usuario(
                    username="admin",
                    email="admin@example.com",
                    nombre="Administrador",
                    rol="Administrador",
                    activo=True,
                )
                admin.set_password("admin123")
                db.session.add(admin)
                db.session.commit()
    
        # Iniciar sesi¾n usando el endpoint de login JSON sin mantener
        # el contexto del cliente abierto durante toda la prueba.
        resp = client.post(
            "/login",
            json={"username": "admin", "password": "admin123"},
            headers={"Content-Type": "application/json"},
        )
>       assert resp.status_code in [200, 302]
E       assert 500 in [200, 302]
E        +  where 500 = <WrapperTestResponse streamed [500 INTERNAL SERVER ERROR]>.status_code

tests\conftest.py:96: AssertionError
----------------------------- Captured log setup ------------------------------
ERROR    app.factory:factory.py:363 Error inesperado: 429 Too Many Requests: 10 per 1 minute
Traceback (most recent call last):
  File "C:\gmao - copia\.venv\Lib\site-packages\flask\app.py", line 880, in full_dispatch_request
    rv = self.dispatch_request()
         ^^^^^^^^^^^^^^^^^^^^^^^
  File "C:\gmao - copia\.venv\Lib\site-packages\flask\app.py", line 865, in dispatch_request
    return self.ensure_sync(self.view_functions[rule.endpoint])(**view_args)  # type: ignore[no-any-return]
           ^^^^^^^^^^^^^^^^^^^^^^^^^^^^^^^^^^^^^^^^^^^^^^^^^^^^^^^^^^^^^^^^^
  File "C:\gmao - copia\.venv\Lib\site-packages\flask_limiter\extension.py", line 1294, in __inner
    self.limiter._check_request_limit(
  File "C:\gmao - copia\.venv\Lib\site-packages\flask_limiter\extension.py", line 1152, in _check_request_limit
    raise e
  File "C:\gmao - copia\.venv\Lib\site-packages\flask_limiter\extension.py", line 1149, in _check_request_limit
    self.__evaluate_limits(endpoint, all_limits)
  File "C:\gmao - copia\.venv\Lib\site-packages\flask_limiter\extension.py", line 1133, in __evaluate_limits
    raise RateLimitExceeded(
flask_limiter.errors.RateLimitExceeded: 429 Too Many Requests: 10 per 1 minute
____________ ERROR at setup of test_toggle_proveedor_authenticated ____________

app = <Flask 'app.factory'>, client = <FlaskClient <Flask 'app.factory'>>

    @pytest.fixture(scope="function")
    def authenticated_client(app, client):
        """Cliente con sesi¾n autenticada para pruebas de seguridad."""
        # Crear usuario admin si no existe
        with app.app_context():
            admin = Usuario.query.filter_by(username="admin").first()
            if not admin:
                admin = Usuario(
                    username="admin",
                    email="admin@example.com",
                    nombre="Administrador",
                    rol="Administrador",
                    activo=True,
                )
                admin.set_password("admin123")
                db.session.add(admin)
                db.session.commit()
    
        # Iniciar sesi¾n usando el endpoint de login JSON sin mantener
        # el contexto del cliente abierto durante toda la prueba.
        resp = client.post(
            "/login",
            json={"username": "admin", "password": "admin123"},
            headers={"Content-Type": "application/json"},
        )
>       assert resp.status_code in [200, 302]
E       assert 500 in [200, 302]
E        +  where 500 = <WrapperTestResponse streamed [500 INTERNAL SERVER ERROR]>.status_code

tests\conftest.py:96: AssertionError
----------------------------- Captured log setup ------------------------------
ERROR    app.factory:factory.py:363 Error inesperado: 429 Too Many Requests: 10 per 1 minute
Traceback (most recent call last):
  File "C:\gmao - copia\.venv\Lib\site-packages\flask\app.py", line 880, in full_dispatch_request
    rv = self.dispatch_request()
         ^^^^^^^^^^^^^^^^^^^^^^^
  File "C:\gmao - copia\.venv\Lib\site-packages\flask\app.py", line 865, in dispatch_request
    return self.ensure_sync(self.view_functions[rule.endpoint])(**view_args)  # type: ignore[no-any-return]
           ^^^^^^^^^^^^^^^^^^^^^^^^^^^^^^^^^^^^^^^^^^^^^^^^^^^^^^^^^^^^^^^^^
  File "C:\gmao - copia\.venv\Lib\site-packages\flask_limiter\extension.py", line 1294, in __inner
    self.limiter._check_request_limit(
  File "C:\gmao - copia\.venv\Lib\site-packages\flask_limiter\extension.py", line 1152, in _check_request_limit
    raise e
  File "C:\gmao - copia\.venv\Lib\site-packages\flask_limiter\extension.py", line 1149, in _check_request_limit
    self.__evaluate_limits(endpoint, all_limits)
  File "C:\gmao - copia\.venv\Lib\site-packages\flask_limiter\extension.py", line 1133, in __evaluate_limits
    raise RateLimitExceeded(
flask_limiter.errors.RateLimitExceeded: 429 Too Many Requests: 10 per 1 minute
_______ ERROR at setup of test_solicitudes_admin_estadisticas_admin_ok ________

app = <Flask 'app.factory'>, client = <FlaskClient <Flask 'app.factory'>>

    @pytest.fixture(scope="function")
    def authenticated_client(app, client):
        """Cliente con sesi¾n autenticada para pruebas de seguridad."""
        # Crear usuario admin si no existe
        with app.app_context():
            admin = Usuario.query.filter_by(username="admin").first()
            if not admin:
                admin = Usuario(
                    username="admin",
                    email="admin@example.com",
                    nombre="Administrador",
                    rol="Administrador",
                    activo=True,
                )
                admin.set_password("admin123")
                db.session.add(admin)
                db.session.commit()
    
        # Iniciar sesi¾n usando el endpoint de login JSON sin mantener
        # el contexto del cliente abierto durante toda la prueba.
        resp = client.post(
            "/login",
            json={"username": "admin", "password": "admin123"},
            headers={"Content-Type": "application/json"},
        )
>       assert resp.status_code in [200, 302]
E       assert 500 in [200, 302]
E        +  where 500 = <WrapperTestResponse streamed [500 INTERNAL SERVER ERROR]>.status_code

tests\conftest.py:96: AssertionError
----------------------------- Captured log setup ------------------------------
ERROR    app.factory:factory.py:363 Error inesperado: 429 Too Many Requests: 10 per 1 minute
Traceback (most recent call last):
  File "C:\gmao - copia\.venv\Lib\site-packages\flask\app.py", line 880, in full_dispatch_request
    rv = self.dispatch_request()
         ^^^^^^^^^^^^^^^^^^^^^^^
  File "C:\gmao - copia\.venv\Lib\site-packages\flask\app.py", line 865, in dispatch_request
    return self.ensure_sync(self.view_functions[rule.endpoint])(**view_args)  # type: ignore[no-any-return]
           ^^^^^^^^^^^^^^^^^^^^^^^^^^^^^^^^^^^^^^^^^^^^^^^^^^^^^^^^^^^^^^^^^
  File "C:\gmao - copia\.venv\Lib\site-packages\flask_limiter\extension.py", line 1294, in __inner
    self.limiter._check_request_limit(
  File "C:\gmao - copia\.venv\Lib\site-packages\flask_limiter\extension.py", line 1152, in _check_request_limit
    raise e
  File "C:\gmao - copia\.venv\Lib\site-packages\flask_limiter\extension.py", line 1149, in _check_request_limit
    self.__evaluate_limits(endpoint, all_limits)
  File "C:\gmao - copia\.venv\Lib\site-packages\flask_limiter\extension.py", line 1133, in __evaluate_limits
    raise RateLimitExceeded(
flask_limiter.errors.RateLimitExceeded: 429 Too Many Requests: 10 per 1 minute
________ ERROR at setup of test_activos_estadisticas_error_returns_500 ________

app = <Flask 'app.factory'>, client = <FlaskClient <Flask 'app.factory'>>

    @pytest.fixture(scope="function")
    def authenticated_client(app, client):
        """Cliente con sesi¾n autenticada para pruebas de seguridad."""
        # Crear usuario admin si no existe
        with app.app_context():
            admin = Usuario.query.filter_by(username="admin").first()
            if not admin:
                admin = Usuario(
                    username="admin",
                    email="admin@example.com",
                    nombre="Administrador",
                    rol="Administrador",
                    activo=True,
                )
                admin.set_password("admin123")
                db.session.add(admin)
                db.session.commit()
    
        # Iniciar sesi¾n usando el endpoint de login JSON sin mantener
        # el contexto del cliente abierto durante toda la prueba.
        resp = client.post(
            "/login",
            json={"username": "admin", "password": "admin123"},
            headers={"Content-Type": "application/json"},
        )
>       assert resp.status_code in [200, 302]
E       assert 500 in [200, 302]
E        +  where 500 = <WrapperTestResponse streamed [500 INTERNAL SERVER ERROR]>.status_code

tests\conftest.py:96: AssertionError
----------------------------- Captured log setup ------------------------------
ERROR    app.factory:factory.py:363 Error inesperado: 429 Too Many Requests: 10 per 1 minute
Traceback (most recent call last):
  File "C:\gmao - copia\.venv\Lib\site-packages\flask\app.py", line 880, in full_dispatch_request
    rv = self.dispatch_request()
         ^^^^^^^^^^^^^^^^^^^^^^^
  File "C:\gmao - copia\.venv\Lib\site-packages\flask\app.py", line 865, in dispatch_request
    return self.ensure_sync(self.view_functions[rule.endpoint])(**view_args)  # type: ignore[no-any-return]
           ^^^^^^^^^^^^^^^^^^^^^^^^^^^^^^^^^^^^^^^^^^^^^^^^^^^^^^^^^^^^^^^^^
  File "C:\gmao - copia\.venv\Lib\site-packages\flask_limiter\extension.py", line 1294, in __inner
    self.limiter._check_request_limit(
  File "C:\gmao - copia\.venv\Lib\site-packages\flask_limiter\extension.py", line 1152, in _check_request_limit
    raise e
  File "C:\gmao - copia\.venv\Lib\site-packages\flask_limiter\extension.py", line 1149, in _check_request_limit
    self.__evaluate_limits(endpoint, all_limits)
  File "C:\gmao - copia\.venv\Lib\site-packages\flask_limiter\extension.py", line 1133, in __evaluate_limits
    raise RateLimitExceeded(
flask_limiter.errors.RateLimitExceeded: 429 Too Many Requests: 10 per 1 minute
______ ERROR at setup of test_inventario_estadisticas_error_returns_500 _______

app = <Flask 'app.factory'>, client = <FlaskClient <Flask 'app.factory'>>

    @pytest.fixture(scope="function")
    def authenticated_client(app, client):
        """Cliente con sesi¾n autenticada para pruebas de seguridad."""
        # Crear usuario admin si no existe
        with app.app_context():
            admin = Usuario.query.filter_by(username="admin").first()
            if not admin:
                admin = Usuario(
                    username="admin",
                    email="admin@example.com",
                    nombre="Administrador",
                    rol="Administrador",
                    activo=True,
                )
                admin.set_password("admin123")
                db.session.add(admin)
                db.session.commit()
    
        # Iniciar sesi¾n usando el endpoint de login JSON sin mantener
        # el contexto del cliente abierto durante toda la prueba.
        resp = client.post(
            "/login",
            json={"username": "admin", "password": "admin123"},
            headers={"Content-Type": "application/json"},
        )
>       assert resp.status_code in [200, 302]
E       assert 500 in [200, 302]
E        +  where 500 = <WrapperTestResponse streamed [500 INTERNAL SERVER ERROR]>.status_code

tests\conftest.py:96: AssertionError
----------------------------- Captured log setup ------------------------------
ERROR    app.factory:factory.py:363 Error inesperado: 429 Too Many Requests: 10 per 1 minute
Traceback (most recent call last):
  File "C:\gmao - copia\.venv\Lib\site-packages\flask\app.py", line 880, in full_dispatch_request
    rv = self.dispatch_request()
         ^^^^^^^^^^^^^^^^^^^^^^^
  File "C:\gmao - copia\.venv\Lib\site-packages\flask\app.py", line 865, in dispatch_request
    return self.ensure_sync(self.view_functions[rule.endpoint])(**view_args)  # type: ignore[no-any-return]
           ^^^^^^^^^^^^^^^^^^^^^^^^^^^^^^^^^^^^^^^^^^^^^^^^^^^^^^^^^^^^^^^^^
  File "C:\gmao - copia\.venv\Lib\site-packages\flask_limiter\extension.py", line 1294, in __inner
    self.limiter._check_request_limit(
  File "C:\gmao - copia\.venv\Lib\site-packages\flask_limiter\extension.py", line 1152, in _check_request_limit
    raise e
  File "C:\gmao - copia\.venv\Lib\site-packages\flask_limiter\extension.py", line 1149, in _check_request_limit
    self.__evaluate_limits(endpoint, all_limits)
  File "C:\gmao - copia\.venv\Lib\site-packages\flask_limiter\extension.py", line 1133, in __evaluate_limits
    raise RateLimitExceeded(
flask_limiter.errors.RateLimitExceeded: 429 Too Many Requests: 10 per 1 minute
__________ ERROR at setup of test_usuarios_api_filters_authenticated __________

app = <Flask 'app.factory'>, client = <FlaskClient <Flask 'app.factory'>>

    @pytest.fixture(scope="function")
    def authenticated_client(app, client):
        """Cliente con sesi¾n autenticada para pruebas de seguridad."""
        # Crear usuario admin si no existe
        with app.app_context():
            admin = Usuario.query.filter_by(username="admin").first()
            if not admin:
                admin = Usuario(
                    username="admin",
                    email="admin@example.com",
                    nombre="Administrador",
                    rol="Administrador",
                    activo=True,
                )
                admin.set_password("admin123")
                db.session.add(admin)
                db.session.commit()
    
        # Iniciar sesi¾n usando el endpoint de login JSON sin mantener
        # el contexto del cliente abierto durante toda la prueba.
        resp = client.post(
            "/login",
            json={"username": "admin", "password": "admin123"},
            headers={"Content-Type": "application/json"},
        )
>       assert resp.status_code in [200, 302]
E       assert 500 in [200, 302]
E        +  where 500 = <WrapperTestResponse streamed [500 INTERNAL SERVER ERROR]>.status_code

tests\conftest.py:96: AssertionError
----------------------------- Captured log setup ------------------------------
ERROR    app.factory:factory.py:363 Error inesperado: 429 Too Many Requests: 10 per 1 minute
Traceback (most recent call last):
  File "C:\gmao - copia\.venv\Lib\site-packages\flask\app.py", line 880, in full_dispatch_request
    rv = self.dispatch_request()
         ^^^^^^^^^^^^^^^^^^^^^^^
  File "C:\gmao - copia\.venv\Lib\site-packages\flask\app.py", line 865, in dispatch_request
    return self.ensure_sync(self.view_functions[rule.endpoint])(**view_args)  # type: ignore[no-any-return]
           ^^^^^^^^^^^^^^^^^^^^^^^^^^^^^^^^^^^^^^^^^^^^^^^^^^^^^^^^^^^^^^^^^
  File "C:\gmao - copia\.venv\Lib\site-packages\flask_limiter\extension.py", line 1294, in __inner
    self.limiter._check_request_limit(
  File "C:\gmao - copia\.venv\Lib\site-packages\flask_limiter\extension.py", line 1152, in _check_request_limit
    raise e
  File "C:\gmao - copia\.venv\Lib\site-packages\flask_limiter\extension.py", line 1149, in _check_request_limit
    self.__evaluate_limits(endpoint, all_limits)
  File "C:\gmao - copia\.venv\Lib\site-packages\flask_limiter\extension.py", line 1133, in __evaluate_limits
    raise RateLimitExceeded(
flask_limiter.errors.RateLimitExceeded: 429 Too Many Requests: 10 per 1 minute
_____________ ERROR at setup of test_login_valid_returns_success ______________

app = <Flask 'app.factory'>, client = <FlaskClient <Flask 'app.factory'>>

    @pytest.fixture(scope="function")
    def authenticated_client(app, client):
        """Cliente con sesi¾n autenticada para pruebas de seguridad."""
        # Crear usuario admin si no existe
        with app.app_context():
            admin = Usuario.query.filter_by(username="admin").first()
            if not admin:
                admin = Usuario(
                    username="admin",
                    email="admin@example.com",
                    nombre="Administrador",
                    rol="Administrador",
                    activo=True,
                )
                admin.set_password("admin123")
                db.session.add(admin)
                db.session.commit()
    
        # Iniciar sesi¾n usando el endpoint de login JSON sin mantener
        # el contexto del cliente abierto durante toda la prueba.
        resp = client.post(
            "/login",
            json={"username": "admin", "password": "admin123"},
            headers={"Content-Type": "application/json"},
        )
>       assert resp.status_code in [200, 302]
E       assert 500 in [200, 302]
E        +  where 500 = <WrapperTestResponse streamed [500 INTERNAL SERVER ERROR]>.status_code

tests\conftest.py:96: AssertionError
----------------------------- Captured log setup ------------------------------
ERROR    app.factory:factory.py:363 Error inesperado: 429 Too Many Requests: 10 per 1 minute
Traceback (most recent call last):
  File "C:\gmao - copia\.venv\Lib\site-packages\flask\app.py", line 880, in full_dispatch_request
    rv = self.dispatch_request()
         ^^^^^^^^^^^^^^^^^^^^^^^
  File "C:\gmao - copia\.venv\Lib\site-packages\flask\app.py", line 865, in dispatch_request
    return self.ensure_sync(self.view_functions[rule.endpoint])(**view_args)  # type: ignore[no-any-return]
           ^^^^^^^^^^^^^^^^^^^^^^^^^^^^^^^^^^^^^^^^^^^^^^^^^^^^^^^^^^^^^^^^^
  File "C:\gmao - copia\.venv\Lib\site-packages\flask_limiter\extension.py", line 1294, in __inner
    self.limiter._check_request_limit(
  File "C:\gmao - copia\.venv\Lib\site-packages\flask_limiter\extension.py", line 1152, in _check_request_limit
    raise e
  File "C:\gmao - copia\.venv\Lib\site-packages\flask_limiter\extension.py", line 1149, in _check_request_limit
    self.__evaluate_limits(endpoint, all_limits)
  File "C:\gmao - copia\.venv\Lib\site-packages\flask_limiter\extension.py", line 1133, in __evaluate_limits
    raise RateLimitExceeded(
flask_limiter.errors.RateLimitExceeded: 429 Too Many Requests: 10 per 1 minute
______________ ERROR at setup of test_usuarios_page_after_login _______________

app = <Flask 'app.factory'>, client = <FlaskClient <Flask 'app.factory'>>

    @pytest.fixture(scope="function")
    def authenticated_client(app, client):
        """Cliente con sesi¾n autenticada para pruebas de seguridad."""
        # Crear usuario admin si no existe
        with app.app_context():
            admin = Usuario.query.filter_by(username="admin").first()
            if not admin:
                admin = Usuario(
                    username="admin",
                    email="admin@example.com",
                    nombre="Administrador",
                    rol="Administrador",
                    activo=True,
                )
                admin.set_password("admin123")
                db.session.add(admin)
                db.session.commit()
    
        # Iniciar sesi¾n usando el endpoint de login JSON sin mantener
        # el contexto del cliente abierto durante toda la prueba.
        resp = client.post(
            "/login",
            json={"username": "admin", "password": "admin123"},
            headers={"Content-Type": "application/json"},
        )
>       assert resp.status_code in [200, 302]
E       assert 500 in [200, 302]
E        +  where 500 = <WrapperTestResponse streamed [500 INTERNAL SERVER ERROR]>.status_code

tests\conftest.py:96: AssertionError
----------------------------- Captured log setup ------------------------------
ERROR    app.factory:factory.py:363 Error inesperado: 429 Too Many Requests: 10 per 1 minute
Traceback (most recent call last):
  File "C:\gmao - copia\.venv\Lib\site-packages\flask\app.py", line 880, in full_dispatch_request
    rv = self.dispatch_request()
         ^^^^^^^^^^^^^^^^^^^^^^^
  File "C:\gmao - copia\.venv\Lib\site-packages\flask\app.py", line 865, in dispatch_request
    return self.ensure_sync(self.view_functions[rule.endpoint])(**view_args)  # type: ignore[no-any-return]
           ^^^^^^^^^^^^^^^^^^^^^^^^^^^^^^^^^^^^^^^^^^^^^^^^^^^^^^^^^^^^^^^^^
  File "C:\gmao - copia\.venv\Lib\site-packages\flask_limiter\extension.py", line 1294, in __inner
    self.limiter._check_request_limit(
  File "C:\gmao - copia\.venv\Lib\site-packages\flask_limiter\extension.py", line 1152, in _check_request_limit
    raise e
  File "C:\gmao - copia\.venv\Lib\site-packages\flask_limiter\extension.py", line 1149, in _check_request_limit
    self.__evaluate_limits(endpoint, all_limits)
  File "C:\gmao - copia\.venv\Lib\site-packages\flask_limiter\extension.py", line 1133, in __evaluate_limits
    raise RateLimitExceeded(
flask_limiter.errors.RateLimitExceeded: 429 Too Many Requests: 10 per 1 minute
______________ ERROR at setup of test_usuarios_api_authenticated ______________

app = <Flask 'app.factory'>, client = <FlaskClient <Flask 'app.factory'>>

    @pytest.fixture(scope="function")
    def authenticated_client(app, client):
        """Cliente con sesi¾n autenticada para pruebas de seguridad."""
        # Crear usuario admin si no existe
        with app.app_context():
            admin = Usuario.query.filter_by(username="admin").first()
            if not admin:
                admin = Usuario(
                    username="admin",
                    email="admin@example.com",
                    nombre="Administrador",
                    rol="Administrador",
                    activo=True,
                )
                admin.set_password("admin123")
                db.session.add(admin)
                db.session.commit()
    
        # Iniciar sesi¾n usando el endpoint de login JSON sin mantener
        # el contexto del cliente abierto durante toda la prueba.
        resp = client.post(
            "/login",
            json={"username": "admin", "password": "admin123"},
            headers={"Content-Type": "application/json"},
        )
>       assert resp.status_code in [200, 302]
E       assert 500 in [200, 302]
E        +  where 500 = <WrapperTestResponse streamed [500 INTERNAL SERVER ERROR]>.status_code

tests\conftest.py:96: AssertionError
----------------------------- Captured log setup ------------------------------
ERROR    app.factory:factory.py:363 Error inesperado: 429 Too Many Requests: 10 per 1 minute
Traceback (most recent call last):
  File "C:\gmao - copia\.venv\Lib\site-packages\flask\app.py", line 880, in full_dispatch_request
    rv = self.dispatch_request()
         ^^^^^^^^^^^^^^^^^^^^^^^
  File "C:\gmao - copia\.venv\Lib\site-packages\flask\app.py", line 865, in dispatch_request
    return self.ensure_sync(self.view_functions[rule.endpoint])(**view_args)  # type: ignore[no-any-return]
           ^^^^^^^^^^^^^^^^^^^^^^^^^^^^^^^^^^^^^^^^^^^^^^^^^^^^^^^^^^^^^^^^^
  File "C:\gmao - copia\.venv\Lib\site-packages\flask_limiter\extension.py", line 1294, in __inner
    self.limiter._check_request_limit(
  File "C:\gmao - copia\.venv\Lib\site-packages\flask_limiter\extension.py", line 1152, in _check_request_limit
    raise e
  File "C:\gmao - copia\.venv\Lib\site-packages\flask_limiter\extension.py", line 1149, in _check_request_limit
    self.__evaluate_limits(endpoint, all_limits)
  File "C:\gmao - copia\.venv\Lib\site-packages\flask_limiter\extension.py", line 1133, in __evaluate_limits
    raise RateLimitExceeded(
flask_limiter.errors.RateLimitExceeded: 429 Too Many Requests: 10 per 1 minute
_____________ ERROR at setup of test_usuarios_list_authenticated ______________

app = <Flask 'app.factory'>, client = <FlaskClient <Flask 'app.factory'>>

    @pytest.fixture(scope="function")
    def authenticated_client(app, client):
        """Cliente con sesi¾n autenticada para pruebas de seguridad."""
        # Crear usuario admin si no existe
        with app.app_context():
            admin = Usuario.query.filter_by(username="admin").first()
            if not admin:
                admin = Usuario(
                    username="admin",
                    email="admin@example.com",
                    nombre="Administrador",
                    rol="Administrador",
                    activo=True,
                )
                admin.set_password("admin123")
                db.session.add(admin)
                db.session.commit()
    
        # Iniciar sesi¾n usando el endpoint de login JSON sin mantener
        # el contexto del cliente abierto durante toda la prueba.
        resp = client.post(
            "/login",
            json={"username": "admin", "password": "admin123"},
            headers={"Content-Type": "application/json"},
        )
>       assert resp.status_code in [200, 302]
E       assert 500 in [200, 302]
E        +  where 500 = <WrapperTestResponse streamed [500 INTERNAL SERVER ERROR]>.status_code

tests\conftest.py:96: AssertionError
----------------------------- Captured log setup ------------------------------
ERROR    app.factory:factory.py:363 Error inesperado: 429 Too Many Requests: 10 per 1 minute
Traceback (most recent call last):
  File "C:\gmao - copia\.venv\Lib\site-packages\flask\app.py", line 880, in full_dispatch_request
    rv = self.dispatch_request()
         ^^^^^^^^^^^^^^^^^^^^^^^
  File "C:\gmao - copia\.venv\Lib\site-packages\flask\app.py", line 865, in dispatch_request
    return self.ensure_sync(self.view_functions[rule.endpoint])(**view_args)  # type: ignore[no-any-return]
           ^^^^^^^^^^^^^^^^^^^^^^^^^^^^^^^^^^^^^^^^^^^^^^^^^^^^^^^^^^^^^^^^^
  File "C:\gmao - copia\.venv\Lib\site-packages\flask_limiter\extension.py", line 1294, in __inner
    self.limiter._check_request_limit(
  File "C:\gmao - copia\.venv\Lib\site-packages\flask_limiter\extension.py", line 1152, in _check_request_limit
    raise e
  File "C:\gmao - copia\.venv\Lib\site-packages\flask_limiter\extension.py", line 1149, in _check_request_limit
    self.__evaluate_limits(endpoint, all_limits)
  File "C:\gmao - copia\.venv\Lib\site-packages\flask_limiter\extension.py", line 1133, in __evaluate_limits
    raise RateLimitExceeded(
flask_limiter.errors.RateLimitExceeded: 429 Too Many Requests: 10 per 1 minute
__________ ERROR at setup of test_usuarios_list_query_authenticated ___________

app = <Flask 'app.factory'>, client = <FlaskClient <Flask 'app.factory'>>

    @pytest.fixture(scope="function")
    def authenticated_client(app, client):
        """Cliente con sesi¾n autenticada para pruebas de seguridad."""
        # Crear usuario admin si no existe
        with app.app_context():
            admin = Usuario.query.filter_by(username="admin").first()
            if not admin:
                admin = Usuario(
                    username="admin",
                    email="admin@example.com",
                    nombre="Administrador",
                    rol="Administrador",
                    activo=True,
                )
                admin.set_password("admin123")
                db.session.add(admin)
                db.session.commit()
    
        # Iniciar sesi¾n usando el endpoint de login JSON sin mantener
        # el contexto del cliente abierto durante toda la prueba.
        resp = client.post(
            "/login",
            json={"username": "admin", "password": "admin123"},
            headers={"Content-Type": "application/json"},
        )
>       assert resp.status_code in [200, 302]
E       assert 500 in [200, 302]
E        +  where 500 = <WrapperTestResponse streamed [500 INTERNAL SERVER ERROR]>.status_code

tests\conftest.py:96: AssertionError
----------------------------- Captured log setup ------------------------------
ERROR    app.factory:factory.py:363 Error inesperado: 429 Too Many Requests: 10 per 1 minute
Traceback (most recent call last):
  File "C:\gmao - copia\.venv\Lib\site-packages\flask\app.py", line 880, in full_dispatch_request
    rv = self.dispatch_request()
         ^^^^^^^^^^^^^^^^^^^^^^^
  File "C:\gmao - copia\.venv\Lib\site-packages\flask\app.py", line 865, in dispatch_request
    return self.ensure_sync(self.view_functions[rule.endpoint])(**view_args)  # type: ignore[no-any-return]
           ^^^^^^^^^^^^^^^^^^^^^^^^^^^^^^^^^^^^^^^^^^^^^^^^^^^^^^^^^^^^^^^^^
  File "C:\gmao - copia\.venv\Lib\site-packages\flask_limiter\extension.py", line 1294, in __inner
    self.limiter._check_request_limit(
  File "C:\gmao - copia\.venv\Lib\site-packages\flask_limiter\extension.py", line 1152, in _check_request_limit
    raise e
  File "C:\gmao - copia\.venv\Lib\site-packages\flask_limiter\extension.py", line 1149, in _check_request_limit
    self.__evaluate_limits(endpoint, all_limits)
  File "C:\gmao - copia\.venv\Lib\site-packages\flask_limiter\extension.py", line 1133, in __evaluate_limits
    raise RateLimitExceeded(
flask_limiter.errors.RateLimitExceeded: 429 Too Many Requests: 10 per 1 minute
_____________ ERROR at setup of test_usuarios_roles_authenticated _____________

app = <Flask 'app.factory'>, client = <FlaskClient <Flask 'app.factory'>>

    @pytest.fixture(scope="function")
    def authenticated_client(app, client):
        """Cliente con sesi¾n autenticada para pruebas de seguridad."""
        # Crear usuario admin si no existe
        with app.app_context():
            admin = Usuario.query.filter_by(username="admin").first()
            if not admin:
                admin = Usuario(
                    username="admin",
                    email="admin@example.com",
                    nombre="Administrador",
                    rol="Administrador",
                    activo=True,
                )
                admin.set_password("admin123")
                db.session.add(admin)
                db.session.commit()
    
        # Iniciar sesi¾n usando el endpoint de login JSON sin mantener
        # el contexto del cliente abierto durante toda la prueba.
        resp = client.post(
            "/login",
            json={"username": "admin", "password": "admin123"},
            headers={"Content-Type": "application/json"},
        )
>       assert resp.status_code in [200, 302]
E       assert 500 in [200, 302]
E        +  where 500 = <WrapperTestResponse streamed [500 INTERNAL SERVER ERROR]>.status_code

tests\conftest.py:96: AssertionError
----------------------------- Captured log setup ------------------------------
ERROR    app.factory:factory.py:363 Error inesperado: 429 Too Many Requests: 10 per 1 minute
Traceback (most recent call last):
  File "C:\gmao - copia\.venv\Lib\site-packages\flask\app.py", line 880, in full_dispatch_request
    rv = self.dispatch_request()
         ^^^^^^^^^^^^^^^^^^^^^^^
  File "C:\gmao - copia\.venv\Lib\site-packages\flask\app.py", line 865, in dispatch_request
    return self.ensure_sync(self.view_functions[rule.endpoint])(**view_args)  # type: ignore[no-any-return]
           ^^^^^^^^^^^^^^^^^^^^^^^^^^^^^^^^^^^^^^^^^^^^^^^^^^^^^^^^^^^^^^^^^
  File "C:\gmao - copia\.venv\Lib\site-packages\flask_limiter\extension.py", line 1294, in __inner
    self.limiter._check_request_limit(
  File "C:\gmao - copia\.venv\Lib\site-packages\flask_limiter\extension.py", line 1152, in _check_request_limit
    raise e
  File "C:\gmao - copia\.venv\Lib\site-packages\flask_limiter\extension.py", line 1149, in _check_request_limit
    self.__evaluate_limits(endpoint, all_limits)
  File "C:\gmao - copia\.venv\Lib\site-packages\flask_limiter\extension.py", line 1133, in __evaluate_limits
    raise RateLimitExceeded(
flask_limiter.errors.RateLimitExceeded: 429 Too Many Requests: 10 per 1 minute
____________ ERROR at setup of test_usuario_detalle_authenticated _____________

app = <Flask 'app.factory'>, client = <FlaskClient <Flask 'app.factory'>>

    @pytest.fixture(scope="function")
    def authenticated_client(app, client):
        """Cliente con sesi¾n autenticada para pruebas de seguridad."""
        # Crear usuario admin si no existe
        with app.app_context():
            admin = Usuario.query.filter_by(username="admin").first()
            if not admin:
                admin = Usuario(
                    username="admin",
                    email="admin@example.com",
                    nombre="Administrador",
                    rol="Administrador",
                    activo=True,
                )
                admin.set_password("admin123")
                db.session.add(admin)
                db.session.commit()
    
        # Iniciar sesi¾n usando el endpoint de login JSON sin mantener
        # el contexto del cliente abierto durante toda la prueba.
        resp = client.post(
            "/login",
            json={"username": "admin", "password": "admin123"},
            headers={"Content-Type": "application/json"},
        )
>       assert resp.status_code in [200, 302]
E       assert 500 in [200, 302]
E        +  where 500 = <WrapperTestResponse streamed [500 INTERNAL SERVER ERROR]>.status_code

tests\conftest.py:96: AssertionError
----------------------------- Captured log setup ------------------------------
ERROR    app.factory:factory.py:363 Error inesperado: 429 Too Many Requests: 10 per 1 minute
Traceback (most recent call last):
  File "C:\gmao - copia\.venv\Lib\site-packages\flask\app.py", line 880, in full_dispatch_request
    rv = self.dispatch_request()
         ^^^^^^^^^^^^^^^^^^^^^^^
  File "C:\gmao - copia\.venv\Lib\site-packages\flask\app.py", line 865, in dispatch_request
    return self.ensure_sync(self.view_functions[rule.endpoint])(**view_args)  # type: ignore[no-any-return]
           ^^^^^^^^^^^^^^^^^^^^^^^^^^^^^^^^^^^^^^^^^^^^^^^^^^^^^^^^^^^^^^^^^
  File "C:\gmao - copia\.venv\Lib\site-packages\flask_limiter\extension.py", line 1294, in __inner
    self.limiter._check_request_limit(
  File "C:\gmao - copia\.venv\Lib\site-packages\flask_limiter\extension.py", line 1152, in _check_request_limit
    raise e
  File "C:\gmao - copia\.venv\Lib\site-packages\flask_limiter\extension.py", line 1149, in _check_request_limit
    self.__evaluate_limits(endpoint, all_limits)
  File "C:\gmao - copia\.venv\Lib\site-packages\flask_limiter\extension.py", line 1133, in __evaluate_limits
    raise RateLimitExceeded(
flask_limiter.errors.RateLimitExceeded: 429 Too Many Requests: 10 per 1 minute
______ ERROR at setup of test_index_redirects_to_dashboard_authenticated ______

app = <Flask 'app.factory'>, client = <FlaskClient <Flask 'app.factory'>>

    @pytest.fixture(scope="function")
    def authenticated_client(app, client):
        """Cliente con sesi¾n autenticada para pruebas de seguridad."""
        # Crear usuario admin si no existe
        with app.app_context():
            admin = Usuario.query.filter_by(username="admin").first()
            if not admin:
                admin = Usuario(
                    username="admin",
                    email="admin@example.com",
                    nombre="Administrador",
                    rol="Administrador",
                    activo=True,
                )
                admin.set_password("admin123")
                db.session.add(admin)
                db.session.commit()
    
        # Iniciar sesi¾n usando el endpoint de login JSON sin mantener
        # el contexto del cliente abierto durante toda la prueba.
        resp = client.post(
            "/login",
            json={"username": "admin", "password": "admin123"},
            headers={"Content-Type": "application/json"},
        )
>       assert resp.status_code in [200, 302]
E       assert 500 in [200, 302]
E        +  where 500 = <WrapperTestResponse streamed [500 INTERNAL SERVER ERROR]>.status_code

tests\conftest.py:96: AssertionError
----------------------------- Captured log setup ------------------------------
ERROR    app.factory:factory.py:363 Error inesperado: 429 Too Many Requests: 10 per 1 minute
Traceback (most recent call last):
  File "C:\gmao - copia\.venv\Lib\site-packages\flask\app.py", line 880, in full_dispatch_request
    rv = self.dispatch_request()
         ^^^^^^^^^^^^^^^^^^^^^^^
  File "C:\gmao - copia\.venv\Lib\site-packages\flask\app.py", line 865, in dispatch_request
    return self.ensure_sync(self.view_functions[rule.endpoint])(**view_args)  # type: ignore[no-any-return]
           ^^^^^^^^^^^^^^^^^^^^^^^^^^^^^^^^^^^^^^^^^^^^^^^^^^^^^^^^^^^^^^^^^
  File "C:\gmao - copia\.venv\Lib\site-packages\flask_limiter\extension.py", line 1294, in __inner
    self.limiter._check_request_limit(
  File "C:\gmao - copia\.venv\Lib\site-packages\flask_limiter\extension.py", line 1152, in _check_request_limit
    raise e
  File "C:\gmao - copia\.venv\Lib\site-packages\flask_limiter\extension.py", line 1149, in _check_request_limit
    self.__evaluate_limits(endpoint, all_limits)
  File "C:\gmao - copia\.venv\Lib\site-packages\flask_limiter\extension.py", line 1133, in __evaluate_limits
    raise RateLimitExceeded(
flask_limiter.errors.RateLimitExceeded: 429 Too Many Requests: 10 per 1 minute
___________ ERROR at setup of test_get_notificaciones_authenticated ___________

app = <Flask 'app.factory'>, client = <FlaskClient <Flask 'app.factory'>>

    @pytest.fixture(scope="function")
    def authenticated_client(app, client):
        """Cliente con sesi¾n autenticada para pruebas de seguridad."""
        # Crear usuario admin si no existe
        with app.app_context():
            admin = Usuario.query.filter_by(username="admin").first()
            if not admin:
                admin = Usuario(
                    username="admin",
                    email="admin@example.com",
                    nombre="Administrador",
                    rol="Administrador",
                    activo=True,
                )
                admin.set_password("admin123")
                db.session.add(admin)
                db.session.commit()
    
        # Iniciar sesi¾n usando el endpoint de login JSON sin mantener
        # el contexto del cliente abierto durante toda la prueba.
        resp = client.post(
            "/login",
            json={"username": "admin", "password": "admin123"},
            headers={"Content-Type": "application/json"},
        )
>       assert resp.status_code in [200, 302]
E       assert 500 in [200, 302]
E        +  where 500 = <WrapperTestResponse streamed [500 INTERNAL SERVER ERROR]>.status_code

tests\conftest.py:96: AssertionError
----------------------------- Captured log setup ------------------------------
ERROR    app.factory:factory.py:363 Error inesperado: 429 Too Many Requests: 10 per 1 minute
Traceback (most recent call last):
  File "C:\gmao - copia\.venv\Lib\site-packages\flask\app.py", line 880, in full_dispatch_request
    rv = self.dispatch_request()
         ^^^^^^^^^^^^^^^^^^^^^^^
  File "C:\gmao - copia\.venv\Lib\site-packages\flask\app.py", line 865, in dispatch_request
    return self.ensure_sync(self.view_functions[rule.endpoint])(**view_args)  # type: ignore[no-any-return]
           ^^^^^^^^^^^^^^^^^^^^^^^^^^^^^^^^^^^^^^^^^^^^^^^^^^^^^^^^^^^^^^^^^
  File "C:\gmao - copia\.venv\Lib\site-packages\flask_limiter\extension.py", line 1294, in __inner
    self.limiter._check_request_limit(
  File "C:\gmao - copia\.venv\Lib\site-packages\flask_limiter\extension.py", line 1152, in _check_request_limit
    raise e
  File "C:\gmao - copia\.venv\Lib\site-packages\flask_limiter\extension.py", line 1149, in _check_request_limit
    self.__evaluate_limits(endpoint, all_limits)
  File "C:\gmao - copia\.venv\Lib\site-packages\flask_limiter\extension.py", line 1133, in __evaluate_limits
    raise RateLimitExceeded(
flask_limiter.errors.RateLimitExceeded: 429 Too Many Requests: 10 per 1 minute
_________________ ERROR at setup of test_dashboard_with_auth __________________

app = <Flask 'app.factory'>, client = <FlaskClient <Flask 'app.factory'>>

    @pytest.fixture(scope="function")
    def authenticated_client(app, client):
        """Cliente con sesi¾n autenticada para pruebas de seguridad."""
        # Crear usuario admin si no existe
        with app.app_context():
            admin = Usuario.query.filter_by(username="admin").first()
            if not admin:
                admin = Usuario(
                    username="admin",
                    email="admin@example.com",
                    nombre="Administrador",
                    rol="Administrador",
                    activo=True,
                )
                admin.set_password("admin123")
                db.session.add(admin)
                db.session.commit()
    
        # Iniciar sesi¾n usando el endpoint de login JSON sin mantener
        # el contexto del cliente abierto durante toda la prueba.
        resp = client.post(
            "/login",
            json={"username": "admin", "password": "admin123"},
            headers={"Content-Type": "application/json"},
        )
>       assert resp.status_code in [200, 302]
E       assert 500 in [200, 302]
E        +  where 500 = <WrapperTestResponse streamed [500 INTERNAL SERVER ERROR]>.status_code

tests\conftest.py:96: AssertionError
----------------------------- Captured log setup ------------------------------
ERROR    app.factory:factory.py:363 Error inesperado: 429 Too Many Requests: 10 per 1 minute
Traceback (most recent call last):
  File "C:\gmao - copia\.venv\Lib\site-packages\flask\app.py", line 880, in full_dispatch_request
    rv = self.dispatch_request()
         ^^^^^^^^^^^^^^^^^^^^^^^
  File "C:\gmao - copia\.venv\Lib\site-packages\flask\app.py", line 865, in dispatch_request
    return self.ensure_sync(self.view_functions[rule.endpoint])(**view_args)  # type: ignore[no-any-return]
           ^^^^^^^^^^^^^^^^^^^^^^^^^^^^^^^^^^^^^^^^^^^^^^^^^^^^^^^^^^^^^^^^^
  File "C:\gmao - copia\.venv\Lib\site-packages\flask_limiter\extension.py", line 1294, in __inner
    self.limiter._check_request_limit(
  File "C:\gmao - copia\.venv\Lib\site-packages\flask_limiter\extension.py", line 1152, in _check_request_limit
    raise e
  File "C:\gmao - copia\.venv\Lib\site-packages\flask_limiter\extension.py", line 1149, in _check_request_limit
    self.__evaluate_limits(endpoint, all_limits)
  File "C:\gmao - copia\.venv\Lib\site-packages\flask_limiter\extension.py", line 1133, in __evaluate_limits
    raise RateLimitExceeded(
flask_limiter.errors.RateLimitExceeded: 429 Too Many Requests: 10 per 1 minute
___________________ ERROR at setup of test_logout_endpoint ____________________

app = <Flask 'app.factory'>, client = <FlaskClient <Flask 'app.factory'>>

    @pytest.fixture(scope="function")
    def authenticated_client(app, client):
        """Cliente con sesi¾n autenticada para pruebas de seguridad."""
        # Crear usuario admin si no existe
        with app.app_context():
            admin = Usuario.query.filter_by(username="admin").first()
            if not admin:
                admin = Usuario(
                    username="admin",
                    email="admin@example.com",
                    nombre="Administrador",
                    rol="Administrador",
                    activo=True,
                )
                admin.set_password("admin123")
                db.session.add(admin)
                db.session.commit()
    
        # Iniciar sesi¾n usando el endpoint de login JSON sin mantener
        # el contexto del cliente abierto durante toda la prueba.
        resp = client.post(
            "/login",
            json={"username": "admin", "password": "admin123"},
            headers={"Content-Type": "application/json"},
        )
>       assert resp.status_code in [200, 302]
E       assert 500 in [200, 302]
E        +  where 500 = <WrapperTestResponse streamed [500 INTERNAL SERVER ERROR]>.status_code

tests\conftest.py:96: AssertionError
----------------------------- Captured log setup ------------------------------
ERROR    app.factory:factory.py:363 Error inesperado: 429 Too Many Requests: 10 per 1 minute
Traceback (most recent call last):
  File "C:\gmao - copia\.venv\Lib\site-packages\flask\app.py", line 880, in full_dispatch_request
    rv = self.dispatch_request()
         ^^^^^^^^^^^^^^^^^^^^^^^
  File "C:\gmao - copia\.venv\Lib\site-packages\flask\app.py", line 865, in dispatch_request
    return self.ensure_sync(self.view_functions[rule.endpoint])(**view_args)  # type: ignore[no-any-return]
           ^^^^^^^^^^^^^^^^^^^^^^^^^^^^^^^^^^^^^^^^^^^^^^^^^^^^^^^^^^^^^^^^^
  File "C:\gmao - copia\.venv\Lib\site-packages\flask_limiter\extension.py", line 1294, in __inner
    self.limiter._check_request_limit(
  File "C:\gmao - copia\.venv\Lib\site-packages\flask_limiter\extension.py", line 1152, in _check_request_limit
    raise e
  File "C:\gmao - copia\.venv\Lib\site-packages\flask_limiter\extension.py", line 1149, in _check_request_limit
    self.__evaluate_limits(endpoint, all_limits)
  File "C:\gmao - copia\.venv\Lib\site-packages\flask_limiter\extension.py", line 1133, in __evaluate_limits
    raise RateLimitExceeded(
flask_limiter.errors.RateLimitExceeded: 429 Too Many Requests: 10 per 1 minute
_____________ ERROR at setup of test_index_redirect_authenticated _____________

app = <Flask 'app.factory'>, client = <FlaskClient <Flask 'app.factory'>>

    @pytest.fixture(scope="function")
    def authenticated_client(app, client):
        """Cliente con sesi¾n autenticada para pruebas de seguridad."""
        # Crear usuario admin si no existe
        with app.app_context():
            admin = Usuario.query.filter_by(username="admin").first()
            if not admin:
                admin = Usuario(
                    username="admin",
                    email="admin@example.com",
                    nombre="Administrador",
                    rol="Administrador",
                    activo=True,
                )
                admin.set_password("admin123")
                db.session.add(admin)
                db.session.commit()
    
        # Iniciar sesi¾n usando el endpoint de login JSON sin mantener
        # el contexto del cliente abierto durante toda la prueba.
        resp = client.post(
            "/login",
            json={"username": "admin", "password": "admin123"},
            headers={"Content-Type": "application/json"},
        )
>       assert resp.status_code in [200, 302]
E       assert 500 in [200, 302]
E        +  where 500 = <WrapperTestResponse streamed [500 INTERNAL SERVER ERROR]>.status_code

tests\conftest.py:96: AssertionError
----------------------------- Captured log setup ------------------------------
ERROR    app.factory:factory.py:363 Error inesperado: 429 Too Many Requests: 10 per 1 minute
Traceback (most recent call last):
  File "C:\gmao - copia\.venv\Lib\site-packages\flask\app.py", line 880, in full_dispatch_request
    rv = self.dispatch_request()
         ^^^^^^^^^^^^^^^^^^^^^^^
  File "C:\gmao - copia\.venv\Lib\site-packages\flask\app.py", line 865, in dispatch_request
    return self.ensure_sync(self.view_functions[rule.endpoint])(**view_args)  # type: ignore[no-any-return]
           ^^^^^^^^^^^^^^^^^^^^^^^^^^^^^^^^^^^^^^^^^^^^^^^^^^^^^^^^^^^^^^^^^
  File "C:\gmao - copia\.venv\Lib\site-packages\flask_limiter\extension.py", line 1294, in __inner
    self.limiter._check_request_limit(
  File "C:\gmao - copia\.venv\Lib\site-packages\flask_limiter\extension.py", line 1152, in _check_request_limit
    raise e
  File "C:\gmao - copia\.venv\Lib\site-packages\flask_limiter\extension.py", line 1149, in _check_request_limit
    self.__evaluate_limits(endpoint, all_limits)
  File "C:\gmao - copia\.venv\Lib\site-packages\flask_limiter\extension.py", line 1133, in __evaluate_limits
    raise RateLimitExceeded(
flask_limiter.errors.RateLimitExceeded: 429 Too Many Requests: 10 per 1 minute
_______________ ERROR at setup of test_dashboard_authenticated ________________

app = <Flask 'app.factory'>, client = <FlaskClient <Flask 'app.factory'>>

    @pytest.fixture(scope="function")
    def authenticated_client(app, client):
        """Cliente con sesi¾n autenticada para pruebas de seguridad."""
        # Crear usuario admin si no existe
        with app.app_context():
            admin = Usuario.query.filter_by(username="admin").first()
            if not admin:
                admin = Usuario(
                    username="admin",
                    email="admin@example.com",
                    nombre="Administrador",
                    rol="Administrador",
                    activo=True,
                )
                admin.set_password("admin123")
                db.session.add(admin)
                db.session.commit()
    
        # Iniciar sesi¾n usando el endpoint de login JSON sin mantener
        # el contexto del cliente abierto durante toda la prueba.
        resp = client.post(
            "/login",
            json={"username": "admin", "password": "admin123"},
            headers={"Content-Type": "application/json"},
        )
>       assert resp.status_code in [200, 302]
E       assert 500 in [200, 302]
E        +  where 500 = <WrapperTestResponse streamed [500 INTERNAL SERVER ERROR]>.status_code

tests\conftest.py:96: AssertionError
----------------------------- Captured log setup ------------------------------
ERROR    app.factory:factory.py:363 Error inesperado: 429 Too Many Requests: 10 per 1 minute
Traceback (most recent call last):
  File "C:\gmao - copia\.venv\Lib\site-packages\flask\app.py", line 880, in full_dispatch_request
    rv = self.dispatch_request()
         ^^^^^^^^^^^^^^^^^^^^^^^
  File "C:\gmao - copia\.venv\Lib\site-packages\flask\app.py", line 865, in dispatch_request
    return self.ensure_sync(self.view_functions[rule.endpoint])(**view_args)  # type: ignore[no-any-return]
           ^^^^^^^^^^^^^^^^^^^^^^^^^^^^^^^^^^^^^^^^^^^^^^^^^^^^^^^^^^^^^^^^^
  File "C:\gmao - copia\.venv\Lib\site-packages\flask_limiter\extension.py", line 1294, in __inner
    self.limiter._check_request_limit(
  File "C:\gmao - copia\.venv\Lib\site-packages\flask_limiter\extension.py", line 1152, in _check_request_limit
    raise e
  File "C:\gmao - copia\.venv\Lib\site-packages\flask_limiter\extension.py", line 1149, in _check_request_limit
    self.__evaluate_limits(endpoint, all_limits)
  File "C:\gmao - copia\.venv\Lib\site-packages\flask_limiter\extension.py", line 1133, in __evaluate_limits
    raise RateLimitExceeded(
flask_limiter.errors.RateLimitExceeded: 429 Too Many Requests: 10 per 1 minute
_______________ ERROR at setup of test_user_info_authenticated ________________

app = <Flask 'app.factory'>, client = <FlaskClient <Flask 'app.factory'>>

    @pytest.fixture(scope="function")
    def authenticated_client(app, client):
        """Cliente con sesi¾n autenticada para pruebas de seguridad."""
        # Crear usuario admin si no existe
        with app.app_context():
            admin = Usuario.query.filter_by(username="admin").first()
            if not admin:
                admin = Usuario(
                    username="admin",
                    email="admin@example.com",
                    nombre="Administrador",
                    rol="Administrador",
                    activo=True,
                )
                admin.set_password("admin123")
                db.session.add(admin)
                db.session.commit()
    
        # Iniciar sesi¾n usando el endpoint de login JSON sin mantener
        # el contexto del cliente abierto durante toda la prueba.
        resp = client.post(
            "/login",
            json={"username": "admin", "password": "admin123"},
            headers={"Content-Type": "application/json"},
        )
>       assert resp.status_code in [200, 302]
E       assert 500 in [200, 302]
E        +  where 500 = <WrapperTestResponse streamed [500 INTERNAL SERVER ERROR]>.status_code

tests\conftest.py:96: AssertionError
----------------------------- Captured log setup ------------------------------
ERROR    app.factory:factory.py:363 Error inesperado: 429 Too Many Requests: 10 per 1 minute
Traceback (most recent call last):
  File "C:\gmao - copia\.venv\Lib\site-packages\flask\app.py", line 880, in full_dispatch_request
    rv = self.dispatch_request()
         ^^^^^^^^^^^^^^^^^^^^^^^
  File "C:\gmao - copia\.venv\Lib\site-packages\flask\app.py", line 865, in dispatch_request
    return self.ensure_sync(self.view_functions[rule.endpoint])(**view_args)  # type: ignore[no-any-return]
           ^^^^^^^^^^^^^^^^^^^^^^^^^^^^^^^^^^^^^^^^^^^^^^^^^^^^^^^^^^^^^^^^^
  File "C:\gmao - copia\.venv\Lib\site-packages\flask_limiter\extension.py", line 1294, in __inner
    self.limiter._check_request_limit(
  File "C:\gmao - copia\.venv\Lib\site-packages\flask_limiter\extension.py", line 1152, in _check_request_limit
    raise e
  File "C:\gmao - copia\.venv\Lib\site-packages\flask_limiter\extension.py", line 1149, in _check_request_limit
    self.__evaluate_limits(endpoint, all_limits)
  File "C:\gmao - copia\.venv\Lib\site-packages\flask_limiter\extension.py", line 1133, in __evaluate_limits
    raise RateLimitExceeded(
flask_limiter.errors.RateLimitExceeded: 429 Too Many Requests: 10 per 1 minute
================================== FAILURES ===================================
_____________________ test_login_json_invalid_credentials _____________________

client = <FlaskClient <Flask 'app.factory'>>

    def test_login_json_invalid_credentials(client):
        """Test de login JSON con credenciales invßlidas"""
        resp = client.post("/login", json={
            "username": "invalid_user",
            "password": "wrong_password"
        })
>       assert resp.status_code in [400, 401]
E       assert 500 in [400, 401]
E        +  where 500 = <WrapperTestResponse streamed [500 INTERNAL SERVER ERROR]>.status_code

tests\test_controllers\test_usuarios_controller.py:28: AssertionError
------------------------------ Captured log call ------------------------------
ERROR    app.factory:factory.py:363 Error inesperado: 429 Too Many Requests: 10 per 1 minute
Traceback (most recent call last):
  File "C:\gmao - copia\.venv\Lib\site-packages\flask\app.py", line 880, in full_dispatch_request
    rv = self.dispatch_request()
         ^^^^^^^^^^^^^^^^^^^^^^^
  File "C:\gmao - copia\.venv\Lib\site-packages\flask\app.py", line 865, in dispatch_request
    return self.ensure_sync(self.view_functions[rule.endpoint])(**view_args)  # type: ignore[no-any-return]
           ^^^^^^^^^^^^^^^^^^^^^^^^^^^^^^^^^^^^^^^^^^^^^^^^^^^^^^^^^^^^^^^^^
  File "C:\gmao - copia\.venv\Lib\site-packages\flask_limiter\extension.py", line 1294, in __inner
    self.limiter._check_request_limit(
  File "C:\gmao - copia\.venv\Lib\site-packages\flask_limiter\extension.py", line 1152, in _check_request_limit
    raise e
  File "C:\gmao - copia\.venv\Lib\site-packages\flask_limiter\extension.py", line 1149, in _check_request_limit
    self.__evaluate_limits(endpoint, all_limits)
  File "C:\gmao - copia\.venv\Lib\site-packages\flask_limiter\extension.py", line 1133, in __evaluate_limits
    raise RateLimitExceeded(
flask_limiter.errors.RateLimitExceeded: 429 Too Many Requests: 10 per 1 minute
_____________________ test_login_form_invalid_credentials _____________________

client = <FlaskClient <Flask 'app.factory'>>

    def test_login_form_invalid_credentials(client):
        """Test de login con form data y credenciales invßlidas"""
        resp = client.post("/login", data={
            "username": "invalid_user",
            "password": "wrong_password"
        })
>       assert resp.status_code in [400, 401, 302]
E       assert 500 in [400, 401, 302]
E        +  where 500 = <WrapperTestResponse streamed [500 INTERNAL SERVER ERROR]>.status_code

tests\test_controllers\test_usuarios_controller.py:39: AssertionError
------------------------------ Captured log call ------------------------------
ERROR    app.factory:factory.py:363 Error inesperado: 429 Too Many Requests: 10 per 1 minute
Traceback (most recent call last):
  File "C:\gmao - copia\.venv\Lib\site-packages\flask\app.py", line 880, in full_dispatch_request
    rv = self.dispatch_request()
         ^^^^^^^^^^^^^^^^^^^^^^^
  File "C:\gmao - copia\.venv\Lib\site-packages\flask\app.py", line 865, in dispatch_request
    return self.ensure_sync(self.view_functions[rule.endpoint])(**view_args)  # type: ignore[no-any-return]
           ^^^^^^^^^^^^^^^^^^^^^^^^^^^^^^^^^^^^^^^^^^^^^^^^^^^^^^^^^^^^^^^^^
  File "C:\gmao - copia\.venv\Lib\site-packages\flask_limiter\extension.py", line 1294, in __inner
    self.limiter._check_request_limit(
  File "C:\gmao - copia\.venv\Lib\site-packages\flask_limiter\extension.py", line 1152, in _check_request_limit
    raise e
  File "C:\gmao - copia\.venv\Lib\site-packages\flask_limiter\extension.py", line 1149, in _check_request_limit
    self.__evaluate_limits(endpoint, all_limits)
  File "C:\gmao - copia\.venv\Lib\site-packages\flask_limiter\extension.py", line 1133, in __evaluate_limits
    raise RateLimitExceeded(
flask_limiter.errors.RateLimitExceeded: 429 Too Many Requests: 10 per 1 minute
__________________________ test_login_missing_fields __________________________

client = <FlaskClient <Flask 'app.factory'>>

    def test_login_missing_fields(client):
        """Test de login con campos faltantes"""
        resp = client.post("/login", json={
            "username": "test"
            # Missing password
        })
>       assert resp.status_code == 400
E       assert 500 == 400
E        +  where 500 = <WrapperTestResponse streamed [500 INTERNAL SERVER ERROR]>.status_code

tests\test_controllers\test_usuarios_controller.py:48: AssertionError
------------------------------ Captured log call ------------------------------
ERROR    app.factory:factory.py:363 Error inesperado: 429 Too Many Requests: 10 per 1 minute
Traceback (most recent call last):
  File "C:\gmao - copia\.venv\Lib\site-packages\flask\app.py", line 880, in full_dispatch_request
    rv = self.dispatch_request()
         ^^^^^^^^^^^^^^^^^^^^^^^
  File "C:\gmao - copia\.venv\Lib\site-packages\flask\app.py", line 865, in dispatch_request
    return self.ensure_sync(self.view_functions[rule.endpoint])(**view_args)  # type: ignore[no-any-return]
           ^^^^^^^^^^^^^^^^^^^^^^^^^^^^^^^^^^^^^^^^^^^^^^^^^^^^^^^^^^^^^^^^^
  File "C:\gmao - copia\.venv\Lib\site-packages\flask_limiter\extension.py", line 1294, in __inner
    self.limiter._check_request_limit(
  File "C:\gmao - copia\.venv\Lib\site-packages\flask_limiter\extension.py", line 1152, in _check_request_limit
    raise e
  File "C:\gmao - copia\.venv\Lib\site-packages\flask_limiter\extension.py", line 1149, in _check_request_limit
    self.__evaluate_limits(endpoint, all_limits)
  File "C:\gmao - copia\.venv\Lib\site-packages\flask_limiter\extension.py", line 1133, in __evaluate_limits
    raise RateLimitExceeded(
flask_limiter.errors.RateLimitExceeded: 429 Too Many Requests: 10 per 1 minute
___________________________ test_login_empty_fields ___________________________

client = <FlaskClient <Flask 'app.factory'>>

    def test_login_empty_fields(client):
        """Test de login con campos vacÝos"""
        resp = client.post("/login", json={
            "username": "",
            "password": ""
        })
>       assert resp.status_code == 400
E       assert 500 == 400
E        +  where 500 = <WrapperTestResponse streamed [500 INTERNAL SERVER ERROR]>.status_code

tests\test_controllers\test_usuarios_controller.py:57: AssertionError
------------------------------ Captured log call ------------------------------
ERROR    app.factory:factory.py:363 Error inesperado: 429 Too Many Requests: 10 per 1 minute
Traceback (most recent call last):
  File "C:\gmao - copia\.venv\Lib\site-packages\flask\app.py", line 880, in full_dispatch_request
    rv = self.dispatch_request()
         ^^^^^^^^^^^^^^^^^^^^^^^
  File "C:\gmao - copia\.venv\Lib\site-packages\flask\app.py", line 865, in dispatch_request
    return self.ensure_sync(self.view_functions[rule.endpoint])(**view_args)  # type: ignore[no-any-return]
           ^^^^^^^^^^^^^^^^^^^^^^^^^^^^^^^^^^^^^^^^^^^^^^^^^^^^^^^^^^^^^^^^^
  File "C:\gmao - copia\.venv\Lib\site-packages\flask_limiter\extension.py", line 1294, in __inner
    self.limiter._check_request_limit(
  File "C:\gmao - copia\.venv\Lib\site-packages\flask_limiter\extension.py", line 1152, in _check_request_limit
    raise e
  File "C:\gmao - copia\.venv\Lib\site-packages\flask_limiter\extension.py", line 1149, in _check_request_limit
    self.__evaluate_limits(endpoint, all_limits)
  File "C:\gmao - copia\.venv\Lib\site-packages\flask_limiter\extension.py", line 1133, in __evaluate_limits
    raise RateLimitExceeded(
flask_limiter.errors.RateLimitExceeded: 429 Too Many Requests: 10 per 1 minute
___________ test_solicitudes_admin_estadisticas_forbidden_non_admin ___________

app = <Flask 'app.factory'>, client = <FlaskClient <Flask 'app.factory'>>
usuario_tecnico = <Usuario 1>

    def test_solicitudes_admin_estadisticas_forbidden_non_admin(app, client, usuario_tecnico):
        """Un usuario no administrador debe obtener 403 en /admin/solicitudes/api/estadisticas."""
        # Iniciar sesi¾n como tÚcnico
        resp_login = client.post(
            "/login",
            json={"username": "tecnico_test", "password": "tecnico123"},
            headers={"Content-Type": "application/json"},
        )
>       assert resp_login.status_code in [200, 302]
E       assert 500 in [200, 302]
E        +  where 500 = <WrapperTestResponse streamed [500 INTERNAL SERVER ERROR]>.status_code

tests\test_routes\test_solicitudes_admin_estadisticas.py:12: AssertionError
------------------------------ Captured log call ------------------------------
ERROR    app.factory:factory.py:363 Error inesperado: 429 Too Many Requests: 10 per 1 minute
Traceback (most recent call last):
  File "C:\gmao - copia\.venv\Lib\site-packages\flask\app.py", line 880, in full_dispatch_request
    rv = self.dispatch_request()
         ^^^^^^^^^^^^^^^^^^^^^^^
  File "C:\gmao - copia\.venv\Lib\site-packages\flask\app.py", line 865, in dispatch_request
    return self.ensure_sync(self.view_functions[rule.endpoint])(**view_args)  # type: ignore[no-any-return]
           ^^^^^^^^^^^^^^^^^^^^^^^^^^^^^^^^^^^^^^^^^^^^^^^^^^^^^^^^^^^^^^^^^
  File "C:\gmao - copia\.venv\Lib\site-packages\flask_limiter\extension.py", line 1294, in __inner
    self.limiter._check_request_limit(
  File "C:\gmao - copia\.venv\Lib\site-packages\flask_limiter\extension.py", line 1152, in _check_request_limit
    raise e
  File "C:\gmao - copia\.venv\Lib\site-packages\flask_limiter\extension.py", line 1149, in _check_request_limit
    self.__evaluate_limits(endpoint, all_limits)
  File "C:\gmao - copia\.venv\Lib\site-packages\flask_limiter\extension.py", line 1133, in __evaluate_limits
    raise RateLimitExceeded(
flask_limiter.errors.RateLimitExceeded: 429 Too Many Requests: 10 per 1 minute
_________________________ test_login_page_accessible __________________________

client = <FlaskClient <Flask 'app.factory'>>

    def test_login_page_accessible(client):
        resp = client.get("/login")
>       assert resp.status_code == 200
E       assert 500 == 200
E        +  where 500 = <WrapperTestResponse streamed [500 INTERNAL SERVER ERROR]>.status_code

tests\test_routes\test_usuarios_login.py:6: AssertionError
------------------------------ Captured log call ------------------------------
ERROR    app.factory:factory.py:363 Error inesperado: 429 Too Many Requests: 10 per 1 minute
Traceback (most recent call last):
  File "C:\gmao - copia\.venv\Lib\site-packages\flask\app.py", line 880, in full_dispatch_request
    rv = self.dispatch_request()
         ^^^^^^^^^^^^^^^^^^^^^^^
  File "C:\gmao - copia\.venv\Lib\site-packages\flask\app.py", line 865, in dispatch_request
    return self.ensure_sync(self.view_functions[rule.endpoint])(**view_args)  # type: ignore[no-any-return]
           ^^^^^^^^^^^^^^^^^^^^^^^^^^^^^^^^^^^^^^^^^^^^^^^^^^^^^^^^^^^^^^^^^
  File "C:\gmao - copia\.venv\Lib\site-packages\flask_limiter\extension.py", line 1294, in __inner
    self.limiter._check_request_limit(
  File "C:\gmao - copia\.venv\Lib\site-packages\flask_limiter\extension.py", line 1152, in _check_request_limit
    raise e
  File "C:\gmao - copia\.venv\Lib\site-packages\flask_limiter\extension.py", line 1149, in _check_request_limit
    self.__evaluate_limits(endpoint, all_limits)
  File "C:\gmao - copia\.venv\Lib\site-packages\flask_limiter\extension.py", line 1133, in __evaluate_limits
    raise RateLimitExceeded(
flask_limiter.errors.RateLimitExceeded: 429 Too Many Requests: 10 per 1 minute
___________________ test_login_invalid_payload_returns_400 ____________________

client = <FlaskClient <Flask 'app.factory'>>

    def test_login_invalid_payload_returns_400(client):
        resp = client.post(
            "/login",
            json={"username": "", "password": ""},
            headers={"Content-Type": "application/json"},
        )
>       assert resp.status_code == 400
E       assert 500 == 400
E        +  where 500 = <WrapperTestResponse streamed [500 INTERNAL SERVER ERROR]>.status_code

tests\test_routes\test_usuarios_login.py:15: AssertionError
------------------------------ Captured log call ------------------------------
ERROR    app.factory:factory.py:363 Error inesperado: 429 Too Many Requests: 10 per 1 minute
Traceback (most recent call last):
  File "C:\gmao - copia\.venv\Lib\site-packages\flask\app.py", line 880, in full_dispatch_request
    rv = self.dispatch_request()
         ^^^^^^^^^^^^^^^^^^^^^^^
  File "C:\gmao - copia\.venv\Lib\site-packages\flask\app.py", line 865, in dispatch_request
    return self.ensure_sync(self.view_functions[rule.endpoint])(**view_args)  # type: ignore[no-any-return]
           ^^^^^^^^^^^^^^^^^^^^^^^^^^^^^^^^^^^^^^^^^^^^^^^^^^^^^^^^^^^^^^^^^
  File "C:\gmao - copia\.venv\Lib\site-packages\flask_limiter\extension.py", line 1294, in __inner
    self.limiter._check_request_limit(
  File "C:\gmao - copia\.venv\Lib\site-packages\flask_limiter\extension.py", line 1152, in _check_request_limit
    raise e
  File "C:\gmao - copia\.venv\Lib\site-packages\flask_limiter\extension.py", line 1149, in _check_request_limit
    self.__evaluate_limits(endpoint, all_limits)
  File "C:\gmao - copia\.venv\Lib\site-packages\flask_limiter\extension.py", line 1133, in __evaluate_limits
    raise RateLimitExceeded(
flask_limiter.errors.RateLimitExceeded: 429 Too Many Requests: 10 per 1 minute
_____________________________ test_login_page_get _____________________________

client = <FlaskClient <Flask 'app.factory'>>

    def test_login_page_get(client):
        """Test de la pßgina de login (GET)"""
        resp = client.get("/login")
>       assert resp.status_code == 200
E       assert 500 == 200
E        +  where 500 = <WrapperTestResponse streamed [500 INTERNAL SERVER ERROR]>.status_code

tests\test_routes\test_web_basic.py:52: AssertionError
------------------------------ Captured log call ------------------------------
ERROR    app.factory:factory.py:363 Error inesperado: 429 Too Many Requests: 10 per 1 minute
Traceback (most recent call last):
  File "C:\gmao - copia\.venv\Lib\site-packages\flask\app.py", line 880, in full_dispatch_request
    rv = self.dispatch_request()
         ^^^^^^^^^^^^^^^^^^^^^^^
  File "C:\gmao - copia\.venv\Lib\site-packages\flask\app.py", line 865, in dispatch_request
    return self.ensure_sync(self.view_functions[rule.endpoint])(**view_args)  # type: ignore[no-any-return]
           ^^^^^^^^^^^^^^^^^^^^^^^^^^^^^^^^^^^^^^^^^^^^^^^^^^^^^^^^^^^^^^^^^
  File "C:\gmao - copia\.venv\Lib\site-packages\flask_limiter\extension.py", line 1294, in __inner
    self.limiter._check_request_limit(
  File "C:\gmao - copia\.venv\Lib\site-packages\flask_limiter\extension.py", line 1152, in _check_request_limit
    raise e
  File "C:\gmao - copia\.venv\Lib\site-packages\flask_limiter\extension.py", line 1149, in _check_request_limit
    self.__evaluate_limits(endpoint, all_limits)
  File "C:\gmao - copia\.venv\Lib\site-packages\flask_limiter\extension.py", line 1133, in __evaluate_limits
    raise RateLimitExceeded(
flask_limiter.errors.RateLimitExceeded: 429 Too Many Requests: 10 per 1 minute
_______________________ test_gcs_branches_with_doubles ________________________

monkeypatch = <_pytest.monkeypatch.MonkeyPatch object at 0x0000019C5FEED710>
app = <Flask 'app.factory'>

    @pytest.mark.unit
    def test_gcs_branches_with_doubles(monkeypatch, app):
        # Forzar entorno GCP
        from app.utils import storage as storage_mod
    
        monkeypatch.setattr(storage_mod, "is_gcp_environment", lambda: True)
    
        captured = {"uploaded": [], "deleted": [], "signed": None}
    
        class FakeBlob:
            def __init__(self, name):
                self.name = name
                self._exists = False
    
            def upload_from_file(self, file, content_type=None):
                self._exists = True
                captured["uploaded"].append((self.name, content_type))
    
            def delete(self):
                captured["deleted"].append(self.name)
                self._exists = False
    
            def exists(self):
                return self._exists
    
            def generate_signed_url(self, version, expiration, method):
                captured["signed"] = (self.name, method)
                return f"https://signed.example/{self.name}"
    
        class FakeBucket:
            def __init__(self):
                self._blobs = {}
    
            def blob(self, path):
                if path not in self._blobs:
                    self._blobs[path] = FakeBlob(path)
                return self._blobs[path]
    
            def list_blobs(self, prefix=None):
                # Retornar algunos blobs que coincidan con el prefijo
                names = [
                    f"ordenes/log-001.txt",
                    f"ordenes/log-002.txt",
                    f"ordenes/data-001.txt",
                ]
                for n in names:
                    self._blobs.setdefault(n, FakeBlob(n))
                if prefix:
                    return [b for n, b in self._blobs.items() if n.startswith(prefix)]
                return list(self._blobs.values())
    
        class FakeClient:
            def bucket(self, name):
                return FakeBucket()
    
        monkeypatch.setattr(storage_mod, "get_storage_client", lambda: FakeClient())
    
        folder = "ordenes"
        dummy = DummyFile("gcs-archivo.txt", b"contenido", "text/plain")
    
        # Subida a GCS
        url = upload_file(dummy, folder)
        assert url.startswith("gs://")
    
        # file_exists GCS
>       assert file_exists(url, folder) is True
E       AssertionError: assert False is True
E        +  where False = file_exists('gs://gmao-uploads/ordenes/gcs-archivo.txt', 'ordenes')

tests\test_utils\test_storage.py:182: AssertionError
============================== warnings summary ===============================
tests/test_routes/test_activos_smoke.py::test_descargar_manual_public
  C:\gmao - copia\app\controllers\manuales_controller.py:107: LegacyAPIWarning: The Query.get() method is considered legacy as of the 1.x series of SQLAlchemy and becomes a legacy construct in 2.0. The method is now available as Session.get() (deprecated since: 2.0) (Background on SQLAlchemy 2.0 at: https://sqlalche.me/e/b8d9)
    manual = Manual.query.get(manual_id)

-- Docs: https://docs.pytest.org/en/stable/how-to/capture-warnings.html

---------- coverage: platform win32, python 3.11.6-final-0 -----------
Name                                              Stmts   Miss   Cover   Missing
--------------------------------------------------------------------------------
app\__init__.py                                       1      0 100.00%
app\config\__init__.py                                0      0 100.00%
app\controllers\__init__.py                           0      0 100.00%
app\controllers\activos_controller.py               172    116  32.56%   16, 19, 22, 25, 28, 31, 47-51, 95, 99, 103, 107, 171, 177, 181-188, 213-246, 250-253, 258, 263, 268-347, 352-366, 371-398, 408-411
app\controllers\archivos_controller.py               79     62  21.52%   15-69, 76-99, 110-114, 120-130, 136-146, 151-182, 187, 192-213, 218-222
app\controllers\categorias_controller.py            100     82  18.00%   14-53, 66-121, 131-151, 161-238, 251-285, 298-338
app\controllers\estadisticas_controller.py           13      0 100.00%
app\controllers\inventario_controller.py            203    170  16.26%   16-63, 76-99, 103-118, 126-167, 172-208, 213-259, 265-282, 288-308, 313-326, 331-348, 353-374, 379-422, 464-480, 485-499
app\controllers\inventario_controller_simple.py     172    140  18.60%   13-37, 46, 48, 52, 54, 56, 58, 84-107, 112-205, 215-328, 333-364, 369-426, 431-466
app\controllers\manuales_controller.py              104     80  23.08%   23, 28-32, 37-101, 112-122, 135-168, 173-190, 195-203
app\controllers\orden_recambios_controller.py        89     81   8.99%   10-50, 55-56, 61-173, 178-195, 200-215
app\controllers\ordenes_controller.py               207    168  18.84%   23, 29-32, 74-150, 163-164, 197-239, 244-304, 309-403, 408-418, 423-424, 439-446, 492-493, 505-596
app\controllers\planes_controller.py                420    390   7.14%   14-226, 231-261, 265-346, 360-467, 472-473, 501-649, 654-657, 700-839, 848-854, 865-905, 912-1015, 1030-1169
app\controllers\proveedores_controller.py           129    110  14.73%   11-45, 63-100, 114-143, 148-178, 183-186, 191-192, 207-260, 267, 273-300, 310-313
app\controllers\solicitudes_admin_controller.py     235    189  19.57%   29-38, 54-111, 127-133, 140-169, 176-225, 232-263, 270-299, 313-360, 368-398, 403-504, 511-581, 599-601
app\controllers\usuarios_controller.py               81     47  41.98%   18-21, 34-36, 45-54, 63-90, 99-101, 110-124, 133-168
app\extensions.py                                     9      0 100.00%
app\factory.py                                      200     62  69.00%   44-45, 67, 76, 118-119, 130-153, 194, 200-201, 230-277, 352-354, 358-359, 373-374
app\forms\__init__.py                                 0      0 100.00%
app\models\__init__.py                               13      0 100.00%
app\models\activo.py                                 47      1  97.87%   46
app\models\archivo_adjunto.py                        41     14  65.85%   35, 39, 60-61, 66-75, 80, 85-92
app\models\categoria.py                              50     27  46.00%   37-51, 62, 66-70, 73, 91-114
app\models\control_generacion.py                     35     35   0.00%   5-70
app\models\inventario.py                            105     32  69.52%   64, 69-72, 77, 81-89, 93-100, 104-106, 110-112, 143, 148-154, 185-186, 191-193
app\models\manual.py                                 28     11  60.71%   45-53, 57, 73
app\models\movimiento_inventario.py                  59      8  86.44%   51, 56, 61, 65-67, 102, 129
app\models\orden_recambio.py                         20      2  90.00%   32, 35
app\models\orden_trabajo.py                          20      0 100.00%
app\models\plan_mantenimiento.py                     48      2  95.83%   68-70
app\models\proveedor.py                              13      1  92.31%   16
app\models\solicitud_servicio.py                     41      7  82.93%   57, 62-71, 76-82, 87-93
app\models\usuario.py                                18      0 100.00%
app\routes\__init__.py                                0      0 100.00%
app\routes\activos.py                               180     89  50.56%   43-49, 103, 111, 114-116, 122-148, 160, 162, 180-183, 190, 197-201, 208-216, 222-232, 242-248, 255-276, 293-298, 305-311, 318-322, 329-340
app\routes\actualizar_fecha.py                       33     24  27.27%   17-80
app\routes\calendario.py                             91     70  23.08%   17, 24-167, 174-228, 235-257
app\routes\categorias.py                             31      9  70.97%   11, 17, 23, 29, 35, 41, 51, 57, 63
app\routes\cron.py                                  125     25  80.00%   76, 112-115, 135-138, 162, 188-191, 207-208, 255, 323-325, 332, 344-365
app\routes\diagnostico.py                            22     16  27.27%   12-67
app\routes\estadisticas.py                           18     11  38.89%   16-28
app\routes\inventario.py                            300    199  33.67%   28, 43-54, 61-65, 75-142, 153-165, 172-189, 238-241, 251, 266, 276, 284-361, 368-399, 406-421, 428-459, 466-491, 498-531, 538-594, 601, 687-736, 746-753, 760-777, 785-806, 814-853, 860, 870
app\routes\inventario_simple.py                      54     54   0.00%   1-126
app\routes\ordenes.py                               254    171  32.68%   46-57, 77-81, 86-87, 98-166, 174-203, 210-214, 222-232, 240-253, 264-294, 301-309, 316-320, 327-331, 338-342, 349-362, 373-377, 384-388, 396-404, 411-415, 422-428
app\routes\planes.py                                116     91  21.55%   22-35, 41-67, 78-122, 129-134, 141-168, 175-196, 203-219
app\routes\proveedores.py                           101     71  29.70%   22-52, 62-83, 89-114, 123, 127-128, 134-144, 150-160, 167-171, 178-189
app\routes\recambios.py                              50     36  28.00%   11-15, 21-52, 58-82, 88-94, 100-119
app\routes\solicitudes.py                           149    122  18.12%   26, 32-35, 41-106, 116-122, 128-134, 140-145, 169-219, 225-246, 260-337
app\routes\usuarios.py                              178    147  17.42%   14-28, 34-106, 112-168, 174-207, 213-276, 282-315, 321-366, 373-462
app\routes\web.py                                   209    141  32.54%   49-117, 124-128, 135-149, 156-171, 178-215, 221, 227-244, 271, 279-293, 301, 308-324, 331-440, 458, 465-570
app\utils\__init__.py                                 0      0 100.00%
app\utils\email_utils.py                             97     47  51.55%   78-86, 89-92, 95-105, 120, 127-193, 200-262
app\utils\secrets.py                                 49     14  71.43%   17-18, 46-50, 67-70, 123, 139, 165-171
app\utils\storage.py                                176     57  67.61%   25-31, 113-115, 145-147, 191-192, 197-199, 204-206, 233-235, 260-286, 320, 330-332, 336-338, 355, 364-366, 398-399, 404-406, 417-419
--------------------------------------------------------------------------------
TOTAL                                              4985   3231  35.19%
Coverage HTML written to dir htmlcov

Required test coverage of 30% reached. Total coverage: 35.19%
=========================== short test summary info ===========================
FAILED tests/test_controllers/test_usuarios_controller.py::test_login_json_invalid_credentials
FAILED tests/test_controllers/test_usuarios_controller.py::test_login_form_invalid_credentials
FAILED tests/test_controllers/test_usuarios_controller.py::test_login_missing_fields
FAILED tests/test_controllers/test_usuarios_controller.py::test_login_empty_fields
FAILED tests/test_routes/test_solicitudes_admin_estadisticas.py::test_solicitudes_admin_estadisticas_forbidden_non_admin
FAILED tests/test_routes/test_usuarios_login.py::test_login_page_accessible
FAILED tests/test_routes/test_usuarios_login.py::test_login_invalid_payload_returns_400
FAILED tests/test_routes/test_web_basic.py::test_login_page_get - assert 500 ...
FAILED tests/test_utils/test_storage.py::test_gcs_branches_with_doubles - Ass...
ERROR tests/test_controllers/test_ordenes_controller.py::test_crear_orden_authenticated
ERROR tests/test_controllers/test_ordenes_controller.py::test_crear_orden_invalid_data
ERROR tests/test_controllers/test_ordenes_controller.py::test_buscar_ordenes_authenticated
ERROR tests/test_controllers/test_ordenes_controller.py::test_buscar_ordenes_malicious_input
ERROR tests/test_controllers/test_ordenes_controller.py::test_actualizar_orden_authenticated
ERROR tests/test_controllers/test_ordenes_controller.py::test_eliminar_orden_authenticated
ERROR tests/test_controllers/test_ordenes_controller.py::test_get_orden_by_id_authenticated
ERROR tests/test_controllers/test_ordenes_controller.py::test_cambiar_estado_orden_authenticated
ERROR tests/test_controllers/test_ordenes_controller.py::test_asignar_orden_authenticated
ERROR tests/test_controllers/test_usuarios_controller.py::test_get_usuarios_api_authenticated
ERROR tests/test_controllers/test_usuarios_controller.py::test_usuarios_page_authenticated
ERROR tests/test_controllers/test_usuarios_controller.py::test_crear_usuario_authenticated
ERROR tests/test_controllers/test_usuarios_controller.py::test_crear_usuario_invalid_data
ERROR tests/test_routes/test_activos_security.py::test_post_activos_payload_malicioso_400[fabricante-UNION SELECT]
ERROR tests/test_routes/test_activos_smoke.py::test_get_departamentos_authenticated
ERROR tests/test_routes/test_activos_smoke.py::test_get_siguiente_codigo_authenticated
ERROR tests/test_routes/test_calendario_estadisticas_mes.py::test_calendario_estadisticas_mes_success
ERROR tests/test_routes/test_core_endpoints_smoke.py::test_activos_api_authenticated
ERROR tests/test_routes/test_core_endpoints_smoke.py::test_inventario_api_authenticated
ERROR tests/test_routes/test_core_endpoints_smoke.py::test_proveedores_api_authenticated
ERROR tests/test_routes/test_estadisticas_controllers.py::test_dashboard_estadisticas_error_fallback_authenticated
ERROR tests/test_routes/test_estadisticas_controllers.py::test_ordenes_estadisticas_error_returns_500
ERROR tests/test_routes/test_estadisticas_controllers.py::test_planes_estadisticas_success_structure
ERROR tests/test_routes/test_estadisticas_controllers.py::test_planes_estadisticas_error_returns_500
ERROR tests/test_routes/test_estadisticas_controllers.py::test_inventario_estadisticas_error_returns_500
ERROR tests/test_routes/test_estadisticas_controllers.py::test_activos_estadisticas_error_returns_500
ERROR tests/test_routes/test_estadisticas_controllers.py::test_proveedores_estadisticas_error_returns_500
ERROR tests/test_routes/test_estadisticas_dashboard_routes_fallback.py::test_dashboard_estadisticas_fallback_on_error
ERROR tests/test_routes/test_estadisticas_dashboard_routes_fallback.py::test_dashboard_estadisticas_success_min_structure
ERROR tests/test_routes/test_estadisticas_routes.py::test_dashboard_estadisticas_authenticated
ERROR tests/test_routes/test_estadisticas_smoke.py::test_activos_estadisticas_authenticated
ERROR tests/test_routes/test_estadisticas_smoke.py::test_inventario_estadisticas_authenticated
ERROR tests/test_routes/test_estadisticas_smoke.py::test_planes_estadisticas_authenticated
ERROR tests/test_routes/test_estadisticas_smoke.py::test_proveedores_estadisticas_authenticated
ERROR tests/test_routes/test_estadisticas_success_routes.py::test_activos_estadisticas_success_structure
ERROR tests/test_routes/test_estadisticas_success_routes.py::test_proveedores_estadisticas_success_structure
ERROR tests/test_routes/test_inventario_smoke.py::test_inventario_list_alias_authenticated
ERROR tests/test_routes/test_inventario_smoke.py::test_inventario_articulos_authenticated
ERROR tests/test_routes/test_inventario_smoke.py::test_inventario_conteos_authenticated
ERROR tests/test_routes/test_inventario_smoke.py::test_inventario_conteos_resumen_authenticated
ERROR tests/test_routes/test_inventario_smoke.py::test_inventario_periodos_authenticated
ERROR tests/test_routes/test_login_logout_flow_light.py::test_login_get_authenticated_redirects
ERROR tests/test_routes/test_login_logout_flow_light.py::test_logout_authenticated_redirects_to_login
ERROR tests/test_routes/test_ordenes_basic.py::test_ordenes_page_authenticated_ok
ERROR tests/test_routes/test_ordenes_basic.py::test_listar_ordenes_api_basic
ERROR tests/test_routes/test_ordenes_basic.py::test_listar_ordenes_api_paginado
ERROR tests/test_routes/test_ordenes_basic.py::test_crear_actualizar_eliminar_orden_flow
ERROR tests/test_routes/test_ordenes_basic.py::test_actualizar_estado_invalido
ERROR tests/test_routes/test_ordenes_endpoints_smoke.py::test_get_activos_authenticated
ERROR tests/test_routes/test_ordenes_endpoints_smoke.py::test_get_tecnicos_authenticated
ERROR tests/test_routes/test_ordenes_endpoints_smoke.py::test_get_estadisticas_authenticated
ERROR tests/test_routes/test_ordenes_endpoints_smoke.py::test_exportar_csv_authenticated
ERROR tests/test_routes/test_ordenes_exports_files.py::test_exportar_csv - as...
ERROR tests/test_routes/test_ordenes_exports_files.py::test_estadisticas_ordenes
ERROR tests/test_routes/test_ordenes_exports_files.py::test_listar_archivos_orden_vacio
ERROR tests/test_routes/test_ordenes_exports_files.py::test_agregar_enlace_sin_url
ERROR tests/test_routes/test_ordenes_extra_smoke.py::test_get_activos_authenticated
ERROR tests/test_routes/test_ordenes_extra_smoke.py::test_get_tecnicos_authenticated
ERROR tests/test_routes/test_ordenes_extra_smoke.py::test_listar_ordenes_paginado_authenticated
ERROR tests/test_routes/test_ordenes_list_filters.py::test_listar_ordenes_paginado_authenticated
ERROR tests/test_routes/test_ordenes_list_filters.py::test_listar_ordenes_limit_authenticated
ERROR tests/test_routes/test_ordenes_more.py::test_listar_ordenes_con_filtros
ERROR tests/test_routes/test_ordenes_more.py::test_obtener_orden_404 - assert...
ERROR tests/test_routes/test_ordenes_more.py::test_actualizar_orden_campos_requeridos
ERROR tests/test_routes/test_ordenes_more.py::test_actualizar_orden_fecha_programada_invalida
ERROR tests/test_routes/test_ordenes_validations.py::test_crear_orden_missing_tipo_returns_400
ERROR tests/test_routes/test_ordenes_validations.py::test_crear_orden_missing_prioridad_returns_400
ERROR tests/test_routes/test_ordenes_validations.py::test_crear_orden_missing_descripcion_returns_400
ERROR tests/test_routes/test_ordenes_validations.py::test_actualizar_estado_missing_returns_400
ERROR tests/test_routes/test_ordenes_validations.py::test_eliminar_orden_completada_returns_400
ERROR tests/test_routes/test_pages_smoke.py::test_ordenes_page - assert 500 i...
ERROR tests/test_routes/test_pages_smoke.py::test_usuarios_page - assert 500 ...
ERROR tests/test_routes/test_pages_smoke.py::test_proveedores_page - assert 5...
ERROR tests/test_routes/test_pages_smoke.py::test_recambios_page - assert 500...
ERROR tests/test_routes/test_pages_smoke.py::test_planes_page - assert 500 in...
ERROR tests/test_routes/test_planes_smoke.py::test_planes_api_list_authenticated
ERROR tests/test_routes/test_planes_smoke.py::test_plan_individual_not_found_or_ok
ERROR tests/test_routes/test_planes_smoke.py::test_generar_ordenes_post_authenticated
ERROR tests/test_routes/test_planes_smoke.py::test_generar_ordenes_manual_authenticated
ERROR tests/test_routes/test_proveedores_smoke.py::test_toggle_proveedor_authenticated
ERROR tests/test_routes/test_solicitudes_admin_estadisticas.py::test_solicitudes_admin_estadisticas_admin_ok
ERROR tests/test_routes/test_stats_error_paths.py::test_activos_estadisticas_error_returns_500
ERROR tests/test_routes/test_stats_error_paths.py::test_inventario_estadisticas_error_returns_500
ERROR tests/test_routes/test_usuarios_filters.py::test_usuarios_api_filters_authenticated
ERROR tests/test_routes/test_usuarios_login.py::test_login_valid_returns_success
ERROR tests/test_routes/test_usuarios_login.py::test_usuarios_page_after_login
ERROR tests/test_routes/test_usuarios_login.py::test_usuarios_api_authenticated
ERROR tests/test_routes/test_usuarios_smoke.py::test_usuarios_list_authenticated
ERROR tests/test_routes/test_usuarios_smoke.py::test_usuarios_list_query_authenticated
ERROR tests/test_routes/test_usuarios_smoke.py::test_usuarios_roles_authenticated
ERROR tests/test_routes/test_usuarios_smoke.py::test_usuario_detalle_authenticated
ERROR tests/test_routes/test_web_basic.py::test_index_redirects_to_dashboard_authenticated
ERROR tests/test_routes/test_web_basic.py::test_get_notificaciones_authenticated
ERROR tests/test_routes/test_web_basic.py::test_dashboard_with_auth - assert ...
ERROR tests/test_routes/test_web_basic.py::test_logout_endpoint - assert 500 ...
ERROR tests/test_routes/test_web_smoke.py::test_index_redirect_authenticated
ERROR tests/test_routes/test_web_smoke.py::test_dashboard_authenticated - ass...
ERROR tests/test_routes/test_web_smoke.py::test_user_info_authenticated - ass...
======= 9 failed, 131 passed, 5 skipped, 1 warning, 98 errors in 9.69s ========
